Dataset:  CSI
Radom seed: 1234
GPU: 7
Learning rate: 0.001
Loss: MaskedMSELoss

---------- MLP ----------
{
    "epochs": 200,
    "lookback_length": 16,
    "steps": 1,
    "lr": 0.0001,
    "clip_grad": 3.0,
    "data_args": {
        "dataset": "CSI",
        "batch_size": 1,
        "shuffle_train": true,
        "n_jobs": 20,
        "valid_year": 2019,
        "test_year": 2020,
        "window": 16,
        "steps": 1
    },
    "early_stop": 20,
    "runner": "csi",
    "loss": "mse",
    "model_args": {
        "d_feat": 1,
        "seq_len": 16,
        "pred_len": 1,
        "d_model": 64,
        "dropout": 0.1
    }
}
Epoch 1, train_loss 0.017796, train_ic -0.042925, train_icir -0.301206, train_ric 0.044093, train_ricir 0.265677, valid_loss 0.0030734298 , valid_ic -0.021460, valid_icir -0.203130, valid_ric 0.049403, valid_ricir 0.437343, test_loss 0.003614, ic -0.042480, icir -0.328394, ric 0.019459, ricir 0.150578, prec@10 0.393827, prec@30 0.447325 
Epoch 2, train_loss 0.006892, train_ic -0.052379, train_icir -0.383519, train_ric 0.025502, train_ricir 0.160253, valid_loss 0.0012503680 , valid_ic -0.036129, valid_icir -0.388435, valid_ric 0.034133, valid_ricir 0.328279, test_loss 0.001696, ic -0.053322, icir -0.468282, ric 0.005260, ricir 0.043017, prec@10 0.399177, prec@30 0.437586 
Epoch 3, train_loss 0.006085, train_ic -0.051951, train_icir -0.396970, train_ric 0.014859, train_ricir 0.097884, valid_loss 0.0011839187 , valid_ic -0.041058, valid_icir -0.473203, valid_ric 0.023954, valid_ricir 0.248317, test_loss 0.001625, ic -0.054976, icir -0.541279, ric -0.001708, ricir -0.015246, prec@10 0.429218, prec@30 0.452538 
Epoch 4, train_loss 0.005781, train_ic -0.052576, train_icir -0.404212, train_ric 0.006895, train_ricir 0.045202, valid_loss 0.0023018804 , valid_ic -0.044586, valid_icir -0.530275, valid_ric 0.018523, valid_ricir 0.191173, test_loss 0.002709, ic -0.054672, icir -0.575946, ric -0.005670, ricir -0.051015, prec@10 0.433745, prec@30 0.447874 
Epoch 5, train_loss 0.005612, train_ic -0.054655, train_icir -0.413357, train_ric 0.016911, train_ricir 0.108754, valid_loss 0.0011072015 , valid_ic -0.043731, valid_icir -0.503023, valid_ric 0.028492, valid_ricir 0.279892, test_loss 0.001579, ic -0.054468, icir -0.561967, ric 0.001179, ricir 0.009956, prec@10 0.445679, prec@30 0.455830 
Epoch 6, train_loss 0.005469, train_ic -0.052606, train_icir -0.410788, train_ric 0.006057, train_ricir 0.039767, valid_loss 0.0015510399 , valid_ic -0.044535, valid_icir -0.559703, valid_ric 0.019007, valid_ricir 0.197910, test_loss 0.002083, ic -0.049119, icir -0.597096, ric -0.005596, ricir -0.051046, prec@10 0.513169, prec@30 0.498491 
Epoch 7, train_loss 0.005366, train_ic -0.051816, train_icir -0.399521, train_ric 0.015980, train_ricir 0.105178, valid_loss 0.0010519225 , valid_ic -0.042149, valid_icir -0.523499, valid_ric 0.024858, valid_ricir 0.259546, test_loss 0.001616, ic -0.047374, icir -0.564536, ric -0.000992, ricir -0.008920, prec@10 0.555144, prec@30 0.523045 
Epoch 8, train_loss 0.005233, train_ic -0.048260, train_icir -0.378210, train_ric 0.003572, train_ricir 0.023720, valid_loss 0.0012446104 , valid_ic -0.042215, valid_icir -0.552042, valid_ric 0.014826, valid_ricir 0.160363, test_loss 0.001828, ic -0.043530, icir -0.557418, ric -0.007519, ricir -0.069355, prec@10 0.465021, prec@30 0.462414 
Epoch 9, train_loss 0.005204, train_ic -0.053267, train_icir -0.403165, train_ric 0.015359, train_ricir 0.099614, valid_loss 0.0023052707 , valid_ic -0.041669, valid_icir -0.508332, valid_ric 0.025897, valid_ricir 0.269938, test_loss 0.002911, ic -0.045224, icir -0.531948, ric -0.000071, ricir -0.000632, prec@10 0.430864, prec@30 0.437311 
Epoch 10, train_loss 0.004988, train_ic -0.048124, train_icir -0.379707, train_ric 0.004385, train_ricir 0.029339, valid_loss 0.0010609604 , valid_ic -0.041752, valid_icir -0.540991, valid_ric 0.016794, valid_ricir 0.182022, test_loss 0.001589, ic -0.041386, icir -0.529293, ric -0.006685, ricir -0.062255, prec@10 0.425103, prec@30 0.418381 
Epoch 11, train_loss 0.005054, train_ic -0.043912, train_icir -0.343786, train_ric -0.000422, train_ricir -0.002814, valid_loss 0.0010022506 , valid_ic -0.039494, valid_icir -0.532490, valid_ric 0.009992, valid_ricir 0.111787, test_loss 0.001462, ic -0.040185, icir -0.507629, ric -0.009662, ricir -0.088909, prec@10 0.447737, prec@30 0.445130 
Epoch 12, train_loss 0.004977, train_ic -0.044407, train_icir -0.357706, train_ric 0.010382, train_ricir 0.071081, valid_loss 0.0011751126 , valid_ic -0.038365, valid_icir -0.496253, valid_ric 0.020250, valid_ricir 0.223468, test_loss 0.001552, ic -0.041592, icir -0.519105, ric -0.003962, ricir -0.037437, prec@10 0.432922, prec@30 0.425652 
Epoch 13, train_loss 0.004852, train_ic -0.040092, train_icir -0.326304, train_ric 0.011442, train_ricir 0.079301, valid_loss 0.0009033597 , valid_ic -0.033894, valid_icir -0.480531, valid_ric 0.018730, valid_ricir 0.210769, test_loss 0.001317, ic -0.036942, icir -0.511795, ric -0.003593, ricir -0.033736, prec@10 0.482716, prec@30 0.455556 
Epoch 14, train_loss 0.004799, train_ic -0.042994, train_icir -0.338606, train_ric 0.008384, train_ricir 0.056879, valid_loss 0.0014711575 , valid_ic -0.037294, valid_icir -0.491743, valid_ric 0.015667, valid_ricir 0.177427, test_loss 0.001764, ic -0.047022, icir -0.526750, ric -0.006097, ricir -0.055509, prec@10 0.436214, prec@30 0.443896 
Epoch 15, train_loss 0.004824, train_ic -0.036194, train_icir -0.298083, train_ric 0.011332, train_ricir 0.079795, valid_loss 0.0010654665 , valid_ic -0.029208, valid_icir -0.387759, valid_ric 0.017324, valid_ricir 0.193210, test_loss 0.001352, ic -0.036456, icir -0.432246, ric -0.004733, ricir -0.042674, prec@10 0.457613, prec@30 0.455693 
Epoch 16, train_loss 0.004659, train_ic -0.035135, train_icir -0.278612, train_ric 0.029617, train_ricir 0.201325, valid_loss 0.0009200350 , valid_ic -0.025280, valid_icir -0.323383, valid_ric 0.031679, valid_ricir 0.327226, test_loss 0.001297, ic -0.032987, icir -0.398251, ric 0.004548, ricir 0.040188, prec@10 0.511111, prec@30 0.496982 
Epoch 17, train_loss 0.004621, train_ic -0.037656, train_icir -0.311388, train_ric 0.006286, train_ricir 0.043574, valid_loss 0.0008372690 , valid_ic -0.030443, valid_icir -0.470801, valid_ric 0.013966, valid_ricir 0.160043, test_loss 0.001175, ic -0.033863, icir -0.463854, ric -0.008068, ricir -0.074086, prec@10 0.538683, prec@30 0.544033 
Epoch 18, train_loss 0.004592, train_ic -0.028820, train_icir -0.260930, train_ric 0.022581, train_ricir 0.159617, valid_loss 0.0010061609 , valid_ic -0.023413, valid_icir -0.403715, valid_ric 0.023208, valid_ricir 0.250674, test_loss 0.001477, ic -0.029274, icir -0.472702, ric -0.001205, ricir -0.010588, prec@10 0.631687, prec@30 0.589163 
Epoch 19, train_loss 0.004580, train_ic -0.023660, train_icir -0.193429, train_ric -0.001393, train_ricir -0.009787, valid_loss 0.0011594410 , valid_ic -0.023702, valid_icir -0.366201, valid_ric -0.000434, valid_ricir -0.005045, test_loss 0.001460, ic -0.027149, icir -0.342482, ric -0.012726, ricir -0.107944, prec@10 0.576132, prec@30 0.521125 
Epoch 20, train_loss 0.004472, train_ic -0.027318, train_icir -0.216114, train_ric -0.008198, train_ricir -0.054830, valid_loss 0.0008219448 , valid_ic -0.027419, valid_icir -0.442885, valid_ric -0.004250, valid_ricir -0.048504, test_loss 0.001124, ic -0.029370, icir -0.372415, ric -0.016603, ricir -0.142843, prec@10 0.592181, prec@30 0.548422 
Epoch 21, train_loss 0.004368, train_ic -0.042572, train_icir -0.332817, train_ric 0.019071, train_ricir 0.125580, valid_loss 0.0022452964 , valid_ic -0.023928, valid_icir -0.297685, valid_ric 0.029009, valid_ricir 0.299259, test_loss 0.002523, ic -0.031239, icir -0.365867, ric 0.004495, ricir 0.038238, prec@10 0.486420, prec@30 0.472977 
Epoch 22, train_loss 0.004357, train_ic -0.027369, train_icir -0.229369, train_ric 0.027280, train_ricir 0.187870, valid_loss 0.0009661362 , valid_ic -0.017924, valid_icir -0.254059, valid_ric 0.033861, valid_ricir 0.361843, test_loss 0.001238, ic -0.029130, icir -0.382427, ric 0.005580, ricir 0.050736, prec@10 0.618930, prec@30 0.562003 
Epoch 23, train_loss 0.004454, train_ic -0.008851, train_icir -0.074783, train_ric 0.002780, train_ricir 0.019486, valid_loss 0.0019636946 , valid_ic -0.017183, valid_icir -0.230541, valid_ric -0.002608, valid_ricir -0.026655, test_loss 0.002231, ic -0.026143, icir -0.269305, ric -0.012932, ricir -0.090882, prec@10 0.594650, prec@30 0.595199 
Epoch 24, train_loss 0.004293, train_ic -0.012317, train_icir -0.107372, train_ric 0.021785, train_ricir 0.163813, valid_loss 0.0008250854 , valid_ic -0.013831, valid_icir -0.188723, valid_ric 0.015187, valid_ricir 0.161479, test_loss 0.001098, ic -0.023651, icir -0.273366, ric -0.000928, ricir -0.007492, prec@10 0.586831, prec@30 0.550754 
Epoch 25, train_loss 0.004266, train_ic -0.020536, train_icir -0.190549, train_ric 0.009819, train_ricir 0.074551, valid_loss 0.0007907244 , valid_ic -0.018227, valid_icir -0.293937, valid_ric 0.010840, valid_ricir 0.129733, test_loss 0.001045, ic -0.023575, icir -0.334515, ric -0.006642, ricir -0.062009, prec@10 0.526749, prec@30 0.517695 
Epoch 26, train_loss 0.004232, train_ic -0.013451, train_icir -0.121884, train_ric 0.018930, train_ricir 0.142939, valid_loss 0.0008638746 , valid_ic -0.014435, valid_icir -0.208440, valid_ric 0.014754, valid_ricir 0.158676, test_loss 0.001124, ic -0.023863, icir -0.300937, ric -0.003375, ricir -0.027992, prec@10 0.623045, prec@30 0.581893 
Epoch 27, train_loss 0.004197, train_ic -0.012665, train_icir -0.103762, train_ric -0.006004, train_ricir -0.041625, valid_loss 0.0008033413 , valid_ic -0.019790, valid_icir -0.312434, valid_ric -0.009274, valid_ricir -0.103994, test_loss 0.001071, ic -0.021671, icir -0.269460, ric -0.016093, ricir -0.129924, prec@10 0.616872, prec@30 0.564883 
Epoch 28, train_loss 0.004161, train_ic -0.001823, train_icir -0.015665, train_ric -0.007138, train_ricir -0.047231, valid_loss 0.0015111224 , valid_ic -0.015722, valid_icir -0.242645, valid_ric -0.014278, valid_ricir -0.143918, test_loss 0.001799, ic -0.020977, icir -0.262672, ric -0.017972, ricir -0.125271, prec@10 0.641975, prec@30 0.592318 
Epoch 29, train_loss 0.004101, train_ic -0.014700, train_icir -0.139992, train_ric 0.018272, train_ricir 0.142720, valid_loss 0.0008673331 , valid_ic -0.012551, valid_icir -0.207891, valid_ric 0.015582, valid_ricir 0.191980, test_loss 0.001119, ic -0.019934, icir -0.298646, ric -0.002749, ricir -0.027059, prec@10 0.582716, prec@30 0.545130 
Epoch 30, train_loss 0.004146, train_ic -0.023430, train_icir -0.212630, train_ric 0.006195, train_ricir 0.045569, valid_loss 0.0012060175 , valid_ic -0.015566, valid_icir -0.301025, valid_ric 0.009949, valid_ricir 0.123660, test_loss 0.001484, ic -0.020452, icir -0.352424, ric -0.007413, ricir -0.076517, prec@10 0.623868, prec@30 0.571605 
Epoch 31, train_loss 0.004062, train_ic -0.001899, train_icir -0.016585, train_ric 0.010202, train_ricir 0.074197, valid_loss 0.0010761548 , valid_ic -0.013885, valid_icir -0.179681, valid_ric -0.000719, valid_ricir -0.007258, test_loss 0.001325, ic -0.023541, icir -0.232592, ric -0.010092, ricir -0.070690, prec@10 0.560082, prec@30 0.570508 
Epoch 32, train_loss 0.004029, train_ic 0.001798, train_icir 0.016572, train_ric 0.009947, train_ricir 0.075885, valid_loss 0.0010976100 , valid_ic -0.010096, valid_icir -0.151136, valid_ric 0.001764, valid_ricir 0.019332, test_loss 0.001339, ic -0.016888, icir -0.210702, ric -0.008240, ricir -0.066366, prec@10 0.611934, prec@30 0.579835 
Epoch 33, train_loss 0.004001, train_ic -0.002159, train_icir -0.021947, train_ric -0.016030, train_ricir -0.111473, valid_loss 0.0008767259 , valid_ic 0.001395, valid_icir 0.024920, valid_ric -0.018155, valid_ricir -0.207451, test_loss 0.001141, ic 0.007411, icir 0.128035, ric -0.016421, ricir -0.154525, prec@10 0.463374, prec@30 0.463100 
Epoch 34, train_loss 0.003993, train_ic -0.006810, train_icir -0.080475, train_ric 0.012762, train_ricir 0.100321, valid_loss 0.0011454818 , valid_ic 0.000495, valid_icir 0.010409, valid_ric 0.015026, valid_ricir 0.192893, test_loss 0.001400, ic -0.000648, icir -0.013019, ric -0.000573, ricir -0.006198, prec@10 0.498354, prec@30 0.493553 
Epoch 35, train_loss 0.003982, train_ic 0.008010, train_icir 0.066491, train_ric -0.009707, train_ricir -0.062250, valid_loss 0.0022510065 , valid_ic -0.012436, valid_icir -0.181988, valid_ric -0.021468, valid_ricir -0.207422, test_loss 0.002492, ic -0.017077, icir -0.197295, ric -0.018807, ricir -0.125400, prec@10 0.605761, prec@30 0.586694 
Epoch 36, train_loss 0.003934, train_ic 0.009053, train_icir 0.082212, train_ric 0.013719, train_ricir 0.104785, valid_loss 0.0014767094 , valid_ic -0.011230, valid_icir -0.170928, valid_ric -0.000653, valid_ricir -0.007029, test_loss 0.001731, ic -0.016793, icir -0.206294, ric -0.006727, ricir -0.051456, prec@10 0.631276, prec@30 0.582305 
Epoch 37, train_loss 0.003935, train_ic 0.002489, train_icir 0.021984, train_ric 0.020654, train_ricir 0.155526, valid_loss 0.0008277677 , valid_ic -0.014149, valid_icir -0.182462, valid_ric 0.006009, valid_ricir 0.059572, test_loss 0.001086, ic -0.024821, icir -0.253000, ric -0.004771, ricir -0.033761, prec@10 0.608642, prec@30 0.578052 
Epoch 38, train_loss 0.003869, train_ic 0.006290, train_icir 0.060408, train_ric -0.006039, train_ricir -0.039141, valid_loss 0.0018602323 , valid_ic -0.012816, valid_icir -0.205705, valid_ric -0.019822, valid_ricir -0.191843, test_loss 0.002170, ic -0.018666, icir -0.245031, ric -0.018289, ricir -0.120832, prec@10 0.611111, prec@30 0.589438 
Epoch 39, train_loss 0.003900, train_ic 0.004738, train_icir 0.048069, train_ric 0.019389, train_ricir 0.145044, valid_loss 0.0010710040 , valid_ic -0.013330, valid_icir -0.195892, valid_ric 0.003681, valid_ricir 0.036133, test_loss 0.001363, ic -0.022115, icir -0.269826, ric -0.006064, ricir -0.042315, prec@10 0.620576, prec@30 0.592867 
Epoch 40, train_loss 0.003826, train_ic 0.004591, train_icir 0.043836, train_ric 0.000935, train_ricir 0.006772, valid_loss 0.0008307648 , valid_ic -0.016431, valid_icir -0.283633, valid_ric -0.013254, valid_ricir -0.142723, test_loss 0.001119, ic -0.020064, icir -0.295411, ric -0.015087, ricir -0.114593, prec@10 0.635391, prec@30 0.594925 
Epoch 41, train_loss 0.003910, train_ic 0.001792, train_icir 0.017325, train_ric -0.010799, train_ricir -0.073600, valid_loss 0.0010082083 , valid_ic -0.018260, valid_icir -0.337065, valid_ric -0.022596, valid_ricir -0.246319, test_loss 0.001357, ic -0.021352, icir -0.345512, ric -0.020085, ricir -0.159214, prec@10 0.626337, prec@30 0.594376 
Epoch 42, train_loss 0.003844, train_ic 0.008718, train_icir 0.082593, train_ric 0.007496, train_ricir 0.052168, valid_loss 0.0009118419 , valid_ic -0.013997, valid_icir -0.211464, valid_ric -0.008352, valid_ricir -0.081652, test_loss 0.001230, ic -0.020736, icir -0.261977, ric -0.012617, ricir -0.084425, prec@10 0.626337, prec@30 0.595473 
Epoch 43, train_loss 0.003887, train_ic 0.012671, train_icir 0.102636, train_ric 0.005490, train_ricir 0.037704, valid_loss 0.0013108116 , valid_ic -0.012247, valid_icir -0.166746, valid_ric -0.011750, valid_ricir -0.115796, test_loss 0.001586, ic -0.016186, icir -0.169934, ric -0.012684, ricir -0.083416, prec@10 0.643210, prec@30 0.591632 
Epoch 44, train_loss 0.003883, train_ic 0.008060, train_icir 0.078724, train_ric 0.019913, train_ricir 0.152802, valid_loss 0.0008271629 , valid_ic -0.013501, valid_icir -0.216518, valid_ric 0.002394, valid_ricir 0.024729, test_loss 0.001113, ic -0.020041, icir -0.270795, ric -0.005596, ricir -0.040650, prec@10 0.639506, prec@30 0.595473 
Epoch 45, train_loss 0.003867, train_ic 0.012013, train_icir 0.118091, train_ric 0.008799, train_ricir 0.063310, valid_loss 0.0008666071 , valid_ic -0.012230, valid_icir -0.189118, valid_ric -0.006496, valid_ricir -0.065080, test_loss 0.001155, ic -0.019230, icir -0.248580, ric -0.010000, ricir -0.070821, prec@10 0.620165, prec@30 0.588889 
Early stopping -----
Epoch 46, train_loss 0.003880, train_ic 0.008829, train_icir 0.084332, train_ric 0.028104, train_ricir 0.204478, valid_loss 0.0008704219 , valid_ic -0.010447, valid_icir -0.156754, valid_ric 0.017490, valid_ricir 0.176880, test_loss 0.001144, ic -0.019966, icir -0.255607, ric 0.004595, ricir 0.036521, prec@10 0.616049, prec@30 0.589712 
Epoch 47, train_loss 0.003842, train_ic 0.006768, train_icir 0.069937, train_ric -0.007406, train_ricir -0.056473, valid_loss 0.0008594829 , valid_ic -0.012920, valid_icir -0.279396, valid_ric -0.018998, valid_ricir -0.234404, test_loss 0.001128, ic -0.014335, icir -0.289871, ric -0.017631, ricir -0.170625, prec@10 0.633745, prec@30 0.583676 
Epoch 48, train_loss 0.003807, train_ic 0.008185, train_icir 0.080578, train_ric 0.023711, train_ricir 0.187942, valid_loss 0.0008349757 , valid_ic -0.014587, valid_icir -0.241012, valid_ric 0.008732, valid_ricir 0.097260, test_loss 0.001106, ic -0.021260, icir -0.305064, ric -0.001237, ricir -0.010139, prec@10 0.622222, prec@30 0.589849 
Epoch 49, train_loss 0.003814, train_ic 0.014241, train_icir 0.121691, train_ric 0.014061, train_ricir 0.097956, valid_loss 0.0013536802 , valid_ic -0.011736, valid_icir -0.154473, valid_ric -0.005154, valid_ricir -0.048409, test_loss 0.001630, ic -0.019169, icir -0.202687, ric -0.009741, ricir -0.063044, prec@10 0.635391, prec@30 0.593553 
Epoch 50, train_loss 0.003814, train_ic 0.009585, train_icir 0.118678, train_ric 0.005926, train_ricir 0.039734, valid_loss 0.0024411089 , valid_ic -0.010633, valid_icir -0.179189, valid_ric -0.012767, valid_ricir -0.120916, test_loss 0.002931, ic -0.017353, icir -0.242186, ric -0.012915, ricir -0.083983, prec@10 0.620165, prec@30 0.590261 
Epoch 51, train_loss 0.003842, train_ic -0.010117, train_icir -0.084464, train_ric 0.045248, train_ricir 0.292493, valid_loss 0.0056781303 , valid_ic -0.003774, valid_icir -0.072240, valid_ric 0.042993, valid_ricir 0.453373, test_loss 0.005974, ic -0.013518, icir -0.214162, ric 0.021268, ricir 0.184874, prec@10 0.589712, prec@30 0.549520 
Epoch 52, train_loss 0.003813, train_ic 0.012778, train_icir 0.108102, train_ric 0.011603, train_ricir 0.082417, valid_loss 0.0010770757 , valid_ic -0.013574, valid_icir -0.187054, valid_ric -0.007703, valid_ricir -0.076376, test_loss 0.001351, ic -0.019210, icir -0.210166, ric -0.010831, ricir -0.072389, prec@10 0.641152, prec@30 0.594102 
Epoch 53, train_loss 0.003778, train_ic 0.013560, train_icir 0.121906, train_ric -0.003170, train_ricir -0.023151, valid_loss 0.0017095763 , valid_ic -0.007503, valid_icir -0.141719, valid_ric -0.019413, valid_ricir -0.238116, test_loss 0.001976, ic -0.006949, icir -0.099129, ric -0.015389, ricir -0.128371, prec@10 0.643621, prec@30 0.581481 
Epoch 54, train_loss 0.003781, train_ic 0.013233, train_icir 0.137001, train_ric 0.016815, train_ricir 0.118053, valid_loss 0.0021414757 , valid_ic -0.010109, valid_icir -0.150823, valid_ric -0.002509, valid_ricir -0.023397, test_loss 0.002477, ic -0.017673, icir -0.213082, ric -0.006925, ricir -0.045334, prec@10 0.626337, prec@30 0.592730 
Epoch 55, train_loss 0.003756, train_ic 0.010613, train_icir 0.113189, train_ric 0.015281, train_ricir 0.114549, valid_loss 0.0008789429 , valid_ic -0.012805, valid_icir -0.203822, valid_ric -0.003423, valid_ricir -0.035634, test_loss 0.001170, ic -0.019792, icir -0.263994, ric -0.008739, ricir -0.063697, prec@10 0.627160, prec@30 0.592867 
Epoch 56, train_loss 0.003807, train_ic 0.010356, train_icir 0.091523, train_ric 0.009456, train_ricir 0.066667, valid_loss 0.0009369825 , valid_ic -0.014466, valid_icir -0.208601, valid_ric -0.009611, valid_ricir -0.095943, test_loss 0.001217, ic -0.020428, icir -0.239082, ric -0.012483, ricir -0.084174, prec@10 0.639918, prec@30 0.593278 
Epoch 57, train_loss 0.003750, train_ic 0.010988, train_icir 0.098027, train_ric 0.020211, train_ricir 0.143163, valid_loss 0.0016977407 , valid_ic -0.009947, valid_icir -0.124016, valid_ric 0.000937, valid_ricir 0.008568, test_loss 0.002008, ic -0.019229, icir -0.184112, ric -0.006284, ricir -0.040077, prec@10 0.625514, prec@30 0.591632 
Epoch 58, train_loss 0.003749, train_ic 0.015072, train_icir 0.134663, train_ric 0.017947, train_ricir 0.128737, valid_loss 0.0009483479 , valid_ic -0.011267, valid_icir -0.154991, valid_ric -0.002004, valid_ricir -0.019117, test_loss 0.001219, ic -0.018871, icir -0.211710, ric -0.007284, ricir -0.048313, prec@10 0.643210, prec@30 0.594239 
Epoch 59, train_loss 0.003841, train_ic 0.014514, train_icir 0.127820, train_ric 0.012554, train_ricir 0.085255, valid_loss 0.0016125437 , valid_ic -0.011357, valid_icir -0.151356, valid_ric -0.007394, valid_ricir -0.068637, test_loss 0.001896, ic -0.018376, icir -0.193388, ric -0.010035, ricir -0.063126, prec@10 0.632922, prec@30 0.593141 
Epoch 60, train_loss 0.003803, train_ic 0.000778, train_icir 0.008403, train_ric 0.028960, train_ricir 0.196996, valid_loss 0.0021983698 , valid_ic 0.005522, valid_icir 0.112680, valid_ric 0.031628, valid_ricir 0.361958, test_loss 0.002448, ic 0.003583, icir 0.057226, ric 0.019153, ricir 0.161420, prec@10 0.495885, prec@30 0.506173 
Epoch 61, train_loss 0.003696, train_ic 0.015597, train_icir 0.141218, train_ric -0.021595, train_ricir -0.131235, valid_loss 0.0011264684 , valid_ic -0.012015, valid_icir -0.207645, valid_ric -0.037832, valid_ricir -0.358014, test_loss 0.001454, ic -0.014767, icir -0.214623, ric -0.022510, ricir -0.156011, prec@10 0.645267, prec@30 0.595885 
Epoch 62, train_loss 0.003746, train_ic 0.015830, train_icir 0.171424, train_ric -0.001052, train_ricir -0.008713, valid_loss 0.0010284107 , valid_ic -0.009764, valid_icir -0.211400, valid_ric -0.008085, valid_ricir -0.119448, test_loss 0.001303, ic -0.012992, icir -0.245441, ric -0.003770, ricir -0.042900, prec@10 0.640329, prec@30 0.594513 
Epoch 63, train_loss 0.003736, train_ic 0.019467, train_icir 0.162823, train_ric 0.010199, train_ricir 0.070219, valid_loss 0.0008927183 , valid_ic -0.011157, valid_icir -0.153474, valid_ric -0.010570, valid_ricir -0.102788, test_loss 0.001149, ic -0.016680, icir -0.185359, ric -0.011349, ricir -0.075402, prec@10 0.643621, prec@30 0.594925 
Epoch 64, train_loss 0.003842, train_ic 0.014180, train_icir 0.155324, train_ric 0.021056, train_ricir 0.166735, valid_loss 0.0009502504 , valid_ic -0.011978, valid_icir -0.210017, valid_ric 0.002428, valid_ricir 0.027650, test_loss 0.001260, ic -0.018147, icir -0.274279, ric -0.002188, ricir -0.017588, prec@10 0.636214, prec@30 0.594376 
Epoch 65, train_loss 0.003664, train_ic 0.022235, train_icir 0.200032, train_ric 0.006228, train_ricir 0.043481, valid_loss 0.0008720514 , valid_ic -0.010700, valid_icir -0.172526, valid_ric -0.015719, valid_ricir -0.162638, test_loss 0.001137, ic -0.014821, icir -0.201251, ric -0.011517, ricir -0.082263, prec@10 0.645267, prec@30 0.596845 
Epoch 66, train_loss 0.003737, train_ic 0.018806, train_icir 0.178943, train_ric 0.023255, train_ricir 0.171343, valid_loss 0.0008613587 , valid_ic -0.010285, valid_icir -0.151088, valid_ric 0.000113, valid_ricir 0.001111, test_loss 0.001134, ic -0.017577, icir -0.216812, ric -0.003462, ricir -0.023987, prec@10 0.637860, prec@30 0.594513 
Epoch 67, train_loss 0.003697, train_ic 0.020225, train_icir 0.205465, train_ric -0.001050, train_ricir -0.008178, valid_loss 0.0009312533 , valid_ic -0.009087, valid_icir -0.188331, valid_ric -0.012651, valid_ricir -0.170698, test_loss 0.001214, ic -0.011944, icir -0.217254, ric -0.006261, ricir -0.063606, prec@10 0.645679, prec@30 0.596022 
Epoch 68, train_loss 0.003698, train_ic 0.020106, train_icir 0.185735, train_ric 0.016593, train_ricir 0.118648, valid_loss 0.0009329025 , valid_ic -0.009266, valid_icir -0.133761, valid_ric -0.006488, valid_ricir -0.064308, test_loss 0.001184, ic -0.015819, icir -0.186718, ric -0.007490, ricir -0.051547, prec@10 0.643210, prec@30 0.595199 
Epoch 69, train_loss 0.003796, train_ic 0.017172, train_icir 0.161895, train_ric -0.017489, train_ricir -0.130280, valid_loss 0.0008565851 , valid_ic -0.012641, valid_icir -0.261083, valid_ric -0.026972, valid_ricir -0.334768, test_loss 0.001144, ic -0.013261, icir -0.250338, ric -0.014627, ricir -0.149218, prec@10 0.638272, prec@30 0.595199 
Epoch 70, train_loss 0.003693, train_ic 0.022571, train_icir 0.180756, train_ric -0.012212, train_ricir -0.076937, valid_loss 0.0009356393 , valid_ic -0.012151, valid_icir -0.189706, valid_ric -0.031057, valid_ricir -0.301603, test_loss 0.001203, ic -0.013596, icir -0.182863, ric -0.018712, ricir -0.129844, prec@10 0.640741, prec@30 0.595473 
Epoch 71, train_loss 0.003702, train_ic 0.009912, train_icir 0.146659, train_ric 0.002234, train_ricir 0.018320, valid_loss 0.0010718517 , valid_ic 0.006452, valid_icir 0.135746, valid_ric -0.016024, valid_ricir -0.233253, test_loss 0.001321, ic 0.010341, icir 0.172354, ric -0.004133, ricir -0.045472, prec@10 0.535391, prec@30 0.512620 
Epoch 72, train_loss 0.003752, train_ic 0.010410, train_icir 0.094951, train_ric 0.037269, train_ricir 0.275143, valid_loss 0.0015491982 , valid_ic -0.007822, valid_icir -0.143877, valid_ric 0.024595, valid_ricir 0.291971, test_loss 0.001864, ic -0.015502, icir -0.253753, ric 0.013528, ricir 0.123872, prec@10 0.641564, prec@30 0.594376 
Epoch 73, train_loss 0.003736, train_ic 0.014487, train_icir 0.154472, train_ric -0.005761, train_ricir -0.037160, valid_loss 0.0013745540 , valid_ic -0.009894, valid_icir -0.166798, valid_ric -0.027257, valid_ricir -0.266781, test_loss 0.001665, ic -0.014944, icir -0.201131, ric -0.016795, ricir -0.114518, prec@10 0.631276, prec@30 0.592593 
Epoch 74, train_loss 0.003726, train_ic 0.016757, train_icir 0.165486, train_ric 0.027668, train_ricir 0.232046, valid_loss 0.0009553407 , valid_ic -0.002909, valid_icir -0.048768, valid_ric 0.005805, valid_ricir 0.072720, test_loss 0.001205, ic -0.010533, icir -0.140266, ric 0.001453, ricir 0.012992, prec@10 0.652263, prec@30 0.592593 
Epoch 75, train_loss 0.003699, train_ic 0.014968, train_icir 0.153643, train_ric -0.002355, train_ricir -0.019430, valid_loss 0.0011911835 , valid_ic -0.008201, valid_icir -0.189145, valid_ric -0.005913, valid_ricir -0.079137, test_loss 0.001485, ic -0.009856, icir -0.216008, ric 0.000577, ricir 0.006173, prec@10 0.637449, prec@30 0.595473 
Epoch 76, train_loss 0.003757, train_ic 0.005328, train_icir 0.049961, train_ric 0.018557, train_ricir 0.138029, valid_loss 0.0023946583 , valid_ic -0.007730, valid_icir -0.155268, valid_ric 0.019139, valid_ricir 0.251560, test_loss 0.002753, ic -0.013884, icir -0.254516, ric 0.014337, ricir 0.134537, prec@10 0.639095, prec@30 0.593278 
Epoch 77, train_loss 0.003753, train_ic 0.014510, train_icir 0.146449, train_ric 0.001657, train_ricir 0.010984, valid_loss 0.0009673480 , valid_ic -0.010738, valid_icir -0.170464, valid_ric -0.020056, valid_ricir -0.197790, test_loss 0.001256, ic -0.016431, icir -0.207111, ric -0.014820, ricir -0.100040, prec@10 0.618519, prec@30 0.588889 
Epoch 78, train_loss 0.003711, train_ic 0.021553, train_icir 0.182859, train_ric 0.014866, train_ricir 0.109891, valid_loss 0.0020508604 , valid_ic -0.004843, valid_icir -0.065489, valid_ric -0.008528, valid_ricir -0.090803, test_loss 0.002310, ic -0.009236, icir -0.093534, ric -0.007971, ricir -0.056630, prec@10 0.652675, prec@30 0.594650 
Epoch 79, train_loss 0.003820, train_ic 0.018445, train_icir 0.191051, train_ric 0.021275, train_ricir 0.171456, valid_loss 0.0010610762 , valid_ic -0.010911, valid_icir -0.208029, valid_ric -0.000345, valid_ricir -0.004147, test_loss 0.001380, ic -0.015769, icir -0.259813, ric -0.001865, ricir -0.015633, prec@10 0.646502, prec@30 0.595473 
Epoch 80, train_loss 0.003683, train_ic 0.020064, train_icir 0.162412, train_ric 0.008910, train_ricir 0.060288, valid_loss 0.0010177969 , valid_ic -0.011802, valid_icir -0.159531, valid_ric -0.013201, valid_ricir -0.127326, test_loss 0.001277, ic -0.016306, icir -0.180151, ric -0.011890, ricir -0.077880, prec@10 0.642798, prec@30 0.594650 
Epoch 81, train_loss 0.003701, train_ic 0.018864, train_icir 0.166671, train_ric 0.013995, train_ricir 0.097925, valid_loss 0.0009057885 , valid_ic -0.011010, valid_icir -0.160116, valid_ric -0.009401, valid_ricir -0.092700, test_loss 0.001177, ic -0.016655, icir -0.200393, ric -0.009498, ricir -0.063914, prec@10 0.646914, prec@30 0.596845 
Epoch 82, train_loss 0.003782, train_ic 0.011908, train_icir 0.119051, train_ric 0.029688, train_ricir 0.219949, valid_loss 0.0009762301 , valid_ic -0.010427, valid_icir -0.150053, valid_ric 0.007949, valid_ricir 0.076728, test_loss 0.001292, ic -0.019085, icir -0.224143, ric -0.000207, ricir -0.001434, prec@10 0.637449, prec@30 0.592730 
Epoch 83, train_loss 0.003776, train_ic 0.017258, train_icir 0.169926, train_ric 0.025404, train_ricir 0.187077, valid_loss 0.0009099692 , valid_ic -0.010022, valid_icir -0.146914, valid_ric 0.001461, valid_ricir 0.014323, test_loss 0.001198, ic -0.017563, icir -0.213645, ric -0.002406, ricir -0.016595, prec@10 0.640329, prec@30 0.593553 
Epoch 84, train_loss 0.003693, train_ic 0.016603, train_icir 0.182307, train_ric 0.000724, train_ricir 0.006171, valid_loss 0.0011379134 , valid_ic -0.009881, valid_icir -0.229439, valid_ric -0.005436, valid_ricir -0.083024, test_loss 0.001445, ic -0.012656, icir -0.271465, ric 0.000639, ricir 0.007644, prec@10 0.641152, prec@30 0.593964 
Epoch 85, train_loss 0.003700, train_ic 0.020472, train_icir 0.173731, train_ric -0.011593, train_ricir -0.075849, valid_loss 0.0008492410 , valid_ic -0.011937, valid_icir -0.189020, valid_ric -0.033090, valid_ricir -0.348440, test_loss 0.001103, ic -0.013937, icir -0.182775, ric -0.017969, ricir -0.138310, prec@10 0.627572, prec@30 0.589986 
Epoch 86, train_loss 0.003736, train_ic 0.021494, train_icir 0.203232, train_ric 0.025354, train_ricir 0.193344, valid_loss 0.0008306661 , valid_ic -0.008263, valid_icir -0.123823, valid_ric 0.003461, valid_ricir 0.036569, test_loss 0.001088, ic -0.015692, icir -0.194879, ric 0.000479, ricir 0.003625, prec@10 0.637860, prec@30 0.595336 
Epoch 87, train_loss 0.003752, train_ic 0.018931, train_icir 0.196934, train_ric -0.000537, train_ricir -0.004390, valid_loss 0.0014439151 , valid_ic -0.009454, valid_icir -0.217313, valid_ric -0.014142, valid_ricir -0.197128, test_loss 0.001736, ic -0.011186, icir -0.230439, ric -0.004775, ricir -0.051815, prec@10 0.645679, prec@30 0.595062 
Epoch 88, train_loss 0.003672, train_ic 0.022580, train_icir 0.207176, train_ric 0.007506, train_ricir 0.052059, valid_loss 0.0008422186 , valid_ic -0.010362, valid_icir -0.164752, valid_ric -0.016027, valid_ricir -0.164254, test_loss 0.001120, ic -0.014912, icir -0.200584, ric -0.010090, ricir -0.072082, prec@10 0.645679, prec@30 0.594513 
Epoch 89, train_loss 0.003699, train_ic 0.006363, train_icir 0.063374, train_ric 0.004663, train_ricir 0.033862, valid_loss 0.0021151992 , valid_ic 0.001352, valid_icir 0.026170, valid_ric 0.006886, valid_ricir 0.072031, test_loss 0.002444, ic -0.001111, icir -0.016926, ric 0.009662, ricir 0.073152, prec@10 0.651029, prec@30 0.588889 
Epoch 90, train_loss 0.003691, train_ic 0.027048, train_icir 0.240014, train_ric -0.000858, train_ricir -0.006276, valid_loss 0.0008237656 , valid_ic -0.008462, valid_icir -0.157428, valid_ric -0.023830, valid_ricir -0.293809, test_loss 0.001085, ic -0.009162, icir -0.145742, ric -0.012257, ricir -0.106650, prec@10 0.649794, prec@30 0.598080 
Epoch 91, train_loss 0.003698, train_ic 0.018395, train_icir 0.214695, train_ric 0.016068, train_ricir 0.137088, valid_loss 0.0011303126 , valid_ic -0.011014, valid_icir -0.212521, valid_ric -0.000130, valid_ricir -0.002086, test_loss 0.001428, ic -0.016565, icir -0.279651, ric 0.004321, ricir 0.046305, prec@10 0.625926, prec@30 0.589300 
Epoch 92, train_loss 0.003705, train_ic 0.024668, train_icir 0.208961, train_ric -0.002054, train_ricir -0.013378, valid_loss 0.0009925514 , valid_ic -0.011509, valid_icir -0.188830, valid_ric -0.023737, valid_ricir -0.238303, test_loss 0.001293, ic -0.014690, icir -0.210647, ric -0.014523, ricir -0.101493, prec@10 0.642798, prec@30 0.592867 
Epoch 93, train_loss 0.003714, train_ic 0.017902, train_icir 0.180873, train_ric 0.016884, train_ricir 0.119730, valid_loss 0.0009449821 , valid_ic -0.010347, valid_icir -0.161985, valid_ric -0.006744, valid_ricir -0.067313, test_loss 0.001279, ic -0.016656, icir -0.215979, ric -0.007164, ricir -0.049588, prec@10 0.642798, prec@30 0.593827 
Epoch 94, train_loss 0.003706, train_ic 0.022595, train_icir 0.230286, train_ric 0.014342, train_ricir 0.105611, valid_loss 0.0008530065 , valid_ic -0.007279, valid_icir -0.115021, valid_ric -0.005079, valid_ricir -0.055438, test_loss 0.001114, ic -0.014261, icir -0.185212, ric -0.002380, ricir -0.018886, prec@10 0.624280, prec@30 0.590123 
Epoch 95, train_loss 0.003688, train_ic 0.024628, train_icir 0.225028, train_ric 0.021504, train_ricir 0.171079, valid_loss 0.0007944779 , valid_ic -0.006382, valid_icir -0.099570, valid_ric -0.003109, valid_ricir -0.037022, test_loss 0.001040, ic -0.012472, icir -0.155244, ric -0.003934, ricir -0.031731, prec@10 0.641564, prec@30 0.594102 
Epoch 96, train_loss 0.003706, train_ic 0.022756, train_icir 0.212107, train_ric 0.001248, train_ricir 0.008525, valid_loss 0.0009764723 , valid_ic -0.011387, valid_icir -0.189192, valid_ric -0.020736, valid_ricir -0.220900, test_loss 0.001284, ic -0.015977, icir -0.229365, ric -0.012509, ricir -0.093548, prec@10 0.632510, prec@30 0.590947 
Epoch 97, train_loss 0.003719, train_ic 0.020170, train_icir 0.196878, train_ric 0.028605, train_ricir 0.215291, valid_loss 0.0010591607 , valid_ic -0.008814, valid_icir -0.138936, valid_ric 0.009920, valid_ricir 0.105454, test_loss 0.001370, ic -0.016651, icir -0.227595, ric 0.005261, ricir 0.041533, prec@10 0.631687, prec@30 0.591770 
Epoch 98, train_loss 0.003738, train_ic 0.024312, train_icir 0.205360, train_ric 0.021909, train_ricir 0.158989, valid_loss 0.0008034527 , valid_ic -0.007729, valid_icir -0.103142, valid_ric -0.002555, valid_ricir -0.025299, test_loss 0.001053, ic -0.014729, icir -0.158694, ric -0.004821, ricir -0.033160, prec@10 0.644444, prec@30 0.593964 
Epoch 99, train_loss 0.003678, train_ic 0.027008, train_icir 0.269535, train_ric -0.002022, train_ricir -0.016077, valid_loss 0.0007953129 , valid_ic -0.003468, valid_icir -0.069332, valid_ric -0.009561, valid_ricir -0.143676, test_loss 0.001043, ic -0.006732, icir -0.118584, ric -0.001614, ricir -0.019559, prec@10 0.640741, prec@30 0.593553 
Epoch 100, train_loss 0.003662, train_ic 0.023124, train_icir 0.229628, train_ric -0.001410, train_ricir -0.009628, valid_loss 0.0009470680 , valid_ic -0.009052, valid_icir -0.155253, valid_ric -0.021496, valid_ricir -0.230400, test_loss 0.001263, ic -0.013841, icir -0.202769, ric -0.010684, ricir -0.082440, prec@10 0.645267, prec@30 0.594102 
Epoch 101, train_loss 0.003780, train_ic 0.025721, train_icir 0.251878, train_ric 0.013796, train_ricir 0.103470, valid_loss 0.0008387719 , valid_ic -0.008941, valid_icir -0.151510, valid_ric -0.009093, valid_ricir -0.103956, test_loss 0.001114, ic -0.014203, icir -0.208522, ric -0.003684, ricir -0.029870, prec@10 0.642798, prec@30 0.593278 
Epoch 102, train_loss 0.003698, train_ic 0.021273, train_icir 0.176297, train_ric 0.018497, train_ricir 0.126321, valid_loss 0.0013720116 , valid_ic -0.008353, valid_icir -0.103748, valid_ric -0.004897, valid_ricir -0.045176, test_loss 0.001641, ic -0.015964, icir -0.155273, ric -0.006847, ricir -0.043607, prec@10 0.639506, prec@30 0.593416 
Epoch 103, train_loss 0.003770, train_ic 0.023024, train_icir 0.181527, train_ric -0.006054, train_ricir -0.037352, valid_loss 0.0022099457 , valid_ic -0.009718, valid_icir -0.134600, valid_ric -0.025760, valid_ricir -0.237915, test_loss 0.002476, ic -0.012876, icir -0.144542, ric -0.017068, ricir -0.108197, prec@10 0.647325, prec@30 0.595748 
Epoch 104, train_loss 0.003723, train_ic 0.019211, train_icir 0.179706, train_ric 0.017971, train_ricir 0.123716, valid_loss 0.0011335478 , valid_ic -0.009307, valid_icir -0.133874, valid_ric -0.006202, valid_ricir -0.058560, test_loss 0.001442, ic -0.015844, icir -0.184693, ric -0.006772, ricir -0.044296, prec@10 0.646091, prec@30 0.594239 
Epoch 105, train_loss 0.003714, train_ic 0.024131, train_icir 0.246166, train_ric 0.013024, train_ricir 0.096144, valid_loss 0.0008444011 , valid_ic -0.008077, valid_icir -0.132797, valid_ric -0.010640, valid_ricir -0.117006, test_loss 0.001117, ic -0.013807, icir -0.190674, ric -0.003267, ricir -0.025900, prec@10 0.641975, prec@30 0.594239 
Epoch 106, train_loss 0.003676, train_ic 0.025222, train_icir 0.210124, train_ric 0.005309, train_ricir 0.035019, valid_loss 0.0008772302 , valid_ic -0.008699, valid_icir -0.126773, valid_ric -0.017005, valid_ricir -0.165529, test_loss 0.001144, ic -0.013245, icir -0.159067, ric -0.011902, ricir -0.080212, prec@10 0.651029, prec@30 0.597257 
Epoch 107, train_loss 0.003778, train_ic 0.016482, train_icir 0.203896, train_ric 0.027635, train_ricir 0.243961, valid_loss 0.0009606581 , valid_ic 0.006274, valid_icir 0.201806, valid_ric 0.008177, valid_ricir 0.128846, test_loss 0.001186, ic 0.004100, icir 0.122185, ric 0.005913, ricir 0.070392, prec@10 0.588889, prec@30 0.548697 
Epoch 108, train_loss 0.003694, train_ic 0.016729, train_icir 0.171045, train_ric 0.015005, train_ricir 0.104374, valid_loss 0.0010512990 , valid_ic -0.010866, valid_icir -0.169096, valid_ric -0.009561, valid_ricir -0.094807, test_loss 0.001401, ic -0.017078, icir -0.220234, ric -0.008295, ricir -0.056480, prec@10 0.634156, prec@30 0.591770 
Epoch 109, train_loss 0.003725, train_ic 0.024590, train_icir 0.229758, train_ric 0.019125, train_ricir 0.138243, valid_loss 0.0008490223 , valid_ic -0.007592, valid_icir -0.113293, valid_ric -0.005652, valid_ricir -0.057870, test_loss 0.001116, ic -0.014064, icir -0.173841, ric -0.004094, ricir -0.029594, prec@10 0.645267, prec@30 0.594102 
Epoch 110, train_loss 0.003680, train_ic 0.026694, train_icir 0.214307, train_ric 0.006032, train_ricir 0.040854, valid_loss 0.0008140138 , valid_ic -0.009785, valid_icir -0.145266, valid_ric -0.017594, valid_ricir -0.178601, test_loss 0.001084, ic -0.012811, icir -0.162091, ric -0.012246, ricir -0.085425, prec@10 0.646914, prec@30 0.594925 
Epoch 111, train_loss 0.003690, train_ic 0.028127, train_icir 0.262157, train_ric -0.000629, train_ricir -0.004374, valid_loss 0.0008567053 , valid_ic -0.006940, valid_icir -0.113368, valid_ric -0.019036, valid_ricir -0.211496, test_loss 0.001119, ic -0.011925, icir -0.165292, ric -0.008937, ricir -0.072382, prec@10 0.638272, prec@30 0.593690 
Epoch 112, train_loss 0.003696, train_ic 0.020837, train_icir 0.178346, train_ric 0.027899, train_ricir 0.204724, valid_loss 0.0009023876 , valid_ic -0.007507, valid_icir -0.099748, valid_ric 0.004018, valid_ricir 0.038742, test_loss 0.001174, ic -0.015942, icir -0.172628, ric -0.001005, ricir -0.006877, prec@10 0.649794, prec@30 0.595336 
Epoch 113, train_loss 0.003693, train_ic 0.022455, train_icir 0.255234, train_ric 0.022852, train_ricir 0.199799, valid_loss 0.0008316626 , valid_ic 0.001717, valid_icir 0.043882, valid_ric 0.000662, valid_ricir 0.009907, test_loss 0.001072, ic -0.002058, icir -0.042596, ric 0.000701, ricir 0.007485, prec@10 0.653498, prec@30 0.586968 
Epoch 114, train_loss 0.003658, train_ic 0.021910, train_icir 0.211521, train_ric -0.005678, train_ricir -0.043561, valid_loss 0.0012867193 , valid_ic -0.002574, valid_icir -0.054218, valid_ric -0.013624, valid_ricir -0.163034, test_loss 0.001570, ic -0.003441, icir -0.065178, ric -0.002075, ricir -0.020605, prec@10 0.644444, prec@30 0.596982 
Epoch 115, train_loss 0.003679, train_ic 0.025909, train_icir 0.210346, train_ric -0.008417, train_ricir -0.051543, valid_loss 0.0016477643 , valid_ic -0.008544, valid_icir -0.129952, valid_ric -0.028350, valid_ricir -0.263956, test_loss 0.001939, ic -0.011645, icir -0.147412, ric -0.016503, ricir -0.107451, prec@10 0.653086, prec@30 0.596571 
Epoch 116, train_loss 0.003705, train_ic 0.027310, train_icir 0.220653, train_ric 0.011568, train_ricir 0.076370, valid_loss 0.0012511021 , valid_ic -0.007088, valid_icir -0.093935, valid_ric -0.011849, valid_ricir -0.111639, test_loss 0.001505, ic -0.012683, icir -0.134674, ric -0.009070, ricir -0.058728, prec@10 0.648148, prec@30 0.596708 
Epoch 117, train_loss 0.003728, train_ic 0.030378, train_icir 0.267640, train_ric 0.021833, train_ricir 0.159710, valid_loss 0.0008460606 , valid_ic -0.005878, valid_icir -0.091945, valid_ric -0.002269, valid_ricir -0.023384, test_loss 0.001122, ic -0.011845, icir -0.159913, ric -0.000772, ricir -0.005672, prec@10 0.646091, prec@30 0.595199 
Epoch 118, train_loss 0.003720, train_ic 0.019920, train_icir 0.181278, train_ric 0.011763, train_ricir 0.077931, valid_loss 0.0010143202 , valid_ic -0.009760, valid_icir -0.140849, valid_ric -0.011497, valid_ricir -0.108581, test_loss 0.001325, ic -0.016011, icir -0.185869, ric -0.009956, ricir -0.064247, prec@10 0.638272, prec@30 0.592181 
Epoch 119, train_loss 0.003677, train_ic 0.029393, train_icir 0.249907, train_ric 0.031664, train_ricir 0.240195, valid_loss 0.0008425079 , valid_ic 0.002182, valid_icir 0.027030, valid_ric 0.008355, valid_ricir 0.089510, test_loss 0.001068, ic -0.008079, icir -0.077362, ric 0.005951, ricir 0.046423, prec@10 0.591770, prec@30 0.570919 
Epoch 120, train_loss 0.003704, train_ic 0.028389, train_icir 0.294337, train_ric 0.001742, train_ricir 0.013410, valid_loss 0.0007989983 , valid_ic 0.000581, valid_icir 0.014046, valid_ric -0.020438, valid_ricir -0.278806, test_loss 0.001046, ic 0.000637, icir 0.012837, ric -0.006943, ricir -0.070644, prec@10 0.657613, prec@30 0.598217 
Epoch 121, train_loss 0.003677, train_ic 0.020968, train_icir 0.186862, train_ric 0.016594, train_ricir 0.112039, valid_loss 0.0011599468 , valid_ic -0.009172, valid_icir -0.126985, valid_ric -0.007796, valid_ricir -0.072848, test_loss 0.001464, ic -0.015853, icir -0.177249, ric -0.007767, ricir -0.049947, prec@10 0.641975, prec@30 0.592867 
Epoch 122, train_loss 0.003646, train_ic 0.034849, train_icir 0.289329, train_ric 0.019284, train_ricir 0.138179, valid_loss 0.0009230082 , valid_ic -0.001978, valid_icir -0.027294, valid_ric -0.006630, valid_ricir -0.067132, test_loss 0.001160, ic -0.007152, icir -0.081527, ric -0.002856, ricir -0.020487, prec@10 0.654321, prec@30 0.596982 
Epoch 123, train_loss 0.003740, train_ic 0.023482, train_icir 0.215209, train_ric 0.021102, train_ricir 0.148174, valid_loss 0.0009072395 , valid_ic -0.007969, valid_icir -0.113182, valid_ric -0.005260, valid_ricir -0.050762, test_loss 0.001183, ic -0.014710, icir -0.169817, ric -0.004497, ricir -0.030429, prec@10 0.644444, prec@30 0.593690 
Epoch 124, train_loss 0.003610, train_ic 0.017771, train_icir 0.192680, train_ric 0.003524, train_ricir 0.027399, valid_loss 0.0015592296 , valid_ic 0.003589, valid_icir 0.073389, valid_ric -0.005318, valid_ricir -0.063238, test_loss 0.001825, ic 0.003387, icir 0.054412, ric 0.005753, ricir 0.052691, prec@10 0.635391, prec@30 0.575995 
Epoch 125, train_loss 0.003685, train_ic 0.019820, train_icir 0.185896, train_ric -0.013492, train_ricir -0.097639, valid_loss 0.0013536517 , valid_ic 0.005622, valid_icir 0.097162, valid_ric -0.019769, valid_ricir -0.204906, test_loss 0.001611, ic 0.009347, icir 0.128183, ric -0.004825, ricir -0.041970, prec@10 0.642387, prec@30 0.579835 
Epoch 126, train_loss 0.003681, train_ic 0.031959, train_icir 0.306231, train_ric -0.001280, train_ricir -0.009578, valid_loss 0.0009367924 , valid_ic -0.006568, valid_icir -0.134141, valid_ric -0.020635, valid_ricir -0.272855, test_loss 0.001227, ic -0.009289, icir -0.171023, ric -0.006027, ricir -0.059307, prec@10 0.646502, prec@30 0.594239 
Epoch 127, train_loss 0.003648, train_ic 0.025480, train_icir 0.198720, train_ric 0.013220, train_ricir 0.089703, valid_loss 0.0009455283 , valid_ic -0.007178, valid_icir -0.089909, valid_ric -0.010775, valid_ricir -0.102967, test_loss 0.001201, ic -0.011735, icir -0.115205, ric -0.009541, ricir -0.061950, prec@10 0.653498, prec@30 0.596296 
Epoch 128, train_loss 0.003670, train_ic 0.017383, train_icir 0.167779, train_ric 0.029535, train_ricir 0.246275, valid_loss 0.0010939226 , valid_ic -0.003181, valid_icir -0.053212, valid_ric 0.008306, valid_ricir 0.106154, test_loss 0.001352, ic -0.011818, icir -0.158590, ric 0.003225, ricir 0.029750, prec@10 0.650617, prec@30 0.588477 
Epoch 129, train_loss 0.003699, train_ic 0.024729, train_icir 0.248551, train_ric 0.022617, train_ricir 0.176112, valid_loss 0.0013403570 , valid_ic -0.004713, valid_icir -0.088841, valid_ric 0.011354, valid_ricir 0.167159, test_loss 0.001639, ic -0.011430, icir -0.188561, ric 0.012091, ricir 0.129659, prec@10 0.636214, prec@30 0.591358 
Epoch 130, train_loss 0.003722, train_ic 0.038365, train_icir 0.329007, train_ric 0.011151, train_ricir 0.080474, valid_loss 0.0008366919 , valid_ic -0.002270, valid_icir -0.034500, valid_ric -0.012637, valid_ricir -0.141454, test_loss 0.001072, ic -0.006363, icir -0.081938, ric -0.003624, ricir -0.028906, prec@10 0.641152, prec@30 0.593004 
Epoch 131, train_loss 0.003643, train_ic 0.034541, train_icir 0.340413, train_ric 0.011513, train_ricir 0.091431, valid_loss 0.0008189384 , valid_ic -0.000411, valid_icir -0.008437, valid_ric -0.011083, valid_ricir -0.156868, test_loss 0.001069, ic -0.002939, icir -0.050644, ric -0.000968, ricir -0.009785, prec@10 0.648148, prec@30 0.592867 
Epoch 132, train_loss 0.003674, train_ic 0.036978, train_icir 0.295516, train_ric 0.005994, train_ricir 0.040389, valid_loss 0.0009621050 , valid_ic -0.003918, valid_icir -0.059319, valid_ric -0.018899, valid_ricir -0.192852, test_loss 0.001213, ic -0.006549, icir -0.084329, ric -0.009084, ricir -0.065045, prec@10 0.658025, prec@30 0.597119 
Epoch 133, train_loss 0.003721, train_ic 0.024886, train_icir 0.271969, train_ric -0.004207, train_ricir -0.032389, valid_loss 0.0009048315 , valid_ic -0.007191, valid_icir -0.134910, valid_ric -0.016480, valid_ricir -0.235536, test_loss 0.001201, ic -0.011908, icir -0.192053, ric -0.004078, ricir -0.045802, prec@10 0.634156, prec@30 0.591358 
Epoch 134, train_loss 0.003711, train_ic 0.022426, train_icir 0.194238, train_ric 0.017439, train_ricir 0.117065, valid_loss 0.0014244125 , valid_ic -0.008112, valid_icir -0.108148, valid_ric -0.007031, valid_ricir -0.064960, test_loss 0.001718, ic -0.015096, icir -0.159555, ric -0.007305, ricir -0.046481, prec@10 0.642798, prec@30 0.593416 
Epoch 135, train_loss 0.003713, train_ic 0.031193, train_icir 0.264109, train_ric 0.008510, train_ricir 0.056537, valid_loss 0.0009757712 , valid_ic -0.006518, valid_icir -0.098270, valid_ric -0.016139, valid_ricir -0.158111, test_loss 0.001248, ic -0.011162, icir -0.142522, ric -0.008771, ricir -0.060303, prec@10 0.652263, prec@30 0.594787 
Epoch 136, train_loss 0.003695, train_ic 0.035212, train_icir 0.298123, train_ric 0.020284, train_ricir 0.144920, valid_loss 0.0008124600 , valid_ic -0.004075, valid_icir -0.057651, valid_ric -0.006247, valid_ricir -0.063036, test_loss 0.001060, ic -0.009808, icir -0.117589, ric -0.002378, ricir -0.017093, prec@10 0.647325, prec@30 0.593827 
Epoch 137, train_loss 0.003718, train_ic 0.015831, train_icir 0.216831, train_ric 0.024928, train_ricir 0.212520, valid_loss 0.0009499756 , valid_ic 0.006394, valid_icir 0.163874, valid_ric 0.003042, valid_ricir 0.051290, test_loss 0.001194, ic 0.006959, icir 0.139912, ric 0.009626, ricir 0.117544, prec@10 0.613580, prec@30 0.553772 
Epoch 138, train_loss 0.003724, train_ic 0.031108, train_icir 0.305094, train_ric -0.000490, train_ricir -0.003666, valid_loss 0.0008490668 , valid_ic -0.001913, valid_icir -0.042426, valid_ric -0.024149, valid_ricir -0.313963, test_loss 0.001113, ic -0.002395, icir -0.045805, ric -0.007805, ricir -0.075844, prec@10 0.653086, prec@30 0.594376 
Epoch 139, train_loss 0.003639, train_ic 0.031617, train_icir 0.288077, train_ric 0.021173, train_ricir 0.159578, valid_loss 0.0010445909 , valid_ic 0.010497, valid_icir 0.188822, valid_ric 0.007331, valid_ricir 0.103612, test_loss 0.001282, ic 0.004571, icir 0.060577, ric 0.011917, ricir 0.123450, prec@10 0.615638, prec@30 0.578189 
Epoch 140, train_loss 0.003690, train_ic 0.031696, train_icir 0.333399, train_ric 0.010917, train_ricir 0.087630, valid_loss 0.0008078675 , valid_ic 0.003091, valid_icir 0.075256, valid_ric -0.013090, valid_ricir -0.190637, test_loss 0.001050, ic 0.002431, icir 0.047974, ric -0.002730, ricir -0.028827, prec@10 0.657202, prec@30 0.595885 
Epoch 141, train_loss 0.003711, train_ic 0.030382, train_icir 0.256321, train_ric 0.026976, train_ricir 0.192868, valid_loss 0.0008268225 , valid_ic -0.004506, valid_icir -0.060631, valid_ric 0.001438, valid_ricir 0.013885, test_loss 0.001089, ic -0.012072, icir -0.136084, ric 0.000411, ricir 0.002865, prec@10 0.648971, prec@30 0.593004 
Epoch 142, train_loss 0.003700, train_ic 0.037770, train_icir 0.326909, train_ric 0.010361, train_ricir 0.077680, valid_loss 0.0008154603 , valid_ic 0.000991, valid_icir 0.016257, valid_ric -0.014106, valid_ricir -0.174280, test_loss 0.001057, ic -0.000802, icir -0.010742, ric -0.005436, ricir -0.046633, prec@10 0.658436, prec@30 0.598080 
Epoch 143, train_loss 0.003689, train_ic 0.025295, train_icir 0.243200, train_ric 0.000598, train_ricir 0.004560, valid_loss 0.0011462923 , valid_ic 0.000839, valid_icir 0.018211, valid_ric -0.006952, valid_ricir -0.085106, test_loss 0.001436, ic -0.000259, icir -0.004943, ric 0.003757, ricir 0.036754, prec@10 0.651440, prec@30 0.594239 
Epoch 144, train_loss 0.003686, train_ic 0.033276, train_icir 0.286316, train_ric -0.002642, train_ricir -0.017355, valid_loss 0.0008436266 , valid_ic -0.006928, valid_icir -0.113197, valid_ric -0.025496, valid_ricir -0.263515, test_loss 0.001129, ic -0.010304, icir -0.146167, ric -0.010608, ricir -0.079294, prec@10 0.645679, prec@30 0.593553 
Epoch 145, train_loss 0.003723, train_ic 0.025003, train_icir 0.227091, train_ric 0.028461, train_ricir 0.231418, valid_loss 0.0008209428 , valid_ic -0.002241, valid_icir -0.032775, valid_ric 0.004009, valid_ricir 0.048078, test_loss 0.001063, ic -0.009995, icir -0.114582, ric 0.002074, ricir 0.017406, prec@10 0.646502, prec@30 0.591632 
Epoch 146, train_loss 0.003683, train_ic 0.022209, train_icir 0.216960, train_ric 0.014797, train_ricir 0.099893, valid_loss 0.0010026285 , valid_ic -0.008909, valid_icir -0.136898, valid_ric -0.011883, valid_ricir -0.115235, test_loss 0.001335, ic -0.014781, icir -0.186731, ric -0.007241, ricir -0.048738, prec@10 0.643210, prec@30 0.592867 
Epoch 147, train_loss 0.003702, train_ic 0.033874, train_icir 0.291224, train_ric 0.027206, train_ricir 0.203960, valid_loss 0.0007990329 , valid_ic -0.003286, valid_icir -0.046760, valid_ric -0.000281, valid_ricir -0.002954, test_loss 0.001048, ic -0.009717, icir -0.115968, ric 0.001620, ricir 0.012197, prec@10 0.641975, prec@30 0.593827 
Epoch 148, train_loss 0.003676, train_ic 0.029834, train_icir 0.240384, train_ric -0.002494, train_ricir -0.015759, valid_loss 0.0009609825 , valid_ic -0.006851, valid_icir -0.099367, valid_ric -0.026841, valid_ricir -0.258034, test_loss 0.001216, ic -0.009724, icir -0.115003, ric -0.013754, ricir -0.092691, prec@10 0.651440, prec@30 0.596022 
Epoch 149, train_loss 0.003677, train_ic 0.028286, train_icir 0.235297, train_ric 0.002850, train_ricir 0.018247, valid_loss 0.0010199817 , valid_ic -0.009072, valid_icir -0.142688, valid_ric -0.021762, valid_ricir -0.208434, test_loss 0.001349, ic -0.012474, icir -0.169088, ric -0.012150, ricir -0.080675, prec@10 0.650206, prec@30 0.593690 
Epoch 150, train_loss 0.003713, train_ic 0.033949, train_icir 0.297429, train_ric 0.017333, train_ricir 0.121489, valid_loss 0.0009209280 , valid_ic -0.004687, valid_icir -0.069908, valid_ric -0.008906, valid_ricir -0.089733, test_loss 0.001179, ic -0.009976, icir -0.125654, ric -0.002395, ricir -0.017384, prec@10 0.651029, prec@30 0.596296 
Epoch 151, train_loss 0.003645, train_ic 0.022414, train_icir 0.234252, train_ric 0.002702, train_ricir 0.018354, valid_loss 0.0009898984 , valid_ic -0.009516, valid_icir -0.162869, valid_ric -0.023244, valid_ricir -0.247096, test_loss 0.001347, ic -0.014364, icir -0.208191, ric -0.008803, ricir -0.066822, prec@10 0.639095, prec@30 0.592044 
Epoch 152, train_loss 0.003710, train_ic 0.032110, train_icir 0.282721, train_ric 0.019850, train_ricir 0.149612, valid_loss 0.0008164778 , valid_ic -0.005894, valid_icir -0.095225, valid_ric -0.007385, valid_ricir -0.082903, test_loss 0.001091, ic -0.010163, icir -0.139674, ric -0.003078, ricir -0.023856, prec@10 0.648560, prec@30 0.594650 
Epoch 153, train_loss 0.003634, train_ic 0.035458, train_icir 0.325370, train_ric 0.011761, train_ricir 0.088782, valid_loss 0.0009224972 , valid_ic -0.004997, valid_icir -0.094809, valid_ric -0.014793, valid_ricir -0.183109, test_loss 0.001201, ic -0.007670, icir -0.127043, ric -0.004735, ricir -0.041136, prec@10 0.649794, prec@30 0.594239 
Epoch 154, train_loss 0.003663, train_ic 0.032659, train_icir 0.322523, train_ric 0.016159, train_ricir 0.122320, valid_loss 0.0011162541 , valid_ic -0.006869, valid_icir -0.125662, valid_ric -0.008039, valid_ricir -0.099604, test_loss 0.001425, ic -0.011490, icir -0.185790, ric 0.002379, ricir 0.021205, prec@10 0.643210, prec@30 0.592044 
Epoch 155, train_loss 0.003649, train_ic 0.030688, train_icir 0.245313, train_ric 0.011189, train_ricir 0.073184, valid_loss 0.0010772001 , valid_ic -0.007080, valid_icir -0.097650, valid_ric -0.013759, valid_ricir -0.130238, test_loss 0.001350, ic -0.011843, icir -0.136008, ric -0.008733, ricir -0.057288, prec@10 0.648971, prec@30 0.594650 
Epoch 156, train_loss 0.003626, train_ic 0.025952, train_icir 0.215546, train_ric 0.035317, train_ricir 0.256109, valid_loss 0.0009301066 , valid_ic -0.003837, valid_icir -0.050484, valid_ric 0.011277, valid_ricir 0.110116, test_loss 0.001193, ic -0.013554, icir -0.149911, ric 0.006102, ricir 0.044551, prec@10 0.644033, prec@30 0.593004 
Epoch 157, train_loss 0.003723, train_ic 0.027797, train_icir 0.272338, train_ric -0.007312, train_ricir -0.053183, valid_loss 0.0008493857 , valid_ic 0.003858, valid_icir 0.079991, valid_ric -0.025922, valid_ricir -0.305989, test_loss 0.001094, ic 0.006067, icir 0.102270, ric -0.006086, ricir -0.058538, prec@10 0.655556, prec@30 0.596022 
Epoch 158, train_loss 0.003688, train_ic 0.036194, train_icir 0.307200, train_ric 0.011801, train_ricir 0.081740, valid_loss 0.0008066936 , valid_ic -0.005063, valid_icir -0.079417, valid_ric -0.014792, valid_ricir -0.155150, test_loss 0.001069, ic -0.009021, icir -0.121070, ric -0.006218, ricir -0.046063, prec@10 0.650206, prec@30 0.596296 
Epoch 159, train_loss 0.003661, train_ic 0.033090, train_icir 0.265777, train_ric 0.011012, train_ricir 0.072561, valid_loss 0.0009523273 , valid_ic -0.006528, valid_icir -0.092685, valid_ric -0.014729, valid_ricir -0.142361, test_loss 0.001220, ic -0.011010, icir -0.132399, ric -0.008579, ricir -0.057721, prec@10 0.646914, prec@30 0.594239 
Epoch 160, train_loss 0.003604, train_ic 0.036046, train_icir 0.318658, train_ric -0.008176, train_ricir -0.057393, valid_loss 0.0008007927 , valid_ic -0.002721, valid_icir -0.046935, valid_ric -0.025028, valid_ricir -0.307969, test_loss 0.001048, ic -0.004983, icir -0.072896, ric -0.008525, ricir -0.079748, prec@10 0.649383, prec@30 0.595473 
Epoch 161, train_loss 0.003666, train_ic 0.036379, train_icir 0.327658, train_ric -0.006513, train_ricir -0.045300, valid_loss 0.0008554294 , valid_ic -0.005674, valid_icir -0.111409, valid_ric -0.024876, valid_ricir -0.300621, test_loss 0.001162, ic -0.008175, icir -0.146030, ric -0.007714, ricir -0.070932, prec@10 0.647325, prec@30 0.592730 
Epoch 162, train_loss 0.003709, train_ic 0.028621, train_icir 0.259364, train_ric 0.018380, train_ricir 0.148222, valid_loss 0.0009631723 , valid_ic 0.003127, valid_icir 0.048237, valid_ric -0.005622, valid_ricir -0.074632, test_loss 0.001198, ic 0.001563, icir 0.017373, ric -0.003327, ricir -0.029626, prec@10 0.558848, prec@30 0.531824 
Epoch 163, train_loss 0.003668, train_ic 0.022314, train_icir 0.203744, train_ric 0.032088, train_ricir 0.233081, valid_loss 0.0013658804 , valid_ic 0.002266, valid_icir 0.045306, valid_ric 0.018986, valid_ricir 0.248949, test_loss 0.001645, ic -0.005312, icir -0.086496, ric 0.015718, ricir 0.159060, prec@10 0.642387, prec@30 0.589163 
Epoch 164, train_loss 0.003702, train_ic 0.024539, train_icir 0.247952, train_ric 0.005008, train_ricir 0.033544, valid_loss 0.0009868361 , valid_ic -0.008677, valid_icir -0.142499, valid_ric -0.019251, valid_ricir -0.196840, test_loss 0.001332, ic -0.014179, icir -0.195528, ric -0.008038, ricir -0.058854, prec@10 0.632922, prec@30 0.592318 
Epoch 165, train_loss 0.003719, train_ic 0.037694, train_icir 0.317052, train_ric 0.014598, train_ricir 0.109893, valid_loss 0.0008883855 , valid_ic 0.001446, valid_icir 0.020565, valid_ric -0.010716, valid_ricir -0.128004, test_loss 0.001119, ic -0.000843, icir -0.009371, ric -0.004269, ricir -0.034954, prec@10 0.649794, prec@30 0.593141 
Epoch 166, train_loss 0.003733, train_ic 0.026343, train_icir 0.211601, train_ric 0.009818, train_ricir 0.063101, valid_loss 0.0018362911 , valid_ic -0.007054, valid_icir -0.092199, valid_ric -0.013928, valid_ricir -0.128358, test_loss 0.002109, ic -0.012301, icir -0.126468, ric -0.010311, ricir -0.065049, prec@10 0.650617, prec@30 0.594376 
Epoch 167, train_loss 0.003693, train_ic 0.037169, train_icir 0.329903, train_ric 0.009367, train_ricir 0.066392, valid_loss 0.0008855763 , valid_ic -0.005194, valid_icir -0.089506, valid_ric -0.016160, valid_ricir -0.177714, test_loss 0.001178, ic -0.008863, icir -0.135225, ric -0.004558, ricir -0.036348, prec@10 0.649794, prec@30 0.594376 
Epoch 168, train_loss 0.003620, train_ic 0.026030, train_icir 0.246289, train_ric -0.014427, train_ricir -0.091894, valid_loss 0.0009961639 , valid_ic -0.008685, valid_icir -0.152445, valid_ric -0.033887, valid_ricir -0.353126, test_loss 0.001359, ic -0.012204, icir -0.184407, ric -0.014520, ricir -0.113194, prec@10 0.645679, prec@30 0.593964 
Epoch 169, train_loss 0.003625, train_ic 0.027685, train_icir 0.215247, train_ric 0.017657, train_ricir 0.119866, valid_loss 0.0018925464 , valid_ic -0.003137, valid_icir -0.037216, valid_ric -0.007269, valid_ricir -0.067809, test_loss 0.002165, ic -0.008024, icir -0.072023, ric -0.006705, ricir -0.042791, prec@10 0.665021, prec@30 0.599451 
Epoch 170, train_loss 0.003687, train_ic 0.027585, train_icir 0.266132, train_ric 0.015291, train_ricir 0.106481, valid_loss 0.0009953055 , valid_ic -0.007561, valid_icir -0.120988, valid_ric -0.010779, valid_ricir -0.109774, test_loss 0.001331, ic -0.013040, icir -0.176061, ric -0.003458, ricir -0.025174, prec@10 0.645267, prec@30 0.593690 
Epoch 171, train_loss 0.003634, train_ic 0.034675, train_icir 0.275801, train_ric 0.000994, train_ricir 0.006899, valid_loss 0.0009653239 , valid_ic -0.003874, valid_icir -0.059399, valid_ric -0.022676, valid_ricir -0.257924, test_loss 0.001226, ic -0.003831, icir -0.048490, ric -0.011711, ricir -0.090619, prec@10 0.655144, prec@30 0.596022 
Epoch 172, train_loss 0.003700, train_ic 0.028480, train_icir 0.330759, train_ric 0.020820, train_ricir 0.171354, valid_loss 0.0008867651 , valid_ic -0.000081, valid_icir -0.002261, valid_ric -0.003451, valid_ricir -0.052183, test_loss 0.001181, ic -0.003348, icir -0.081831, ric 0.004753, ricir 0.052208, prec@10 0.651440, prec@30 0.593278 
Epoch 173, train_loss 0.003685, train_ic 0.030594, train_icir 0.249723, train_ric -0.002544, train_ricir -0.015995, valid_loss 0.0009886403 , valid_ic -0.007368, valid_icir -0.110915, valid_ric -0.026653, valid_ricir -0.255676, test_loss 0.001268, ic -0.010551, icir -0.133489, ric -0.013663, ricir -0.092105, prec@10 0.650206, prec@30 0.594513 
Epoch 174, train_loss 0.003667, train_ic 0.037489, train_icir 0.343236, train_ric 0.005330, train_ricir 0.039408, valid_loss 0.0008741190 , valid_ic -0.000896, valid_icir -0.017673, valid_ric -0.019925, valid_ricir -0.255538, test_loss 0.001134, ic -0.001725, icir -0.028833, ric -0.007168, ricir -0.064727, prec@10 0.655556, prec@30 0.595748 
Epoch 175, train_loss 0.003687, train_ic 0.031132, train_icir 0.247048, train_ric 0.007161, train_ricir 0.045935, valid_loss 0.0011911862 , valid_ic -0.005834, valid_icir -0.080433, valid_ric -0.017253, valid_ricir -0.162782, test_loss 0.001456, ic -0.010092, icir -0.113170, ric -0.010556, ricir -0.068774, prec@10 0.653909, prec@30 0.596433 
Epoch 176, train_loss 0.003712, train_ic 0.032028, train_icir 0.342725, train_ric 0.024812, train_ricir 0.198990, valid_loss 0.0010207379 , valid_ic -0.001030, valid_icir -0.024671, valid_ric 0.001896, valid_ricir 0.028050, test_loss 0.001321, ic -0.005574, icir -0.116002, ric 0.009947, ricir 0.106715, prec@10 0.651440, prec@30 0.594376 
Epoch 177, train_loss 0.003652, train_ic 0.032668, train_icir 0.285996, train_ric 0.024184, train_ricir 0.170683, valid_loss 0.0008721546 , valid_ic -0.005434, valid_icir -0.079621, valid_ric -0.004272, valid_ricir -0.042048, test_loss 0.001151, ic -0.011625, icir -0.143943, ric -0.001221, ricir -0.008517, prec@10 0.651440, prec@30 0.595199 
Epoch 178, train_loss 0.003643, train_ic 0.023881, train_icir 0.214995, train_ric 0.003863, train_ricir 0.029114, valid_loss 0.0013926061 , valid_ic 0.002337, valid_icir 0.045342, valid_ric -0.001161, valid_ricir -0.013938, test_loss 0.001692, ic 0.000803, icir 0.013334, ric 0.007277, ricir 0.066939, prec@10 0.642798, prec@30 0.592867 
Epoch 179, train_loss 0.003629, train_ic 0.027831, train_icir 0.247764, train_ric 0.031671, train_ricir 0.227602, valid_loss 0.0008780716 , valid_ic -0.006122, valid_icir -0.085258, valid_ric 0.004322, valid_ricir 0.041543, test_loss 0.001172, ic -0.014011, icir -0.164241, ric 0.003696, ricir 0.026022, prec@10 0.641564, prec@30 0.593141 
Epoch 180, train_loss 0.003699, train_ic 0.038148, train_icir 0.301993, train_ric 0.009473, train_ricir 0.063695, valid_loss 0.0008337858 , valid_ic -0.004540, valid_icir -0.065918, valid_ric -0.018208, valid_ricir -0.182546, test_loss 0.001090, ic -0.007197, icir -0.089603, ric -0.008076, ricir -0.056447, prec@10 0.651440, prec@30 0.595062 
Epoch 181, train_loss 0.003729, train_ic 0.030323, train_icir 0.256343, train_ric 0.025513, train_ricir 0.179002, valid_loss 0.0008530318 , valid_ic -0.006271, valid_icir -0.086228, valid_ric -0.002206, valid_ricir -0.020977, test_loss 0.001141, ic -0.012921, icir -0.149167, ric -0.001667, ricir -0.011217, prec@10 0.647737, prec@30 0.594650 
Epoch 182, train_loss 0.003632, train_ic 0.033124, train_icir 0.316557, train_ric 0.029223, train_ricir 0.242800, valid_loss 0.0008515683 , valid_ic 0.003874, valid_icir 0.066767, valid_ric 0.003213, valid_ricir 0.043475, test_loss 0.001088, ic -0.001877, icir -0.025523, ric 0.005076, ricir 0.048653, prec@10 0.653498, prec@30 0.594376 
Epoch 183, train_loss 0.003648, train_ic 0.036247, train_icir 0.306398, train_ric -0.015017, train_ricir -0.103169, valid_loss 0.0008554254 , valid_ic -0.004636, valid_icir -0.087033, valid_ric -0.031755, valid_ricir -0.365655, test_loss 0.001150, ic -0.005146, icir -0.088664, ric -0.010754, ricir -0.099990, prec@10 0.651440, prec@30 0.593690 
Epoch 184, train_loss 0.003680, train_ic 0.039619, train_icir 0.342781, train_ric -0.003868, train_ricir -0.026403, valid_loss 0.0008226038 , valid_ic -0.004020, valid_icir -0.070075, valid_ric -0.024252, valid_ricir -0.277254, test_loss 0.001101, ic -0.006624, icir -0.103092, ric -0.006639, ricir -0.056776, prec@10 0.648971, prec@30 0.594513 
Epoch 185, train_loss 0.003723, train_ic 0.031240, train_icir 0.239617, train_ric 0.002935, train_ricir 0.018503, valid_loss 0.0013249702 , valid_ic -0.004859, valid_icir -0.062983, valid_ric -0.021319, valid_ricir -0.199508, test_loss 0.001567, ic -0.007799, icir -0.079068, ric -0.012220, ricir -0.078570, prec@10 0.656790, prec@30 0.599040 
Epoch 186, train_loss 0.003625, train_ic 0.037932, train_icir 0.317677, train_ric -0.013097, train_ricir -0.087734, valid_loss 0.0008199191 , valid_ic -0.003671, valid_icir -0.062944, valid_ric -0.030981, valid_ricir -0.350949, test_loss 0.001081, ic -0.004628, icir -0.069449, ric -0.010837, ricir -0.095032, prec@10 0.650206, prec@30 0.595199 
Epoch 187, train_loss 0.003683, train_ic 0.029286, train_icir 0.293935, train_ric 0.002483, train_ricir 0.018518, valid_loss 0.0010023396 , valid_ic 0.013201, valid_icir 0.246366, valid_ric -0.011403, valid_ricir -0.145541, test_loss 0.001230, ic 0.019399, icir 0.276001, ric 0.005747, ricir 0.057202, prec@10 0.524280, prec@30 0.516187 
Epoch 188, train_loss 0.003697, train_ic 0.042038, train_icir 0.353633, train_ric 0.014480, train_ricir 0.102125, valid_loss 0.0008541448 , valid_ic -0.001565, valid_icir -0.023711, valid_ric -0.012303, valid_ricir -0.129792, test_loss 0.001111, ic -0.005519, icir -0.071882, ric -0.001766, ricir -0.013476, prec@10 0.651029, prec@30 0.595199 
Epoch 189, train_loss 0.003642, train_ic 0.023708, train_icir 0.209438, train_ric 0.022287, train_ricir 0.152223, valid_loss 0.0011831417 , valid_ic -0.008188, valid_icir -0.112881, valid_ric -0.003761, valid_ricir -0.034662, test_loss 0.001545, ic -0.015015, icir -0.169738, ric -0.003882, ricir -0.025017, prec@10 0.647737, prec@30 0.593553 
Epoch 190, train_loss 0.003697, train_ic 0.033507, train_icir 0.257255, train_ric 0.000518, train_ricir 0.003237, valid_loss 0.0011622149 , valid_ic -0.006475, valid_icir -0.092338, valid_ric -0.023207, valid_ricir -0.217826, test_loss 0.001441, ic -0.009215, icir -0.111233, ric -0.012237, ricir -0.079816, prec@10 0.652263, prec@30 0.595610 
Epoch 191, train_loss 0.003608, train_ic 0.028807, train_icir 0.300555, train_ric -0.002820, train_ricir -0.020869, valid_loss 0.0009856649 , valid_ic 0.000528, valid_icir 0.013116, valid_ric -0.017586, valid_ricir -0.221819, test_loss 0.001291, ic -0.000093, icir -0.002053, ric 0.000014, ricir 0.000148, prec@10 0.653086, prec@30 0.595885 
Epoch 192, train_loss 0.003689, train_ic 0.030581, train_icir 0.322056, train_ric -0.002629, train_ricir -0.019112, valid_loss 0.0008817482 , valid_ic -0.001026, valid_icir -0.026066, valid_ric -0.022871, valid_ricir -0.294101, test_loss 0.001199, ic -0.001840, icir -0.042383, ric -0.004138, ricir -0.041604, prec@10 0.653498, prec@30 0.595062 
Epoch 193, train_loss 0.003677, train_ic 0.025682, train_icir 0.295136, train_ric 0.019888, train_ricir 0.166878, valid_loss 0.0008799118 , valid_ic 0.000042, valid_icir 0.001083, valid_ric -0.005590, valid_ricir -0.080781, test_loss 0.001153, ic -0.002262, icir -0.049000, ric -0.001953, ricir -0.019513, prec@10 0.654733, prec@30 0.596159 
Epoch 194, train_loss 0.003635, train_ic 0.027565, train_icir 0.224021, train_ric 0.009828, train_ricir 0.063128, valid_loss 0.0011544016 , valid_ic -0.008356, valid_icir -0.114741, valid_ric -0.015172, valid_ricir -0.141210, test_loss 0.001462, ic -0.013244, icir -0.149676, ric -0.009627, ricir -0.061167, prec@10 0.646091, prec@30 0.593141 
Epoch 195, train_loss 0.003650, train_ic 0.041228, train_icir 0.341470, train_ric 0.002669, train_ricir 0.017764, valid_loss 0.0008400778 , valid_ic -0.003644, valid_icir -0.060084, valid_ric -0.022584, valid_ricir -0.233707, test_loss 0.001118, ic -0.006321, icir -0.092182, ric -0.006415, ricir -0.048242, prec@10 0.652675, prec@30 0.595610 
Epoch 196, train_loss 0.003665, train_ic 0.040063, train_icir 0.366307, train_ric 0.020487, train_ricir 0.158892, valid_loss 0.0008668768 , valid_ic -0.001483, valid_icir -0.026260, valid_ric -0.007813, valid_ricir -0.096566, test_loss 0.001138, ic -0.005270, icir -0.079907, ric 0.001426, ricir 0.012438, prec@10 0.652263, prec@30 0.594925 
Epoch 197, train_loss 0.003685, train_ic 0.039684, train_icir 0.365781, train_ric 0.017653, train_ricir 0.139074, valid_loss 0.0008500894 , valid_ic -0.000090, valid_icir -0.001595, valid_ric -0.010173, valid_ricir -0.135336, test_loss 0.001100, ic -0.002487, icir -0.036368, ric -0.000958, ricir -0.008813, prec@10 0.649383, prec@30 0.593416 
Epoch 198, train_loss 0.003665, train_ic 0.033851, train_icir 0.305546, train_ric -0.009327, train_ricir -0.063184, valid_loss 0.0008570835 , valid_ic -0.005221, valid_icir -0.090598, valid_ric -0.026704, valid_ricir -0.311593, test_loss 0.001142, ic -0.008160, icir -0.121229, ric -0.008906, ricir -0.078813, prec@10 0.648148, prec@30 0.593004 
Epoch 199, train_loss 0.003719, train_ic 0.032969, train_icir 0.320426, train_ric 0.002701, train_ricir 0.020573, valid_loss 0.0012183135 , valid_ic 0.001572, valid_icir 0.034432, valid_ric -0.011928, valid_ricir -0.157356, test_loss 0.001498, ic 0.000474, icir 0.009039, ric 0.002843, ricir 0.029910, prec@10 0.649794, prec@30 0.594102 
Epoch 200, train_loss 0.003688, train_ic 0.038519, train_icir 0.364449, train_ric 0.006252, train_ricir 0.046146, valid_loss 0.0008396882 , valid_ic -0.002641, valid_icir -0.052675, valid_ric -0.012274, valid_ricir -0.163395, test_loss 0.001133, ic -0.006099, icir -0.108881, ric 0.001353, ricir 0.013678, prec@10 0.650206, prec@30 0.593964 
Best valid loss: 0
Best valid loss epoch: 25
Model saved to:  ../saved_models/MLP/MLP-CSI-2026-04-06-12-20-37
------- Test -----
{'IC': np.float64(-0.006098517777502678), 'ICIR': np.float64(-0.10888119328030056), 'RIC': np.float64(0.0013528983116596986), 'RICIR': np.float64(0.013678121697077142), 'Prec@10': np.float64(0.6502057613168725), 'Prec@30': np.float64(0.5939643347050754), 'MAE': np.float32(0.01787486), 'MAPE': np.float32(121.15741), 'RMSE': np.float32(0.026696755), 'ACC': np.float64(0.7415264569617167)}
