Dataset:  CSI
Radom seed: 1234
GPU: 7
Learning rate: 0.001
Loss: MaskedMSELoss

---------- Transformer ----------
{
    "epochs": 200,
    "lookback_length": 16,
    "steps": 1,
    "lr": 0.0001,
    "clip_grad": 3.0,
    "data_args": {
        "dataset": "CSI",
        "batch_size": 1,
        "shuffle_train": true,
        "n_jobs": 20,
        "valid_year": 2019,
        "test_year": 2020,
        "window": 16,
        "steps": 1
    },
    "early_stop": 20,
    "runner": "csi",
    "loss": "mse",
    "model_args": {
        "d_feat": 1,
        "d_model": 64,
        "num_layers": 2,
        "nhead": 2,
        "dropout": 0.1
    }
}
Epoch 1, train_loss 0.102597, train_ic -0.001216, train_icir -0.013950, train_ric 0.021603, train_ricir 0.182028, valid_loss 0.0275505648 , valid_ic -0.009342, valid_icir -0.145756, valid_ric 0.019146, valid_ricir 0.255837, test_loss 0.052956, ic -0.018158, icir -0.182058, ric 0.006018, ricir 0.068411, prec@10 0.462963, prec@30 0.479012 
Epoch 2, train_loss 0.022635, train_ic -0.001297, train_icir -0.015468, train_ric 0.013389, train_ricir 0.142204, valid_loss 0.0159702436 , valid_ic -0.014881, valid_icir -0.232081, valid_ric 0.004861, valid_ricir 0.070401, test_loss 0.033835, ic -0.023862, icir -0.247259, ric -0.005745, ricir -0.058545, prec@10 0.613992, prec@30 0.582305 
Epoch 3, train_loss 0.013132, train_ic -0.007383, train_icir -0.089111, train_ric -0.010453, train_ricir -0.091915, valid_loss 0.0142843543 , valid_ic -0.001069, valid_icir -0.019916, valid_ric -0.001542, valid_ricir -0.018178, test_loss 0.027164, ic -0.002090, icir -0.034393, ric -0.002602, ricir -0.027238, prec@10 0.490123, prec@30 0.499588 
Epoch 4, train_loss 0.009283, train_ic -0.008684, train_icir -0.099576, train_ric -0.010994, train_ricir -0.085112, valid_loss 0.0100770602 , valid_ic -0.000287, valid_icir -0.005331, valid_ric 0.001542, valid_ricir 0.016188, test_loss 0.020870, ic -0.000930, icir -0.016011, ric -0.000999, ricir -0.008886, prec@10 0.490947, prec@30 0.504527 
Epoch 5, train_loss 0.007284, train_ic -0.004266, train_icir -0.047665, train_ric 0.018351, train_ricir 0.167143, valid_loss 0.0068206387 , valid_ic -0.003851, valid_icir -0.074139, valid_ric 0.013940, valid_ricir 0.216538, test_loss 0.015409, ic -0.008896, icir -0.117852, ric 0.003662, ricir 0.047418, prec@10 0.415638, prec@30 0.462414 
Epoch 6, train_loss 0.005889, train_ic -0.012172, train_icir -0.149396, train_ric 0.000211, train_ricir 0.001997, valid_loss 0.0048250128 , valid_ic -0.004460, valid_icir -0.100406, valid_ric 0.009863, valid_ricir 0.127475, test_loss 0.010952, ic -0.010421, icir -0.183598, ric 0.003747, ricir 0.040045, prec@10 0.456790, prec@30 0.488203 
Epoch 7, train_loss 0.004908, train_ic -0.007629, train_icir -0.097524, train_ric -0.002403, train_ricir -0.026379, valid_loss 0.0055390691 , valid_ic -0.000814, valid_icir -0.017229, valid_ric 0.003095, valid_ricir 0.047389, test_loss 0.011574, ic -0.003993, icir -0.064079, ric 0.000010, ricir 0.000135, prec@10 0.445679, prec@30 0.477229 
Epoch 8, train_loss 0.004407, train_ic -0.007765, train_icir -0.104918, train_ric 0.004937, train_ricir 0.051637, valid_loss 0.0045887605 , valid_ic -0.000149, valid_icir -0.003287, valid_ric 0.009690, valid_ricir 0.162853, test_loss 0.010140, ic -0.002233, icir -0.039702, ric 0.002320, ricir 0.033692, prec@10 0.434568, prec@30 0.474897 
Epoch 9, train_loss 0.003981, train_ic -0.009311, train_icir -0.105428, train_ric -0.008726, train_ricir -0.065834, valid_loss 0.0060141012 , valid_ic 0.003513, valid_icir 0.058734, valid_ric 0.006053, valid_ricir 0.060922, test_loss 0.011174, ic 0.004714, icir 0.080621, ric 0.004641, ricir 0.035773, prec@10 0.490535, prec@30 0.505898 
Epoch 10, train_loss 0.003761, train_ic -0.005572, train_icir -0.074522, train_ric 0.002397, train_ricir 0.027563, valid_loss 0.0051324207 , valid_ic 0.000968, valid_icir 0.021029, valid_ric 0.004751, valid_ricir 0.082993, test_loss 0.009845, ic -0.001297, icir -0.022989, ric 0.000945, ricir 0.014182, prec@10 0.443621, prec@30 0.484774 
Epoch 11, train_loss 0.003580, train_ic -0.003447, train_icir -0.041455, train_ric 0.004380, train_ricir 0.050458, valid_loss 0.0033907387 , valid_ic -0.004903, valid_icir -0.090783, valid_ric 0.006542, valid_ricir 0.119695, test_loss 0.008036, ic -0.010615, icir -0.134942, ric -0.000874, ricir -0.012237, prec@10 0.446502, prec@30 0.471742 
Epoch 12, train_loss 0.003600, train_ic -0.001700, train_icir -0.019949, train_ric 0.014516, train_ricir 0.149167, valid_loss 0.0039004341 , valid_ic -0.004621, valid_icir -0.085067, valid_ric 0.008543, valid_ricir 0.131567, test_loss 0.008441, ic -0.010612, icir -0.138747, ric 0.000604, ricir 0.006623, prec@10 0.506996, prec@30 0.519616 
Epoch 13, train_loss 0.003669, train_ic -0.006640, train_icir -0.089928, train_ric -0.003441, train_ricir -0.039969, valid_loss 0.0056535852 , valid_ic 0.003284, valid_icir 0.068202, valid_ric 0.001029, valid_ricir 0.017188, test_loss 0.010974, ic 0.001376, icir 0.024523, ric -0.001666, ricir -0.024293, prec@10 0.444444, prec@30 0.477366 
Epoch 14, train_loss 0.003031, train_ic -0.010807, train_icir -0.147756, train_ric -0.009370, train_ricir -0.096357, valid_loss 0.0028020678 , valid_ic -0.007235, valid_icir -0.205510, valid_ric -0.000085, valid_ricir -0.001196, test_loss 0.005954, ic -0.011233, icir -0.220813, ric -0.005381, ricir -0.067394, prec@10 0.471605, prec@30 0.481619 
Epoch 15, train_loss 0.003059, train_ic -0.004243, train_icir -0.058444, train_ric 0.011395, train_ricir 0.138653, valid_loss 0.0028695370 , valid_ic -0.002223, valid_icir -0.046981, valid_ric 0.013412, valid_ricir 0.246205, test_loss 0.006712, ic -0.007625, icir -0.110974, ric 0.003236, ricir 0.045919, prec@10 0.451029, prec@30 0.485460 
Epoch 16, train_loss 0.002944, train_ic -0.008763, train_icir -0.110154, train_ric -0.004421, train_ricir -0.039901, valid_loss 0.0027306637 , valid_ic -0.000962, valid_icir -0.022253, valid_ric 0.004916, valid_ricir 0.060554, test_loss 0.005700, ic -0.004441, icir -0.087277, ric 0.000451, ricir 0.004608, prec@10 0.468724, prec@30 0.489986 
Epoch 17, train_loss 0.002707, train_ic -0.006484, train_icir -0.091841, train_ric -0.009073, train_ricir -0.103199, valid_loss 0.0035369438 , valid_ic -0.000012, valid_icir -0.000278, valid_ric -0.001764, valid_ricir -0.027787, test_loss 0.007068, ic -0.003385, icir -0.055030, ric -0.004318, ricir -0.062553, prec@10 0.502058, prec@30 0.500549 
Epoch 18, train_loss 0.002771, train_ic -0.002699, train_icir -0.039607, train_ric 0.002536, train_ricir 0.045994, valid_loss 0.0081672385 , valid_ic -0.013793, valid_icir -0.249703, valid_ric 0.003445, valid_ricir 0.079738, test_loss 0.013969, ic -0.022051, icir -0.290309, ric -0.005963, ricir -0.079106, prec@10 0.645679, prec@30 0.596845 
Epoch 19, train_loss 0.002760, train_ic -0.002452, train_icir -0.031356, train_ric 0.002305, train_ricir 0.028467, valid_loss 0.0031259643 , valid_ic -0.004780, valid_icir -0.095356, valid_ric 0.001837, valid_ricir 0.035620, test_loss 0.006245, ic -0.009959, icir -0.134360, ric -0.001671, ricir -0.025485, prec@10 0.473251, prec@30 0.487929 
Epoch 20, train_loss 0.002581, train_ic -0.006198, train_icir -0.088991, train_ric 0.007722, train_ricir 0.075721, valid_loss 0.0038835257 , valid_ic 0.001262, valid_icir 0.033938, valid_ric 0.016479, valid_ricir 0.235850, test_loss 0.006688, ic -0.003443, icir -0.064473, ric 0.004264, ricir 0.049979, prec@10 0.504527, prec@30 0.513717 
Epoch 21, train_loss 0.002413, train_ic -0.003442, train_icir -0.050434, train_ric -0.003004, train_ricir -0.036511, valid_loss 0.0065869269 , valid_ic 0.006768, valid_icir 0.135493, valid_ric 0.000909, valid_ricir 0.015425, test_loss 0.011925, ic 0.006832, icir 0.125242, ric -0.000886, ricir -0.013223, prec@10 0.486420, prec@30 0.498354 
Epoch 22, train_loss 0.002549, train_ic 0.001133, train_icir 0.013583, train_ric 0.014852, train_ricir 0.128113, valid_loss 0.0025721679 , valid_ic -0.004347, valid_icir -0.075364, valid_ric 0.007351, valid_ricir 0.084355, test_loss 0.005837, ic -0.009985, icir -0.123546, ric -0.001611, ricir -0.013272, prec@10 0.503292, prec@30 0.524554 
Epoch 23, train_loss 0.002943, train_ic -0.010188, train_icir -0.129039, train_ric -0.010780, train_ricir -0.094172, valid_loss 0.0043581631 , valid_ic 0.002451, valid_icir 0.045941, valid_ric 0.004601, valid_ricir 0.051813, test_loss 0.008880, ic 0.001290, icir 0.026031, ric 0.002780, ricir 0.025148, prec@10 0.519342, prec@30 0.519753 
Epoch 24, train_loss 0.002726, train_ic 0.000236, train_icir 0.003123, train_ric 0.001999, train_ricir 0.026196, valid_loss 0.0037667081 , valid_ic -0.002168, valid_icir -0.040442, valid_ric 0.003815, valid_ricir 0.072820, test_loss 0.008298, ic -0.008481, icir -0.104061, ric 0.000050, ricir 0.000790, prec@10 0.493827, prec@30 0.507682 
Epoch 25, train_loss 0.002383, train_ic -0.003560, train_icir -0.054098, train_ric -0.001262, train_ricir -0.016275, valid_loss 0.0038679859 , valid_ic 0.003175, valid_icir 0.074279, valid_ric -0.000412, valid_ricir -0.007811, test_loss 0.006332, ic 0.000910, icir 0.017770, ric -0.001020, ricir -0.016451, prec@10 0.489300, prec@30 0.502881 
Epoch 26, train_loss 0.002247, train_ic -0.003998, train_icir -0.055505, train_ric -0.003839, train_ricir -0.038629, valid_loss 0.0022130693 , valid_ic 0.001324, valid_icir 0.030567, valid_ric 0.000766, valid_ricir 0.010514, test_loss 0.004646, ic -0.002001, icir -0.039204, ric -0.000839, ricir -0.009676, prec@10 0.497942, prec@30 0.505075 
Epoch 27, train_loss 0.002368, train_ic 0.000218, train_icir 0.002943, train_ric 0.013895, train_ricir 0.164763, valid_loss 0.0026777533 , valid_ic 0.001464, valid_icir 0.030895, valid_ric 0.011580, valid_ricir 0.199015, test_loss 0.005381, ic -0.003677, icir -0.056477, ric 0.004069, ricir 0.055297, prec@10 0.505350, prec@30 0.506996 
Epoch 28, train_loss 0.002210, train_ic -0.001579, train_icir -0.022422, train_ric 0.001985, train_ricir 0.025422, valid_loss 0.0028267953 , valid_ic 0.004899, valid_icir 0.107492, valid_ric 0.002284, valid_ricir 0.044278, test_loss 0.005797, ic 0.002905, icir 0.053986, ric 0.000359, ricir 0.005839, prec@10 0.472016, prec@30 0.494239 
Epoch 29, train_loss 0.002173, train_ic -0.003493, train_icir -0.048880, train_ric -0.002211, train_ricir -0.020052, valid_loss 0.0033923849 , valid_ic 0.006392, valid_icir 0.151749, valid_ric 0.008595, valid_ricir 0.103155, test_loss 0.006057, ic 0.004761, icir 0.104854, ric 0.004071, ricir 0.038934, prec@10 0.534979, prec@30 0.520027 
Epoch 30, train_loss 0.002394, train_ic 0.003834, train_icir 0.038480, train_ric 0.017613, train_ricir 0.153492, valid_loss 0.0030216779 , valid_ic -0.007440, valid_icir -0.107231, valid_ric 0.007196, valid_ricir 0.079477, test_loss 0.005424, ic -0.015573, icir -0.172409, ric -0.001718, ricir -0.012753, prec@10 0.521399, prec@30 0.527160 
Epoch 31, train_loss 0.002028, train_ic -0.000841, train_icir -0.012202, train_ric -0.001080, train_ricir -0.011859, valid_loss 0.0031721383 , valid_ic 0.002536, valid_icir 0.058082, valid_ric 0.001365, valid_ricir 0.020885, test_loss 0.005549, ic -0.000557, icir -0.009914, ric 0.000116, ricir 0.001492, prec@10 0.500823, prec@30 0.493141 
Epoch 32, train_loss 0.002228, train_ic 0.002908, train_icir 0.032676, train_ric 0.011132, train_ricir 0.100882, valid_loss 0.0025112947 , valid_ic -0.008986, valid_icir -0.136296, valid_ric -0.000564, valid_ricir -0.006151, test_loss 0.005237, ic -0.016740, icir -0.191229, ric -0.007482, ricir -0.054004, prec@10 0.641564, prec@30 0.589575 
Epoch 33, train_loss 0.001999, train_ic 0.004151, train_icir 0.049001, train_ric 0.013200, train_ricir 0.143469, valid_loss 0.0020352011 , valid_ic -0.000668, valid_icir -0.011929, valid_ric 0.004468, valid_ricir 0.062397, test_loss 0.004810, ic -0.006622, icir -0.086601, ric 0.000226, ricir 0.002175, prec@10 0.481070, prec@30 0.494513 
Epoch 34, train_loss 0.002174, train_ic -0.000734, train_icir -0.012035, train_ric -0.001303, train_ricir -0.015054, valid_loss 0.0020804782 , valid_ic 0.000327, valid_icir 0.008802, valid_ric 0.002973, valid_ricir 0.046554, test_loss 0.004269, ic -0.003315, icir -0.061852, ric 0.001317, ricir 0.018197, prec@10 0.479012, prec@30 0.483539 
Epoch 35, train_loss 0.001939, train_ic -0.002370, train_icir -0.039356, train_ric -0.003826, train_ricir -0.038377, valid_loss 0.0034090932 , valid_ic -0.002464, valid_icir -0.077503, valid_ric 0.003375, valid_ricir 0.044365, test_loss 0.005417, ic -0.007237, icir -0.140656, ric 0.000369, ricir 0.004309, prec@10 0.513992, prec@30 0.513443 
Epoch 36, train_loss 0.001857, train_ic 0.006074, train_icir 0.057585, train_ric 0.018011, train_ricir 0.129587, valid_loss 0.0029255943 , valid_ic -0.008006, valid_icir -0.103600, valid_ric 0.002027, valid_ricir 0.018803, test_loss 0.006634, ic -0.015901, icir -0.152403, ric -0.004858, ricir -0.031400, prec@10 0.473663, prec@30 0.495885 
Epoch 37, train_loss 0.001911, train_ic 0.003404, train_icir 0.044887, train_ric -0.004229, train_ricir -0.052446, valid_loss 0.0026083178 , valid_ic -0.006965, valid_icir -0.132989, valid_ric -0.011947, valid_ricir -0.234515, test_loss 0.004623, ic -0.012348, icir -0.166919, ric -0.009858, ricir -0.117374, prec@10 0.649383, prec@30 0.564472 
Epoch 38, train_loss 0.001737, train_ic 0.004476, train_icir 0.055371, train_ric -0.006318, train_ricir -0.048588, valid_loss 0.0032620629 , valid_ic -0.008968, valid_icir -0.159470, valid_ric -0.021355, valid_ricir -0.213632, test_loss 0.005303, ic -0.014976, icir -0.194150, ric -0.019349, ricir -0.130083, prec@10 0.649794, prec@30 0.595473 
Epoch 39, train_loss 0.002004, train_ic -0.004625, train_icir -0.066509, train_ric -0.013257, train_ricir -0.133232, valid_loss 0.0034957473 , valid_ic -0.003200, valid_icir -0.113667, valid_ric -0.003613, valid_ricir -0.056964, test_loss 0.005802, ic -0.005900, icir -0.189564, ric -0.004044, ricir -0.050574, prec@10 0.621811, prec@30 0.572565 
Epoch 40, train_loss 0.001805, train_ic 0.003974, train_icir 0.038255, train_ric 0.022001, train_ricir 0.157750, valid_loss 0.0026217268 , valid_ic -0.009713, valid_icir -0.130368, valid_ric 0.007687, valid_ricir 0.069740, test_loss 0.005435, ic -0.019114, icir -0.196841, ric -0.002477, ricir -0.016107, prec@10 0.650617, prec@30 0.595199 
Epoch 41, train_loss 0.001658, train_ic 0.003303, train_icir 0.047224, train_ric 0.008816, train_ricir 0.111420, valid_loss 0.0017402792 , valid_ic -0.002970, valid_icir -0.062366, valid_ric 0.005592, valid_ricir 0.113774, test_loss 0.003843, ic -0.008484, icir -0.120177, ric 0.002926, ricir 0.041837, prec@10 0.493004, prec@30 0.489986 
Epoch 42, train_loss 0.001701, train_ic 0.004414, train_icir 0.063065, train_ric -0.008056, train_ricir -0.102666, valid_loss 0.0038346469 , valid_ic -0.001639, valid_icir -0.033732, valid_ric -0.014645, valid_ricir -0.274295, test_loss 0.006953, ic -0.004923, icir -0.068928, ric -0.008897, ricir -0.126188, prec@10 0.509053, prec@30 0.494376 
Epoch 43, train_loss 0.001756, train_ic -0.000457, train_icir -0.010916, train_ric -0.007273, train_ricir -0.138990, valid_loss 0.0021303789 , valid_ic -0.005141, valid_icir -0.159058, valid_ric -0.003904, valid_ricir -0.136732, test_loss 0.003975, ic -0.009572, icir -0.191011, ric -0.009745, ricir -0.220954, prec@10 0.659259, prec@30 0.596159 
Epoch 44, train_loss 0.001719, train_ic 0.005504, train_icir 0.062886, train_ric 0.014163, train_ricir 0.105402, valid_loss 0.0015707794 , valid_ic -0.004786, valid_icir -0.086335, valid_ric -0.000810, valid_ricir -0.008073, test_loss 0.003594, ic -0.010631, icir -0.141055, ric -0.004182, ricir -0.028865, prec@10 0.468313, prec@30 0.482030 
Epoch 45, train_loss 0.001621, train_ic 0.000199, train_icir 0.003073, train_ric -0.010754, train_ricir -0.121074, valid_loss 0.0017049581 , valid_ic 0.000318, valid_icir 0.009370, valid_ric -0.007204, valid_ricir -0.102759, test_loss 0.003534, ic -0.002489, icir -0.051346, ric -0.005061, ricir -0.065382, prec@10 0.504938, prec@30 0.487654 
Epoch 46, train_loss 0.001736, train_ic 0.003620, train_icir 0.056111, train_ric 0.000931, train_ricir 0.009029, valid_loss 0.0016216531 , valid_ic -0.005528, valid_icir -0.153697, valid_ric -0.007092, valid_ricir -0.088314, test_loss 0.003421, ic -0.009822, icir -0.199457, ric -0.010547, ricir -0.093359, prec@10 0.658025, prec@30 0.597257 
Epoch 47, train_loss 0.001627, train_ic 0.004305, train_icir 0.065913, train_ric -0.005717, train_ricir -0.056464, valid_loss 0.0020763805 , valid_ic -0.005129, valid_icir -0.118622, valid_ric -0.016447, valid_ricir -0.214128, test_loss 0.003873, ic -0.009566, icir -0.150233, ric -0.013773, ricir -0.109172, prec@10 0.591358, prec@30 0.585322 
Epoch 48, train_loss 0.001738, train_ic 0.004564, train_icir 0.074264, train_ric 0.002563, train_ricir 0.036277, valid_loss 0.0013791259 , valid_ic -0.003116, valid_icir -0.073805, valid_ric -0.004747, valid_ricir -0.101156, test_loss 0.003275, ic -0.008065, icir -0.130965, ric -0.002614, ricir -0.037771, prec@10 0.532510, prec@30 0.516461 
Epoch 49, train_loss 0.001571, train_ic 0.004140, train_icir 0.071381, train_ric -0.007092, train_ricir -0.088177, valid_loss 0.0013510768 , valid_ic -0.002710, valid_icir -0.070810, valid_ric -0.014998, valid_ricir -0.274588, test_loss 0.003145, ic -0.006886, icir -0.122653, ric -0.009969, ricir -0.125410, prec@10 0.509465, prec@30 0.499040 
Epoch 50, train_loss 0.001545, train_ic 0.005811, train_icir 0.066567, train_ric 0.005282, train_ricir 0.038978, valid_loss 0.0022960595 , valid_ic -0.007294, valid_icir -0.138749, valid_ric -0.010313, valid_ricir -0.096872, test_loss 0.004038, ic -0.012647, icir -0.183893, ric -0.012979, ricir -0.083324, prec@10 0.657613, prec@30 0.597531 
Epoch 51, train_loss 0.001625, train_ic 0.000954, train_icir 0.020632, train_ric -0.024934, train_ricir -0.233515, valid_loss 0.0013339344 , valid_ic -0.005117, valid_icir -0.162140, valid_ric -0.025894, valid_ricir -0.428597, test_loss 0.003085, ic -0.008517, icir -0.169158, ric -0.021373, ricir -0.265197, prec@10 0.653498, prec@30 0.593690 
Epoch 52, train_loss 0.001554, train_ic 0.003482, train_icir 0.063003, train_ric -0.007091, train_ricir -0.099101, valid_loss 0.0014928590 , valid_ic -0.004233, valid_icir -0.106792, valid_ric -0.009944, valid_ricir -0.237184, test_loss 0.003302, ic -0.008980, icir -0.148706, ric -0.008242, ricir -0.145911, prec@10 0.565432, prec@30 0.542387 
Epoch 53, train_loss 0.001569, train_ic -0.000531, train_icir -0.006765, train_ric -0.023509, train_ricir -0.185015, valid_loss 0.0017148253 , valid_ic 0.003257, valid_icir 0.082033, valid_ric -0.011987, valid_ricir -0.121394, test_loss 0.003449, ic 0.003070, icir 0.076814, ric -0.005261, ricir -0.044431, prec@10 0.504527, prec@30 0.501509 
Epoch 54, train_loss 0.001655, train_ic 0.004616, train_icir 0.071884, train_ric -0.006559, train_ricir -0.088475, valid_loss 0.0017554481 , valid_ic -0.004868, valid_icir -0.106678, valid_ric -0.014958, valid_ricir -0.293730, test_loss 0.003531, ic -0.009769, icir -0.147488, ric -0.010646, ricir -0.126973, prec@10 0.580658, prec@30 0.530316 
Epoch 55, train_loss 0.001468, train_ic 0.002578, train_icir 0.041252, train_ric -0.008259, train_ricir -0.105451, valid_loss 0.0018203015 , valid_ic 0.001463, valid_icir 0.040902, valid_ric -0.010220, valid_ricir -0.188670, test_loss 0.003658, ic -0.001193, icir -0.024601, ric -0.006010, ricir -0.094578, prec@10 0.501235, prec@30 0.475309 
Epoch 56, train_loss 0.001505, train_ic 0.006493, train_icir 0.069999, train_ric 0.018923, train_ricir 0.136843, valid_loss 0.0013625888 , valid_ic -0.004256, valid_icir -0.082094, valid_ric 0.002607, valid_ricir 0.023851, test_loss 0.003106, ic -0.009898, icir -0.154124, ric -0.002453, ricir -0.016098, prec@10 0.530864, prec@30 0.495473 
Epoch 57, train_loss 0.001563, train_ic 0.000338, train_icir 0.005769, train_ric -0.003386, train_ricir -0.042957, valid_loss 0.0013807811 , valid_ic -0.001845, valid_icir -0.062243, valid_ric -0.003609, valid_ricir -0.065719, test_loss 0.003018, ic -0.005508, icir -0.119763, ric -0.001757, ricir -0.027010, prec@10 0.503292, prec@30 0.508093 
Epoch 58, train_loss 0.001549, train_ic -0.000698, train_icir -0.017345, train_ric -0.011593, train_ricir -0.147413, valid_loss 0.0023117001 , valid_ic -0.005202, valid_icir -0.170458, valid_ric -0.006328, valid_ricir -0.144957, test_loss 0.003985, ic -0.009524, icir -0.194226, ric -0.008600, ricir -0.226771, prec@10 0.655967, prec@30 0.596982 
Epoch 59, train_loss 0.001491, train_ic 0.004454, train_icir 0.059974, train_ric 0.001761, train_ricir 0.015047, valid_loss 0.0018672152 , valid_ic -0.007454, valid_icir -0.162644, valid_ric -0.012277, valid_ricir -0.129054, test_loss 0.003541, ic -0.012462, icir -0.213535, ric -0.012642, ricir -0.088414, prec@10 0.655556, prec@30 0.595748 
Epoch 60, train_loss 0.001625, train_ic 0.001006, train_icir 0.014700, train_ric -0.013882, train_ricir -0.134742, valid_loss 0.0015862897 , valid_ic -0.000127, valid_icir -0.003425, valid_ric -0.009152, valid_ricir -0.117816, test_loss 0.003338, ic -0.003241, icir -0.060850, ric -0.005806, ricir -0.068043, prec@10 0.505350, prec@30 0.490535 
Epoch 61, train_loss 0.001479, train_ic -0.001479, train_icir -0.021852, train_ric 0.015218, train_ricir 0.166253, valid_loss 0.0032804520 , valid_ic -0.007195, valid_icir -0.171632, valid_ric 0.016414, valid_ricir 0.265037, test_loss 0.005086, ic -0.013476, icir -0.265350, ric 0.004809, ricir 0.056034, prec@10 0.650206, prec@30 0.594787 
Epoch 62, train_loss 0.001472, train_ic -0.000293, train_icir -0.003659, train_ric -0.019532, train_ricir -0.160654, valid_loss 0.0014775372 , valid_ic -0.000208, valid_icir -0.006171, valid_ric -0.010259, valid_ricir -0.110619, test_loss 0.003075, ic -0.001389, icir -0.036085, ric -0.006416, ricir -0.059862, prec@10 0.507407, prec@30 0.500686 
Epoch 63, train_loss 0.001541, train_ic 0.005150, train_icir 0.069495, train_ric -0.007858, train_ricir -0.082349, valid_loss 0.0013861695 , valid_ic -0.004880, valid_icir -0.098063, valid_ric -0.016943, valid_ricir -0.283732, test_loss 0.003242, ic -0.009741, icir -0.139640, ric -0.010527, ricir -0.115346, prec@10 0.524691, prec@30 0.485734 
Epoch 64, train_loss 0.001434, train_ic -0.002984, train_icir -0.035760, train_ric -0.021935, train_ricir -0.167100, valid_loss 0.0020245051 , valid_ic -0.000443, valid_icir -0.015484, valid_ric -0.008984, valid_ricir -0.089665, test_loss 0.003684, ic -0.001790, icir -0.056984, ric -0.004035, ricir -0.030697, prec@10 0.529630, prec@30 0.518793 
Epoch 65, train_loss 0.001479, train_ic 0.001032, train_icir 0.014923, train_ric -0.010811, train_ricir -0.119537, valid_loss 0.0015473723 , valid_ic 0.001743, valid_icir 0.042847, valid_ric -0.008531, valid_ricir -0.121749, test_loss 0.003299, ic -0.000920, icir -0.017072, ric -0.005436, ricir -0.069735, prec@10 0.495473, prec@30 0.480521 
Epoch 66, train_loss 0.001431, train_ic 0.002947, train_icir 0.045563, train_ric -0.013835, train_ricir -0.162718, valid_loss 0.0014550047 , valid_ic 0.000974, valid_icir 0.025729, valid_ric -0.014959, valid_ricir -0.255284, test_loss 0.003188, ic -0.001646, icir -0.032236, ric -0.009130, ricir -0.134242, prec@10 0.506996, prec@30 0.492181 
Epoch 67, train_loss 0.001503, train_ic 0.003201, train_icir 0.047165, train_ric -0.007886, train_ricir -0.100892, valid_loss 0.0014869366 , valid_ic 0.000294, valid_icir 0.007206, valid_ric -0.010450, valid_ricir -0.189699, test_loss 0.003196, ic -0.002863, icir -0.049668, ric -0.006438, ricir -0.097819, prec@10 0.515226, prec@30 0.493278 
Epoch 68, train_loss 0.001443, train_ic -0.001542, train_icir -0.022460, train_ric -0.008682, train_ricir -0.076138, valid_loss 0.0014404328 , valid_ic -0.000246, valid_icir -0.008635, valid_ric -0.000413, valid_ricir -0.004857, test_loss 0.003045, ic -0.004390, icir -0.101279, ric 0.000005, ricir 0.000045, prec@10 0.510288, prec@30 0.511248 
Epoch 69, train_loss 0.001456, train_ic -0.004203, train_icir -0.039809, train_ric -0.019868, train_ricir -0.142576, valid_loss 0.0014487084 , valid_ic 0.005135, valid_icir 0.093289, valid_ric -0.004849, valid_ricir -0.045041, test_loss 0.003071, ic 0.006203, icir 0.128818, ric 0.000322, ricir 0.002233, prec@10 0.500412, prec@30 0.510288 
Epoch 70, train_loss 0.001420, train_ic 0.005853, train_icir 0.062025, train_ric 0.010977, train_ricir 0.076315, valid_loss 0.0014978664 , valid_ic -0.007688, valid_icir -0.135996, valid_ric -0.006195, valid_ricir -0.055474, test_loss 0.003112, ic -0.013415, icir -0.189398, ric -0.010492, ricir -0.065658, prec@10 0.651029, prec@30 0.595610 
Epoch 71, train_loss 0.001406, train_ic 0.002181, train_icir 0.033184, train_ric -0.015340, train_ricir -0.170238, valid_loss 0.0014060866 , valid_ic 0.002007, valid_icir 0.050498, valid_ric -0.015008, valid_ricir -0.226277, test_loss 0.003137, ic -0.000447, icir -0.008585, ric -0.009098, ricir -0.123232, prec@10 0.513580, prec@30 0.498491 
Early stopping -----
Epoch 72, train_loss 0.001431, train_ic 0.001458, train_icir 0.021630, train_ric -0.017777, train_ricir -0.177608, valid_loss 0.0015372863 , valid_ic 0.004093, valid_icir 0.096386, valid_ric -0.013336, valid_ricir -0.177067, test_loss 0.003288, ic 0.002079, icir 0.040711, ric -0.008538, ricir -0.103609, prec@10 0.510700, prec@30 0.495199 
Epoch 73, train_loss 0.001456, train_ic 0.007304, train_icir 0.086354, train_ric -0.002698, train_ricir -0.020368, valid_loss 0.0013628749 , valid_ic -0.005143, valid_icir -0.097960, valid_ric -0.020195, valid_ricir -0.197498, test_loss 0.003001, ic -0.009571, icir -0.138939, ric -0.015152, ricir -0.103874, prec@10 0.530041, prec@30 0.492455 
Epoch 74, train_loss 0.001429, train_ic 0.001385, train_icir 0.028302, train_ric -0.016410, train_ricir -0.171284, valid_loss 0.0019361205 , valid_ic -0.003943, valid_icir -0.158485, valid_ric -0.016933, valid_ricir -0.301672, test_loss 0.003463, ic -0.007121, icir -0.188059, ric -0.015068, ricir -0.231996, prec@10 0.660905, prec@30 0.596022 
Epoch 75, train_loss 0.001432, train_ic 0.004210, train_icir 0.070797, train_ric -0.018350, train_ricir -0.198133, valid_loss 0.0012415896 , valid_ic -0.002958, valid_icir -0.081694, valid_ric -0.020700, valid_ricir -0.338517, test_loss 0.002791, ic -0.006249, icir -0.116434, ric -0.012264, ricir -0.165047, prec@10 0.519342, prec@30 0.498217 
Epoch 76, train_loss 0.001392, train_ic -0.001473, train_icir -0.016476, train_ric -0.019868, train_ricir -0.147218, valid_loss 0.0014172118 , valid_ic 0.003076, valid_icir 0.080135, valid_ric -0.005797, valid_ricir -0.055293, test_loss 0.002937, ic 0.002450, icir 0.066508, ric -0.001661, ricir -0.012301, prec@10 0.521811, prec@30 0.510151 
Epoch 77, train_loss 0.001513, train_ic -0.004359, train_icir -0.051860, train_ric -0.022421, train_ricir -0.185590, valid_loss 0.0018197182 , valid_ic 0.000448, valid_icir 0.013566, valid_ric -0.010386, valid_ricir -0.119359, test_loss 0.003522, ic 0.000102, icir 0.003475, ric -0.005388, ricir -0.045666, prec@10 0.541564, prec@30 0.526749 
Epoch 78, train_loss 0.001419, train_ic -0.000246, train_icir -0.003079, train_ric -0.019658, train_ricir -0.169561, valid_loss 0.0015521892 , valid_ic 0.006280, valid_icir 0.128544, valid_ric -0.011039, valid_ricir -0.122183, test_loss 0.003172, ic 0.006525, icir 0.141680, ric -0.006085, ricir -0.058021, prec@10 0.506996, prec@30 0.487517 
Epoch 79, train_loss 0.001454, train_ic -0.001334, train_icir -0.014310, train_ric -0.018214, train_ricir -0.141653, valid_loss 0.0016471216 , valid_ic 0.005710, valid_icir 0.109084, valid_ric -0.006951, valid_ricir -0.070209, test_loss 0.003219, ic 0.006038, icir 0.126603, ric -0.003221, ricir -0.026575, prec@10 0.509877, prec@30 0.511248 
Epoch 80, train_loss 0.001443, train_ic 0.003439, train_icir 0.052581, train_ric -0.013233, train_ricir -0.155362, valid_loss 0.0012381500 , valid_ic -0.000424, valid_icir -0.011811, valid_ric -0.015580, valid_ricir -0.265963, test_loss 0.002786, ic -0.003057, icir -0.061457, ric -0.009364, ricir -0.136044, prec@10 0.511111, prec@30 0.493416 
Epoch 81, train_loss 0.001341, train_ic 0.003102, train_icir 0.047287, train_ric -0.017046, train_ricir -0.188543, valid_loss 0.0013907648 , valid_ic 0.000896, valid_icir 0.022015, valid_ric -0.018191, valid_ricir -0.286400, test_loss 0.003043, ic -0.001642, icir -0.029855, ric -0.010925, ricir -0.151756, prec@10 0.518930, prec@30 0.498765 
Epoch 82, train_loss 0.001382, train_ic 0.000341, train_icir 0.005002, train_ric -0.010667, train_ricir -0.115374, valid_loss 0.0012493710 , valid_ic 0.002363, valid_icir 0.064720, valid_ric -0.008073, valid_ricir -0.110799, test_loss 0.002754, ic 0.000262, icir 0.006030, ric -0.004692, ricir -0.056391, prec@10 0.499588, prec@30 0.479973 
Epoch 83, train_loss 0.001399, train_ic -0.003016, train_icir -0.038936, train_ric -0.019239, train_ricir -0.147023, valid_loss 0.0014261016 , valid_ic 0.000486, valid_icir 0.018772, valid_ric -0.006967, valid_ricir -0.069888, test_loss 0.002887, ic -0.001529, icir -0.046870, ric -0.002324, ricir -0.019017, prec@10 0.531276, prec@30 0.525789 
Epoch 84, train_loss 0.001411, train_ic 0.001675, train_icir 0.033780, train_ric -0.028489, train_ricir -0.264482, valid_loss 0.0014283045 , valid_ic -0.003780, valid_icir -0.125277, valid_ric -0.025507, valid_ricir -0.347797, test_loss 0.002890, ic -0.006995, icir -0.149493, ric -0.020011, ricir -0.275720, prec@10 0.555967, prec@30 0.544856 
Epoch 85, train_loss 0.001410, train_ic 0.005976, train_icir 0.055987, train_ric 0.016704, train_ricir 0.117397, valid_loss 0.0025834915 , valid_ic -0.011125, valid_icir -0.154852, valid_ric -0.000635, valid_ricir -0.005685, test_loss 0.004481, ic -0.019536, icir -0.237134, ric -0.007220, ricir -0.045371, prec@10 0.649794, prec@30 0.596296 
Epoch 86, train_loss 0.001386, train_ic 0.004646, train_icir 0.063238, train_ric -0.005157, train_ricir -0.065000, valid_loss 0.0013407851 , valid_ic -0.003030, valid_icir -0.065581, valid_ric -0.010472, valid_ricir -0.214528, test_loss 0.002832, ic -0.007721, icir -0.121948, ric -0.006311, ricir -0.087854, prec@10 0.491358, prec@30 0.485734 
Epoch 87, train_loss 0.001348, train_ic 0.002956, train_icir 0.046013, train_ric -0.012025, train_ricir -0.140395, valid_loss 0.0012172698 , valid_ic -0.001910, valid_icir -0.051032, valid_ric -0.015925, valid_ricir -0.289346, test_loss 0.002751, ic -0.005272, icir -0.096758, ric -0.009381, ricir -0.135588, prec@10 0.511523, prec@30 0.485322 
Epoch 88, train_loss 0.001387, train_ic 0.006562, train_icir 0.085274, train_ric -0.004075, train_ricir -0.040352, valid_loss 0.0014112458 , valid_ic -0.003273, valid_icir -0.070715, valid_ric -0.014892, valid_ricir -0.232620, test_loss 0.002982, ic -0.007313, icir -0.121449, ric -0.010395, ricir -0.107586, prec@10 0.506584, prec@30 0.489163 
Epoch 89, train_loss 0.001397, train_ic 0.004521, train_icir 0.054965, train_ric 0.005790, train_ricir 0.044940, valid_loss 0.0024682430 , valid_ic -0.010253, valid_icir -0.178088, valid_ric -0.005536, valid_ricir -0.055223, test_loss 0.004194, ic -0.016604, icir -0.273411, ric -0.009260, ricir -0.066895, prec@10 0.648560, prec@30 0.594925 
Epoch 90, train_loss 0.001403, train_ic -0.000595, train_icir -0.007878, train_ric -0.021581, train_ricir -0.177999, valid_loss 0.0012723041 , valid_ic 0.003073, valid_icir 0.084292, valid_ric -0.011628, valid_ricir -0.123813, test_loss 0.002707, ic 0.001975, icir 0.053322, ric -0.005016, ricir -0.044850, prec@10 0.500000, prec@30 0.517558 
Epoch 91, train_loss 0.001428, train_ic 0.004944, train_icir 0.070953, train_ric -0.012014, train_ricir -0.132327, valid_loss 0.0014828654 , valid_ic -0.002681, valid_icir -0.065342, valid_ric -0.018113, valid_ricir -0.329035, test_loss 0.003073, ic -0.006176, icir -0.107308, ric -0.010952, ricir -0.145388, prec@10 0.518930, prec@30 0.489300 
Epoch 92, train_loss 0.001368, train_ic -0.000721, train_icir -0.008260, train_ric -0.019684, train_ricir -0.157574, valid_loss 0.0014004071 , valid_ic 0.005138, valid_icir 0.102607, valid_ric -0.009940, valid_ricir -0.103661, test_loss 0.002894, ic 0.005335, icir 0.115872, ric -0.005683, ricir -0.049905, prec@10 0.517695, prec@30 0.491221 
Epoch 93, train_loss 0.001388, train_ic -0.001614, train_icir -0.022343, train_ric -0.024227, train_ricir -0.202497, valid_loss 0.0016612865 , valid_ic -0.002019, valid_icir -0.086175, valid_ric -0.014129, valid_ricir -0.167100, test_loss 0.003100, ic -0.003780, icir -0.120254, ric -0.010905, ricir -0.108833, prec@10 0.534979, prec@30 0.530727 
Epoch 94, train_loss 0.001310, train_ic 0.006052, train_icir 0.075745, train_ric -0.003080, train_ricir -0.033882, valid_loss 0.0028526462 , valid_ic -0.002676, valid_icir -0.048743, valid_ric -0.012833, valid_ricir -0.226928, test_loss 0.005203, ic -0.006180, icir -0.080627, ric -0.008950, ricir -0.105509, prec@10 0.519753, prec@30 0.488477 
Epoch 95, train_loss 0.001317, train_ic 0.006568, train_icir 0.060749, train_ric 0.016857, train_ricir 0.118580, valid_loss 0.0023506201 , valid_ic -0.011096, valid_icir -0.154040, valid_ric -0.000593, valid_ricir -0.005314, test_loss 0.004090, ic -0.019404, icir -0.234146, ric -0.007336, ricir -0.046222, prec@10 0.649794, prec@30 0.595199 
Epoch 96, train_loss 0.001350, train_ic 0.003747, train_icir 0.043473, train_ric 0.016770, train_ricir 0.130006, valid_loss 0.0029417075 , valid_ic -0.009527, valid_icir -0.163987, valid_ric 0.003595, valid_ricir 0.034836, test_loss 0.004576, ic -0.016336, icir -0.265898, ric -0.003605, ricir -0.026057, prec@10 0.649794, prec@30 0.595610 
Epoch 97, train_loss 0.001391, train_ic 0.007270, train_icir 0.087575, train_ric -0.000896, train_ricir -0.006289, valid_loss 0.0012731437 , valid_ic -0.007508, valid_icir -0.163607, valid_ric -0.017244, valid_ricir -0.156663, test_loss 0.002702, ic -0.011648, icir -0.201455, ric -0.017473, ricir -0.109271, prec@10 0.644444, prec@30 0.595336 
Epoch 98, train_loss 0.001405, train_ic -0.002976, train_icir -0.030637, train_ric -0.021254, train_ricir -0.153769, valid_loss 0.0018239775 , valid_ic 0.002053, valid_icir 0.052206, valid_ric -0.006710, valid_ricir -0.062971, test_loss 0.003279, ic 0.001503, icir 0.042872, ric -0.001263, ricir -0.009014, prec@10 0.506173, prec@30 0.511797 
Epoch 99, train_loss 0.001362, train_ic -0.004089, train_icir -0.044490, train_ric -0.017542, train_ricir -0.127965, valid_loss 0.0012635955 , valid_ic 0.004109, valid_icir 0.106286, valid_ric -0.002238, valid_ricir -0.020826, test_loss 0.002703, ic 0.003067, icir 0.090421, ric 0.003569, ricir 0.024408, prec@10 0.520576, prec@30 0.527435 
Epoch 100, train_loss 0.001331, train_ic 0.004719, train_icir 0.079344, train_ric -0.027334, train_ricir -0.215166, valid_loss 0.0013789127 , valid_ic -0.004253, valid_icir -0.161389, valid_ric -0.034923, valid_ricir -0.419914, test_loss 0.002750, ic -0.006686, icir -0.180571, ric -0.024496, ricir -0.207277, prec@10 0.634568, prec@30 0.592044 
Epoch 101, train_loss 0.001355, train_ic 0.003327, train_icir 0.055899, train_ric -0.014319, train_ricir -0.159353, valid_loss 0.0011851963 , valid_ic -0.001623, valid_icir -0.054683, valid_ric -0.017758, valid_ricir -0.314507, test_loss 0.002575, ic -0.004741, icir -0.110654, ric -0.009873, ricir -0.145358, prec@10 0.509877, prec@30 0.489026 
Epoch 102, train_loss 0.001349, train_ic 0.000328, train_icir 0.004142, train_ric -0.025388, train_ricir -0.204240, valid_loss 0.0013198463 , valid_ic 0.004206, valid_icir 0.097331, valid_ric -0.015067, valid_ricir -0.159268, test_loss 0.002747, ic 0.003893, icir 0.095358, ric -0.007937, ricir -0.072799, prec@10 0.529630, prec@30 0.501646 
Epoch 103, train_loss 0.001338, train_ic 0.007594, train_icir 0.084413, train_ric 0.003566, train_ricir 0.031588, valid_loss 0.0015024849 , valid_ic -0.005212, valid_icir -0.085950, valid_ric -0.010301, valid_ricir -0.129970, test_loss 0.003289, ic -0.010248, icir -0.128780, ric -0.008372, ricir -0.070790, prec@10 0.507819, prec@30 0.484636 
Epoch 104, train_loss 0.001340, train_ic 0.002056, train_icir 0.037891, train_ric -0.015596, train_ricir -0.155164, valid_loss 0.0015547904 , valid_ic -0.005684, valid_icir -0.202394, valid_ric -0.013677, valid_ricir -0.231501, test_loss 0.002992, ic -0.008627, icir -0.259816, ric -0.010294, ricir -0.150731, prec@10 0.650617, prec@30 0.591495 
Epoch 105, train_loss 0.001333, train_ic 0.002039, train_icir 0.031330, train_ric -0.016012, train_ricir -0.168148, valid_loss 0.0011897054 , valid_ic 0.001763, valid_icir 0.050538, valid_ric -0.015065, valid_ricir -0.215319, test_loss 0.002608, ic -0.000442, icir -0.010203, ric -0.008757, ricir -0.112812, prec@10 0.516872, prec@30 0.494650 
Epoch 106, train_loss 0.001346, train_ic 0.003383, train_icir 0.067793, train_ric -0.013106, train_ricir -0.137775, valid_loss 0.0014790938 , valid_ic -0.002696, valid_icir -0.088402, valid_ric -0.018992, valid_ricir -0.338219, test_loss 0.002847, ic -0.005954, icir -0.130584, ric -0.010162, ricir -0.152707, prec@10 0.522634, prec@30 0.509328 
Epoch 107, train_loss 0.001499, train_ic 0.003834, train_icir 0.067011, train_ric -0.007710, train_ricir -0.084444, valid_loss 0.0014007915 , valid_ic -0.004078, valid_icir -0.111809, valid_ric -0.018011, valid_ricir -0.306093, test_loss 0.002770, ic -0.008616, icir -0.164483, ric -0.014717, ricir -0.145822, prec@10 0.636214, prec@30 0.591358 
Epoch 108, train_loss 0.001309, train_ic 0.002955, train_icir 0.051361, train_ric -0.021744, train_ricir -0.211258, valid_loss 0.0011282932 , valid_ic -0.001007, valid_icir -0.032749, valid_ric -0.023714, valid_ricir -0.361010, test_loss 0.002524, ic -0.003489, icir -0.079253, ric -0.013752, ricir -0.185882, prec@10 0.523045, prec@30 0.494513 
Epoch 109, train_loss 0.001342, train_ic 0.002606, train_icir 0.041847, train_ric -0.017593, train_ricir -0.179904, valid_loss 0.0011507215 , valid_ic 0.000104, valid_icir 0.003270, valid_ric -0.019145, valid_ricir -0.295534, test_loss 0.002535, ic -0.002196, icir -0.050370, ric -0.011322, ricir -0.154298, prec@10 0.504938, prec@30 0.483813 
Epoch 110, train_loss 0.001358, train_ic -0.000741, train_icir -0.008520, train_ric -0.025877, train_ricir -0.189183, valid_loss 0.0011911235 , valid_ic 0.002279, valid_icir 0.062783, valid_ric -0.013135, valid_ricir -0.125556, test_loss 0.002556, ic 0.001926, icir 0.056051, ric -0.005080, ricir -0.039509, prec@10 0.500412, prec@30 0.506310 
Epoch 111, train_loss 0.001314, train_ic 0.006043, train_icir 0.092763, train_ric -0.020677, train_ricir -0.143688, valid_loss 0.0012724270 , valid_ic -0.005417, valid_icir -0.152620, valid_ric -0.035682, valid_ricir -0.344208, test_loss 0.002642, ic -0.008406, icir -0.168527, ric -0.026580, ricir -0.174976, prec@10 0.648560, prec@30 0.593690 
Epoch 112, train_loss 0.001389, train_ic 0.004685, train_icir 0.062169, train_ric -0.000181, train_ricir -0.002105, valid_loss 0.0014478909 , valid_ic -0.002363, valid_icir -0.051517, valid_ric -0.008308, valid_ricir -0.161432, test_loss 0.003076, ic -0.006449, icir -0.100869, ric -0.005154, ricir -0.065558, prec@10 0.492593, prec@30 0.485871 
Epoch 113, train_loss 0.001368, train_ic 0.006989, train_icir 0.089962, train_ric -0.004432, train_ricir -0.033981, valid_loss 0.0013025865 , valid_ic -0.008518, valid_icir -0.192985, valid_ric -0.014372, valid_ricir -0.153577, test_loss 0.002714, ic -0.012107, icir -0.251571, ric -0.013825, ricir -0.101284, prec@10 0.646914, prec@30 0.594650 
Epoch 114, train_loss 0.001353, train_ic -0.005331, train_icir -0.048672, train_ric -0.019176, train_ricir -0.137415, valid_loss 0.0014288557 , valid_ic 0.004105, valid_icir 0.067635, valid_ric -0.004012, valid_ricir -0.037047, test_loss 0.002811, ic 0.005552, icir 0.107276, ric 0.002112, ricir 0.014442, prec@10 0.498354, prec@30 0.510700 
Epoch 115, train_loss 0.001343, train_ic 0.006395, train_icir 0.075472, train_ric 0.012849, train_ricir 0.092776, valid_loss 0.0011223584 , valid_ic -0.005254, valid_icir -0.134981, valid_ric -0.003731, valid_ricir -0.034263, test_loss 0.002474, ic -0.009214, icir -0.195331, ric -0.008078, ricir -0.053654, prec@10 0.644444, prec@30 0.595199 
Epoch 116, train_loss 0.001337, train_ic -0.002008, train_icir -0.022319, train_ric -0.019804, train_ricir -0.143288, valid_loss 0.0012522046 , valid_ic 0.001942, valid_icir 0.060384, valid_ric -0.006145, valid_ricir -0.057660, test_loss 0.002608, ic 0.000899, icir 0.029311, ric 0.000745, ricir 0.005256, prec@10 0.520165, prec@30 0.523868 
Epoch 117, train_loss 0.001287, train_ic -0.000463, train_icir -0.005462, train_ric -0.017733, train_ricir -0.133303, valid_loss 0.0012039330 , valid_ic 0.004600, valid_icir 0.110754, valid_ric -0.005935, valid_ricir -0.057901, test_loss 0.002566, ic 0.004283, icir 0.113415, ric 0.000605, ricir 0.004595, prec@10 0.507407, prec@30 0.513580 
Epoch 118, train_loss 0.001475, train_ic -0.001990, train_icir -0.021215, train_ric -0.027031, train_ricir -0.195347, valid_loss 0.0012785966 , valid_ic 0.001126, valid_icir 0.030863, valid_ric -0.013621, valid_ricir -0.128704, test_loss 0.002653, ic 0.001379, icir 0.042287, ric -0.004475, ricir -0.033589, prec@10 0.515638, prec@30 0.506310 
Epoch 119, train_loss 0.001332, train_ic -0.002360, train_icir -0.025614, train_ric -0.025902, train_ricir -0.183943, valid_loss 0.0017934901 , valid_ic 0.000340, valid_icir 0.010810, valid_ric -0.011135, valid_ricir -0.102745, test_loss 0.003241, ic 0.000604, icir 0.020611, ric -0.002192, ricir -0.015312, prec@10 0.518519, prec@30 0.526200 
Epoch 120, train_loss 0.001288, train_ic -0.002062, train_icir -0.021196, train_ric -0.020871, train_ricir -0.153529, valid_loss 0.0012232826 , valid_ic 0.003853, valid_icir 0.081792, valid_ric -0.008264, valid_ricir -0.079058, test_loss 0.002579, ic 0.004206, icir 0.103274, ric -0.002624, ricir -0.019930, prec@10 0.530041, prec@30 0.515226 
Epoch 121, train_loss 0.001343, train_ic 0.003058, train_icir 0.047280, train_ric -0.017009, train_ricir -0.169439, valid_loss 0.0011500844 , valid_ic 0.000469, valid_icir 0.014162, valid_ric -0.015325, valid_ricir -0.215240, test_loss 0.002534, ic -0.001930, icir -0.043271, ric -0.008739, ricir -0.111058, prec@10 0.527572, prec@30 0.496982 
Epoch 122, train_loss 0.001314, train_ic 0.006425, train_icir 0.080038, train_ric 0.002883, train_ricir 0.027344, valid_loss 0.0014970524 , valid_ic -0.005540, valid_icir -0.095805, valid_ric -0.010336, valid_ricir -0.143459, test_loss 0.003440, ic -0.010265, icir -0.128363, ric -0.008093, ricir -0.074666, prec@10 0.525926, prec@30 0.483539 
Epoch 123, train_loss 0.001318, train_ic 0.006413, train_icir 0.078810, train_ric 0.003576, train_ricir 0.027476, valid_loss 0.0017168232 , valid_ic -0.008660, valid_icir -0.183971, valid_ric -0.009822, valid_ricir -0.096617, test_loss 0.003104, ic -0.012607, icir -0.242268, ric -0.011202, ricir -0.078223, prec@10 0.646914, prec@30 0.594787 
Epoch 124, train_loss 0.001272, train_ic -0.004081, train_icir -0.042113, train_ric -0.026647, train_ricir -0.187902, valid_loss 0.0011965850 , valid_ic 0.001012, valid_icir 0.024797, valid_ric -0.012236, valid_ricir -0.112604, test_loss 0.002599, ic 0.002623, icir 0.075030, ric -0.002596, ricir -0.018101, prec@10 0.523868, prec@30 0.515912 
Epoch 125, train_loss 0.001294, train_ic 0.002908, train_icir 0.042294, train_ric -0.020803, train_ricir -0.201548, valid_loss 0.0014621032 , valid_ic 0.003332, valid_icir 0.081929, valid_ric -0.018409, valid_ricir -0.239010, test_loss 0.002891, ic 0.002372, icir 0.054495, ric -0.010592, ricir -0.124080, prec@10 0.527572, prec@30 0.498628 
Epoch 126, train_loss 0.001341, train_ic 0.005805, train_icir 0.073273, train_ric -0.002552, train_ricir -0.028395, valid_loss 0.0020927659 , valid_ic -0.002294, valid_icir -0.044954, valid_ric -0.012503, valid_ricir -0.224062, test_loss 0.003898, ic -0.005759, icir -0.082789, ric -0.008056, ricir -0.096366, prec@10 0.515226, prec@30 0.485322 
Epoch 127, train_loss 0.001358, train_ic 0.002302, train_icir 0.033195, train_ric -0.014897, train_ricir -0.159966, valid_loss 0.0016547922 , valid_ic 0.005388, valid_icir 0.117750, valid_ric -0.014821, valid_ricir -0.212611, test_loss 0.003186, ic 0.004841, icir 0.103262, ric -0.007974, ricir -0.101429, prec@10 0.526749, prec@30 0.498903 
Epoch 128, train_loss 0.001297, train_ic 0.004567, train_icir 0.073735, train_ric -0.013572, train_ricir -0.149605, valid_loss 0.0013625734 , valid_ic 0.000718, valid_icir 0.021859, valid_ric -0.019778, valid_ricir -0.351570, test_loss 0.002737, ic -0.001608, icir -0.036943, ric -0.010981, ricir -0.154469, prec@10 0.532099, prec@30 0.495748 
Epoch 129, train_loss 0.001318, train_ic -0.001623, train_icir -0.015452, train_ric -0.022202, train_ricir -0.158645, valid_loss 0.0017222688 , valid_ic 0.007605, valid_icir 0.121652, valid_ric -0.008500, valid_ricir -0.078970, test_loss 0.003142, ic 0.010574, icir 0.186311, ric -0.001280, ricir -0.009036, prec@10 0.508230, prec@30 0.511934 
Epoch 130, train_loss 0.001284, train_ic 0.004135, train_icir 0.066923, train_ric -0.024785, train_ricir -0.228683, valid_loss 0.0011359295 , valid_ic 0.000792, valid_icir 0.025954, valid_ric -0.024905, valid_ricir -0.339826, test_loss 0.002457, ic -0.001080, icir -0.027368, ric -0.012926, ricir -0.158909, prec@10 0.534568, prec@30 0.508916 
Epoch 131, train_loss 0.001255, train_ic 0.004958, train_icir 0.070232, train_ric -0.001029, train_ricir -0.011856, valid_loss 0.0011764803 , valid_ic -0.001039, valid_icir -0.025845, valid_ric -0.009952, valid_ricir -0.195833, test_loss 0.002606, ic -0.004730, icir -0.084304, ric -0.006013, ricir -0.080131, prec@10 0.520988, prec@30 0.493278 
Epoch 132, train_loss 0.001322, train_ic 0.009033, train_icir 0.102119, train_ric 0.011518, train_ricir 0.080991, valid_loss 0.0011390300 , valid_ic -0.006246, valid_icir -0.137793, valid_ric -0.007891, valid_ricir -0.070941, test_loss 0.002460, ic -0.010077, icir -0.179164, ric -0.011403, ricir -0.071495, prec@10 0.645267, prec@30 0.594787 
Epoch 133, train_loss 0.001283, train_ic 0.008483, train_icir 0.105061, train_ric 0.006363, train_ricir 0.048250, valid_loss 0.0014269581 , valid_ic -0.006410, valid_icir -0.157018, valid_ric -0.009675, valid_ricir -0.094112, test_loss 0.002740, ic -0.010078, icir -0.220289, ric -0.010815, ricir -0.074449, prec@10 0.648971, prec@30 0.596022 
Epoch 134, train_loss 0.001289, train_ic 0.005757, train_icir 0.100532, train_ric -0.013415, train_ricir -0.141331, valid_loss 0.0011834936 , valid_ic -0.000733, valid_icir -0.025158, valid_ric -0.022404, valid_ricir -0.395889, test_loss 0.002498, ic -0.003231, icir -0.077515, ric -0.011962, ricir -0.156763, prec@10 0.547737, prec@30 0.507133 
Epoch 135, train_loss 0.001323, train_ic 0.007432, train_icir 0.065467, train_ric 0.017800, train_ricir 0.125406, valid_loss 0.0017326616 , valid_ic -0.010826, valid_icir -0.141956, valid_ric -0.000034, valid_ricir -0.000304, test_loss 0.003330, ic -0.019107, icir -0.214108, ric -0.006746, ricir -0.042618, prec@10 0.647325, prec@30 0.594787 
Epoch 136, train_loss 0.001273, train_ic 0.005165, train_icir 0.070488, train_ric -0.001384, train_ricir -0.012138, valid_loss 0.0019053174 , valid_ic -0.009531, valid_icir -0.195600, valid_ric -0.010486, valid_ricir -0.126379, test_loss 0.003401, ic -0.013793, icir -0.280651, ric -0.008829, ricir -0.078814, prec@10 0.649794, prec@30 0.595748 
Epoch 137, train_loss 0.001295, train_ic 0.006905, train_icir 0.094061, train_ric -0.012275, train_ricir -0.095349, valid_loss 0.0011118568 , valid_ic -0.004845, valid_icir -0.169320, valid_ric -0.020410, valid_ricir -0.239383, test_loss 0.002402, ic -0.006796, icir -0.201084, ric -0.013641, ricir -0.123178, prec@10 0.628807, prec@30 0.581619 
Epoch 138, train_loss 0.001288, train_ic 0.005277, train_icir 0.085304, train_ric -0.027115, train_ricir -0.230227, valid_loss 0.0010691961 , valid_ic -0.000714, valid_icir -0.026709, valid_ric -0.027875, valid_ricir -0.360901, test_loss 0.002345, ic -0.002788, icir -0.072133, ric -0.013933, ricir -0.167542, prec@10 0.541152, prec@30 0.519753 
Epoch 139, train_loss 0.001295, train_ic 0.000147, train_icir 0.002254, train_ric -0.031026, train_ricir -0.270255, valid_loss 0.0011692207 , valid_ic -0.001820, valid_icir -0.087936, valid_ric -0.027018, valid_ricir -0.368837, test_loss 0.002505, ic -0.002515, icir -0.110729, ric -0.014923, ricir -0.178352, prec@10 0.531687, prec@30 0.527160 
Epoch 140, train_loss 0.001325, train_ic 0.004872, train_icir 0.078154, train_ric 0.000006, train_ricir 0.000060, valid_loss 0.0013449585 , valid_ic -0.006171, valid_icir -0.183492, valid_ric -0.007891, valid_ricir -0.107077, test_loss 0.002708, ic -0.009022, icir -0.271465, ric -0.006329, ricir -0.070821, prec@10 0.644033, prec@30 0.590672 
Epoch 141, train_loss 0.001282, train_ic 0.008473, train_icir 0.113269, train_ric 0.001654, train_ricir 0.012358, valid_loss 0.0012672812 , valid_ic -0.005570, valid_icir -0.164781, valid_ric -0.014628, valid_ricir -0.145809, test_loss 0.002552, ic -0.008285, icir -0.209530, ric -0.012685, ricir -0.092384, prec@10 0.645679, prec@30 0.594376 
Epoch 142, train_loss 0.001328, train_ic 0.008642, train_icir 0.082924, train_ric 0.017476, train_ricir 0.123783, valid_loss 0.0011573324 , valid_ic -0.007402, valid_icir -0.129011, valid_ric -0.001830, valid_ricir -0.016442, test_loss 0.002469, ic -0.012803, icir -0.200192, ric -0.007558, ricir -0.047873, prec@10 0.644033, prec@30 0.595199 
Epoch 143, train_loss 0.001241, train_ic 0.008006, train_icir 0.092409, train_ric 0.008310, train_ricir 0.069414, valid_loss 0.0012350927 , valid_ic -0.004941, valid_icir -0.095485, valid_ric -0.007642, valid_ricir -0.087739, test_loss 0.002674, ic -0.009327, icir -0.139160, ric -0.007187, ricir -0.055772, prec@10 0.512757, prec@30 0.489986 
Epoch 144, train_loss 0.001284, train_ic 0.010899, train_icir 0.129089, train_ric 0.005122, train_ricir 0.037461, valid_loss 0.0010819284 , valid_ic -0.004922, valid_icir -0.125995, valid_ric -0.015842, valid_ricir -0.148640, test_loss 0.002345, ic -0.007932, icir -0.161530, ric -0.015899, ricir -0.103404, prec@10 0.618930, prec@30 0.595199 
Epoch 145, train_loss 0.001309, train_ic 0.008348, train_icir 0.093735, train_ric 0.013445, train_ricir 0.094583, valid_loss 0.0010993666 , valid_ic -0.005498, valid_icir -0.131715, valid_ric -0.006147, valid_ricir -0.055279, test_loss 0.002379, ic -0.009546, icir -0.183947, ric -0.009976, ricir -0.062673, prec@10 0.647737, prec@30 0.594102 
Epoch 146, train_loss 0.001253, train_ic 0.008357, train_icir 0.074555, train_ric 0.017753, train_ricir 0.124610, valid_loss 0.0013048664 , valid_ic -0.008172, valid_icir -0.117205, valid_ric -0.000426, valid_ricir -0.003810, test_loss 0.002770, ic -0.015039, icir -0.185031, ric -0.006780, ricir -0.042810, prec@10 0.648971, prec@30 0.595610 
Epoch 147, train_loss 0.001273, train_ic 0.008546, train_icir 0.137430, train_ric -0.017202, train_ricir -0.164005, valid_loss 0.0010737560 , valid_ic -0.000857, valid_icir -0.031520, valid_ric -0.025910, valid_ricir -0.420920, test_loss 0.002327, ic -0.002732, icir -0.073253, ric -0.013547, ricir -0.170681, prec@10 0.532099, prec@30 0.506996 
Epoch 148, train_loss 0.001608, train_ic 0.009295, train_icir 0.122557, train_ric 0.010565, train_ricir 0.077094, valid_loss 0.0011082536 , valid_ic -0.004030, valid_icir -0.100278, valid_ric -0.010050, valid_ricir -0.093655, test_loss 0.002438, ic -0.008268, icir -0.152541, ric -0.012892, ricir -0.083993, prec@10 0.570370, prec@30 0.566667 
Epoch 149, train_loss 0.001239, train_ic 0.010177, train_icir 0.167126, train_ric -0.020553, train_ricir -0.192314, valid_loss 0.0011640081 , valid_ic -0.003164, valid_icir -0.128797, valid_ric -0.028412, valid_ricir -0.440666, test_loss 0.002428, ic -0.005283, icir -0.155468, ric -0.018616, ricir -0.261108, prec@10 0.639095, prec@30 0.589575 
Epoch 150, train_loss 0.001258, train_ic 0.010813, train_icir 0.112487, train_ric 0.014717, train_ricir 0.105729, valid_loss 0.0011410851 , valid_ic -0.007077, valid_icir -0.137831, valid_ric -0.006074, valid_ricir -0.055568, test_loss 0.002432, ic -0.011550, icir -0.214170, ric -0.008737, ricir -0.056752, prec@10 0.649794, prec@30 0.596022 
Epoch 151, train_loss 0.001278, train_ic 0.008371, train_icir 0.075842, train_ric 0.015152, train_ricir 0.108297, valid_loss 0.0015717801 , valid_ic -0.010605, valid_icir -0.137480, valid_ric -0.003486, valid_ricir -0.031511, test_loss 0.003227, ic -0.017999, icir -0.191636, ric -0.008888, ricir -0.056642, prec@10 0.646502, prec@30 0.595336 
Epoch 152, train_loss 0.001264, train_ic 0.004019, train_icir 0.046192, train_ric -0.024653, train_ricir -0.183186, valid_loss 0.0010948524 , valid_ic 0.002034, valid_icir 0.056054, valid_ric -0.017269, valid_ricir -0.172541, test_loss 0.002346, ic 0.001510, icir 0.041929, ric -0.009516, ricir -0.079255, prec@10 0.527984, prec@30 0.503155 
Epoch 153, train_loss 0.001290, train_ic 0.002567, train_icir 0.032433, train_ric -0.018948, train_ricir -0.142594, valid_loss 0.0010590164 , valid_ic 0.000208, valid_icir 0.008274, valid_ric -0.009032, valid_ricir -0.089628, test_loss 0.002301, ic -0.001580, icir -0.049871, ric -0.002897, ricir -0.023640, prec@10 0.512757, prec@30 0.507133 
Epoch 154, train_loss 0.001255, train_ic 0.006782, train_icir 0.096923, train_ric 0.005743, train_ricir 0.054821, valid_loss 0.0019306108 , valid_ic -0.007232, valid_icir -0.170548, valid_ric -0.006671, valid_ricir -0.080585, test_loss 0.003275, ic -0.011427, icir -0.257078, ric -0.007501, ricir -0.070352, prec@10 0.649794, prec@30 0.596159 
Epoch 155, train_loss 0.001240, train_ic 0.003026, train_icir 0.038884, train_ric -0.014838, train_ricir -0.132425, valid_loss 0.0015987702 , valid_ic 0.006930, valid_icir 0.138547, valid_ric -0.012860, valid_ricir -0.149471, test_loss 0.003014, ic 0.006880, icir 0.146271, ric -0.006858, ricir -0.068241, prec@10 0.543210, prec@30 0.525377 
Epoch 156, train_loss 0.001300, train_ic 0.000693, train_icir 0.007279, train_ric -0.020680, train_ricir -0.147706, valid_loss 0.0011905707 , valid_ic 0.005774, valid_icir 0.119146, valid_ric -0.008185, valid_ricir -0.076430, test_loss 0.002475, ic 0.006284, icir 0.149943, ric -0.001344, ricir -0.009464, prec@10 0.527572, prec@30 0.515912 
Epoch 157, train_loss 0.001250, train_ic 0.006212, train_icir 0.111387, train_ric -0.009534, train_ricir -0.099022, valid_loss 0.0012705293 , valid_ic -0.004798, valid_icir -0.180851, valid_ric -0.015942, valid_ricir -0.282352, test_loss 0.002564, ic -0.007316, icir -0.216458, ric -0.010176, ricir -0.159827, prec@10 0.649794, prec@30 0.595885 
Epoch 158, train_loss 0.001296, train_ic -0.003384, train_icir -0.035974, train_ric -0.021212, train_ricir -0.182516, valid_loss 0.0020921473 , valid_ic 0.001661, valid_icir 0.034177, valid_ric -0.010786, valid_ricir -0.135052, test_loss 0.003879, ic 0.002639, icir 0.058574, ric -0.005384, ricir -0.048844, prec@10 0.529218, prec@30 0.530041 
Epoch 159, train_loss 0.001288, train_ic 0.009358, train_icir 0.123061, train_ric 0.004837, train_ricir 0.037600, valid_loss 0.0011415374 , valid_ic -0.006093, valid_icir -0.164843, valid_ric -0.013010, valid_ricir -0.134368, test_loss 0.002402, ic -0.009292, icir -0.217794, ric -0.010669, ricir -0.079680, prec@10 0.648971, prec@30 0.595748 
Epoch 160, train_loss 0.001311, train_ic 0.008779, train_icir 0.104876, train_ric 0.011183, train_ricir 0.086084, valid_loss 0.0012480629 , valid_ic -0.007184, valid_icir -0.156149, valid_ric -0.004552, valid_ricir -0.045346, test_loss 0.002534, ic -0.011415, icir -0.243807, ric -0.006154, ricir -0.045390, prec@10 0.646502, prec@30 0.595336 
Epoch 161, train_loss 0.001261, train_ic 0.010357, train_icir 0.135540, train_ric 0.006789, train_ricir 0.054724, valid_loss 0.0011476434 , valid_ic -0.006201, valid_icir -0.151074, valid_ric -0.009779, valid_ricir -0.104347, test_loss 0.002416, ic -0.010288, icir -0.234811, ric -0.009744, ricir -0.073722, prec@10 0.649383, prec@30 0.595473 
Epoch 162, train_loss 0.001270, train_ic 0.010322, train_icir 0.104433, train_ric 0.016734, train_ricir 0.118410, valid_loss 0.0011456355 , valid_ic -0.007672, valid_icir -0.138492, valid_ric -0.004151, valid_ricir -0.037318, test_loss 0.002444, ic -0.013017, icir -0.212015, ric -0.008708, ricir -0.055096, prec@10 0.650206, prec@30 0.596022 
Epoch 163, train_loss 0.001254, train_ic 0.008210, train_icir 0.125312, train_ric -0.009322, train_ricir -0.102250, valid_loss 0.0011493531 , valid_ic 0.002660, valid_icir 0.075125, valid_ric -0.017450, valid_ricir -0.286992, test_loss 0.002446, ic -0.000278, icir -0.006136, ric -0.008465, ricir -0.114697, prec@10 0.547737, prec@30 0.534568 
Epoch 164, train_loss 0.001262, train_ic 0.008209, train_icir 0.132778, train_ric -0.001093, train_ricir -0.012682, valid_loss 0.0010822075 , valid_ic 0.000572, valid_icir 0.017636, valid_ric -0.011789, valid_ricir -0.229162, test_loss 0.002335, ic -0.002743, icir -0.060185, ric -0.006157, ricir -0.088847, prec@10 0.553909, prec@30 0.530590 
Epoch 165, train_loss 0.001266, train_ic 0.005733, train_icir 0.075854, train_ric -0.016638, train_ricir -0.135414, valid_loss 0.0010782996 , valid_ic 0.002235, valid_icir 0.077181, valid_ric -0.012558, valid_ricir -0.141633, test_loss 0.002293, ic 0.000617, icir 0.019221, ric -0.005044, ricir -0.047548, prec@10 0.511523, prec@30 0.519616 
Epoch 166, train_loss 0.001258, train_ic 0.008230, train_icir 0.118326, train_ric 0.007464, train_ricir 0.069374, valid_loss 0.0015568413 , valid_ic -0.005929, valid_icir -0.148496, valid_ric -0.003055, valid_ricir -0.039276, test_loss 0.002898, ic -0.009961, icir -0.262666, ric -0.002988, ricir -0.031783, prec@10 0.649794, prec@30 0.591358 
Epoch 167, train_loss 0.001255, train_ic 0.010921, train_icir 0.100587, train_ric 0.019612, train_ricir 0.137015, valid_loss 0.0012357731 , valid_ic -0.007753, valid_icir -0.123966, valid_ric -0.000755, valid_ricir -0.006752, test_loss 0.002548, ic -0.014067, icir -0.210592, ric -0.006583, ricir -0.041579, prec@10 0.650206, prec@30 0.595610 
Epoch 168, train_loss 0.001276, train_ic 0.008760, train_icir 0.149259, train_ric -0.014059, train_ricir -0.135653, valid_loss 0.0011741644 , valid_ic -0.000801, valid_icir -0.042654, valid_ric -0.016425, valid_ricir -0.275796, test_loss 0.002413, ic -0.003210, icir -0.122925, ric -0.008694, ricir -0.123994, prec@10 0.549383, prec@30 0.534294 
Epoch 169, train_loss 0.001247, train_ic 0.011113, train_icir 0.160390, train_ric -0.000705, train_ricir -0.007717, valid_loss 0.0011391587 , valid_ic 0.001023, valid_icir 0.027320, valid_ric -0.014153, valid_ricir -0.270812, test_loss 0.002442, ic -0.002586, icir -0.050791, ric -0.006480, ricir -0.086167, prec@10 0.562140, prec@30 0.536900 
Epoch 170, train_loss 0.001326, train_ic 0.007761, train_icir 0.087230, train_ric -0.018149, train_ricir -0.134720, valid_loss 0.0011395824 , valid_ic 0.005759, valid_icir 0.130652, valid_ric -0.013506, valid_ricir -0.134565, test_loss 0.002378, ic 0.005338, icir 0.133661, ric -0.004830, ricir -0.038676, prec@10 0.548148, prec@30 0.532922 
Epoch 171, train_loss 0.001266, train_ic 0.007798, train_icir 0.105721, train_ric -0.020086, train_ricir -0.154366, valid_loss 0.0010899957 , valid_ic 0.001612, valid_icir 0.065720, valid_ric -0.016719, valid_ricir -0.170449, test_loss 0.002288, ic -0.000165, icir -0.005393, ric -0.004067, ricir -0.033488, prec@10 0.526337, prec@30 0.523731 
Epoch 172, train_loss 0.001274, train_ic 0.016506, train_icir 0.165434, train_ric 0.018217, train_ricir 0.127358, valid_loss 0.0010946292 , valid_ic -0.005121, valid_icir -0.101470, valid_ric -0.005745, valid_ricir -0.051644, test_loss 0.002329, ic -0.010197, icir -0.189497, ric -0.008117, ricir -0.051327, prec@10 0.649383, prec@30 0.595473 
Epoch 173, train_loss 0.001253, train_ic 0.015747, train_icir 0.158244, train_ric 0.020302, train_ricir 0.141979, valid_loss 0.0011422010 , valid_ic -0.004255, valid_icir -0.091406, valid_ric -0.003307, valid_ricir -0.029665, test_loss 0.002376, ic -0.009128, icir -0.172115, ric -0.006930, ricir -0.043969, prec@10 0.649383, prec@30 0.595062 
Epoch 174, train_loss 0.001255, train_ic -0.000867, train_icir -0.007608, train_ric -0.017044, train_ricir -0.120966, valid_loss 0.0018265629 , valid_ic 0.010579, valid_icir 0.145242, valid_ric -0.003520, valid_ricir -0.032315, test_loss 0.003427, ic 0.015203, icir 0.204831, ric 0.003124, ricir 0.020800, prec@10 0.527160, prec@30 0.527984 
Epoch 175, train_loss 0.001315, train_ic 0.008507, train_icir 0.134273, train_ric -0.005344, train_ricir -0.059170, valid_loss 0.0011078975 , valid_ic -0.003600, valid_icir -0.149627, valid_ric -0.012249, valid_ricir -0.229886, test_loss 0.002368, ic -0.005654, icir -0.210667, ric -0.007228, ricir -0.129551, prec@10 0.645679, prec@30 0.594787 
Epoch 176, train_loss 0.001259, train_ic 0.021896, train_icir 0.302776, train_ric -0.023334, train_ricir -0.175329, valid_loss 0.0010958929 , valid_ic 0.001042, valid_icir 0.042168, valid_ric -0.027691, valid_ricir -0.312083, test_loss 0.002294, ic -0.001578, icir -0.047617, ric -0.011935, ricir -0.120903, prec@10 0.553086, prec@30 0.535940 
Epoch 177, train_loss 0.001262, train_ic 0.015186, train_icir 0.183389, train_ric -0.020551, train_ricir -0.149804, valid_loss 0.0010690753 , valid_ic 0.002331, valid_icir 0.090318, valid_ric -0.016715, valid_ricir -0.166758, test_loss 0.002251, ic 0.000148, icir 0.004821, ric -0.005106, ricir -0.040568, prec@10 0.545679, prec@30 0.525377 
Epoch 178, train_loss 0.001237, train_ic 0.019840, train_icir 0.237976, train_ric 0.010379, train_ricir 0.074910, valid_loss 0.0010604519 , valid_ic -0.001720, valid_icir -0.042663, valid_ric -0.018687, valid_ricir -0.172398, test_loss 0.002300, ic -0.006339, icir -0.122204, ric -0.010399, ricir -0.068240, prec@10 0.579012, prec@30 0.560631 
Epoch 179, train_loss 0.001245, train_ic 0.008680, train_icir 0.096754, train_ric -0.016768, train_ricir -0.122563, valid_loss 0.0011110672 , valid_ic 0.003736, valid_icir 0.112510, valid_ric -0.009937, valid_ricir -0.095088, test_loss 0.002314, ic 0.002274, icir 0.070871, ric -0.001471, ricir -0.010827, prec@10 0.543210, prec@30 0.519753 
Epoch 180, train_loss 0.001271, train_ic 0.001709, train_icir 0.015539, train_ric -0.018359, train_ricir -0.130240, valid_loss 0.0012344767 , valid_ic 0.006981, valid_icir 0.122768, valid_ric -0.007182, valid_ricir -0.066135, test_loss 0.002574, ic 0.008513, icir 0.167780, ric 0.001756, ricir 0.011731, prec@10 0.526749, prec@30 0.522497 
Epoch 181, train_loss 0.001225, train_ic -0.001447, train_icir -0.013429, train_ric -0.016571, train_ricir -0.118047, valid_loss 0.0014606553 , valid_ic 0.006410, valid_icir 0.114058, valid_ric -0.003045, valid_ricir -0.027987, test_loss 0.002885, ic 0.007855, icir 0.158146, ric 0.003320, ricir 0.022248, prec@10 0.516049, prec@30 0.524417 
Epoch 182, train_loss 0.001325, train_ic 0.010447, train_icir 0.139278, train_ric 0.008444, train_ricir 0.071985, valid_loss 0.0011041919 , valid_ic -0.005276, valid_icir -0.138052, valid_ric -0.005821, valid_ricir -0.065541, test_loss 0.002331, ic -0.009035, icir -0.237639, ric -0.006198, ricir -0.055028, prec@10 0.627160, prec@30 0.591358 
Epoch 183, train_loss 0.001261, train_ic 0.028376, train_icir 0.365560, train_ric 0.007847, train_ricir 0.066672, valid_loss 0.0012416597 , valid_ic 0.002096, valid_icir 0.063112, valid_ric -0.016783, valid_ricir -0.208883, test_loss 0.002433, ic -0.002700, icir -0.067969, ric -0.005412, ricir -0.050211, prec@10 0.539918, prec@30 0.551440 
Epoch 184, train_loss 0.001248, train_ic 0.021512, train_icir 0.232309, train_ric 0.023318, train_ricir 0.164207, valid_loss 0.0011365468 , valid_ic -0.001516, valid_icir -0.036779, valid_ric -0.001935, valid_ricir -0.017584, test_loss 0.002362, ic -0.006564, icir -0.129854, ric -0.004835, ricir -0.031249, prec@10 0.583951, prec@30 0.593827 
Epoch 185, train_loss 0.001237, train_ic 0.022126, train_icir 0.239612, train_ric 0.016950, train_ricir 0.127464, valid_loss 0.0012077216 , valid_ic -0.003431, valid_icir -0.069470, valid_ric -0.005075, valid_ricir -0.050746, test_loss 0.002443, ic -0.009264, icir -0.189020, ric -0.004917, ricir -0.035819, prec@10 0.647737, prec@30 0.595473 
Epoch 186, train_loss 0.001260, train_ic 0.011527, train_icir 0.175363, train_ric -0.004894, train_ricir -0.053541, valid_loss 0.0016766086 , valid_ic 0.004586, valid_icir 0.126911, valid_ric -0.013922, valid_ricir -0.222810, test_loss 0.002968, ic 0.001766, icir 0.041134, ric -0.006700, ricir -0.091165, prec@10 0.578189, prec@30 0.550343 
Epoch 187, train_loss 0.001255, train_ic 0.016240, train_icir 0.232555, train_ric -0.010936, train_ricir -0.103981, valid_loss 0.0014256626 , valid_ic 0.005989, valid_icir 0.184816, valid_ric -0.015659, valid_ricir -0.213132, test_loss 0.002620, ic 0.003519, icir 0.106172, ric -0.005959, ricir -0.068384, prec@10 0.537860, prec@30 0.531962 
Epoch 188, train_loss 0.001241, train_ic 0.011352, train_icir 0.102321, train_ric 0.019001, train_ricir 0.132898, valid_loss 0.0012988920 , valid_ic -0.008419, valid_icir -0.125015, valid_ric -0.001853, valid_ricir -0.016568, test_loss 0.002587, ic -0.015353, icir -0.213801, ric -0.006889, ricir -0.043525, prec@10 0.649383, prec@30 0.595473 
Epoch 189, train_loss 0.001258, train_ic 0.003577, train_icir 0.034393, train_ric -0.015618, train_ricir -0.112494, valid_loss 0.0011946400 , valid_ic 0.008142, valid_icir 0.149706, valid_ric -0.004737, valid_ricir -0.044005, test_loss 0.002445, ic 0.008597, icir 0.184977, ric 0.002542, ricir 0.017361, prec@10 0.529630, prec@30 0.525240 
Epoch 190, train_loss 0.001242, train_ic 0.019667, train_icir 0.199087, train_ric 0.025533, train_ricir 0.179392, valid_loss 0.0012943661 , valid_ic -0.003127, valid_icir -0.065681, valid_ric 0.002014, valid_ricir 0.018483, test_loss 0.002490, ic -0.009055, icir -0.182717, ric -0.002836, ricir -0.018552, prec@10 0.649383, prec@30 0.595748 
Epoch 191, train_loss 0.001259, train_ic 0.010822, train_icir 0.178021, train_ric -0.011429, train_ricir -0.108789, valid_loss 0.0013676244 , valid_ic 0.000331, valid_icir 0.011482, valid_ric -0.022126, valid_ricir -0.335569, test_loss 0.002582, ic -0.002459, icir -0.060774, ric -0.013204, ricir -0.164579, prec@10 0.513169, prec@30 0.501372 
Epoch 192, train_loss 0.001248, train_ic 0.020795, train_icir 0.225179, train_ric 0.020806, train_ricir 0.147319, valid_loss 0.0012159721 , valid_ic -0.002450, valid_icir -0.057475, valid_ric -0.005784, valid_ricir -0.052821, test_loss 0.002442, ic -0.007298, icir -0.140293, ric -0.006766, ricir -0.043773, prec@10 0.643621, prec@30 0.596159 
Epoch 193, train_loss 0.001288, train_ic 0.012280, train_icir 0.191931, train_ric 0.006249, train_ricir 0.066890, valid_loss 0.0010892370 , valid_ic -0.001570, valid_icir -0.064975, valid_ric -0.003932, valid_ricir -0.067059, test_loss 0.002308, ic -0.004959, icir -0.191822, ric -0.001760, ricir -0.026982, prec@10 0.626749, prec@30 0.579973 
Epoch 194, train_loss 0.001236, train_ic 0.008630, train_icir 0.093351, train_ric -0.015194, train_ricir -0.111411, valid_loss 0.0010748630 , valid_ic 0.005516, valid_icir 0.158622, valid_ric -0.007683, valid_ricir -0.072514, test_loss 0.002293, ic 0.004000, icir 0.132645, ric 0.001617, ricir 0.011361, prec@10 0.537037, prec@30 0.523731 
Epoch 195, train_loss 0.001233, train_ic 0.005480, train_icir 0.108999, train_ric 0.009919, train_ricir 0.122474, valid_loss 0.0010458166 , valid_ic 0.001461, valid_icir 0.087951, valid_ric 0.007884, valid_ricir 0.170521, test_loss 0.002258, ic -0.001508, icir -0.074122, ric 0.005449, ricir 0.090317, prec@10 0.532510, prec@30 0.524966 
Epoch 196, train_loss 0.001225, train_ic 0.014202, train_icir 0.208591, train_ric -0.001521, train_ricir -0.016568, valid_loss 0.0017868456 , valid_ic 0.006389, valid_icir 0.159742, valid_ric -0.013405, valid_ricir -0.223248, test_loss 0.003114, ic 0.003622, icir 0.080114, ric -0.005799, ricir -0.079641, prec@10 0.572840, prec@30 0.546914 
Epoch 197, train_loss 0.001219, train_ic 0.016587, train_icir 0.144599, train_ric 0.020337, train_ricir 0.142093, valid_loss 0.0012547316 , valid_ic -0.006624, valid_icir -0.093801, valid_ric -0.003293, valid_ricir -0.029544, test_loss 0.002596, ic -0.013449, icir -0.168845, ric -0.006559, ricir -0.041664, prec@10 0.644856, prec@30 0.595062 
Epoch 198, train_loss 0.001240, train_ic -0.000338, train_icir -0.003236, train_ric -0.017456, train_ricir -0.124694, valid_loss 0.0017462401 , valid_ic 0.009323, valid_icir 0.145918, valid_ric -0.005469, valid_ricir -0.050533, test_loss 0.003047, ic 0.012170, icir 0.206242, ric 0.001776, ricir 0.012006, prec@10 0.522634, prec@30 0.526886 
Epoch 199, train_loss 0.001233, train_ic 0.020500, train_icir 0.280661, train_ric 0.015239, train_ricir 0.115587, valid_loss 0.0010254119 , valid_ic -0.000120, valid_icir -0.004381, valid_ric -0.008892, valid_ricir -0.090455, test_loss 0.002203, ic -0.003533, icir -0.117238, ric -0.003716, ricir -0.030245, prec@10 0.520165, prec@30 0.529767 
Epoch 200, train_loss 0.001234, train_ic 0.016528, train_icir 0.172871, train_ric 0.021838, train_ricir 0.153381, valid_loss 0.0010361223 , valid_ic -0.001814, valid_icir -0.044410, valid_ric -0.003541, valid_ricir -0.031915, test_loss 0.002220, ic -0.006769, icir -0.133266, ric -0.004675, ricir -0.030205, prec@10 0.581893, prec@30 0.577366 
Best valid loss: 0
Best valid loss epoch: 199
Model saved to:  ../saved_models/Transformer/Transformer-CSI-2026-04-06-12-20-36
------- Test -----
{'IC': np.float64(-0.006769255873943552), 'ICIR': np.float64(-0.13326648776794545), 'RIC': np.float64(-0.004674684395606858), 'RICIR': np.float64(-0.030204608825532338), 'Prec@10': np.float64(0.5818930041152264), 'Prec@30': np.float64(0.577366255144033), 'MAE': np.float32(0.025955383), 'MAPE': np.float32(221.53638), 'RMSE': np.float32(0.056113865), 'ACC': np.float64(0.36649597659107536)}
