Dataset:  CSI
Radom seed: 1234
GPU: 7
Learning rate: 0.001
Loss: MaskedMSELoss

---------- GRU ----------
{
    "epochs": 200,
    "lookback_length": 16,
    "steps": 1,
    "lr": 0.0001,
    "clip_grad": 3.0,
    "data_args": {
        "dataset": "CSI",
        "batch_size": 1,
        "shuffle_train": true,
        "n_jobs": 20,
        "valid_year": 2019,
        "test_year": 2020,
        "window": 16,
        "steps": 1
    },
    "early_stop": 20,
    "runner": "csi",
    "loss": "mse",
    "model_args": {
        "d_feat": 1,
        "hidden_size": 64,
        "num_layers": 2,
        "dropout": 0.1
    }
}
Epoch 1, train_loss 0.138103, train_ic 0.005884, train_icir 0.058736, train_ric 0.015025, train_ricir 0.174265, valid_loss 0.0419080352 , valid_ic -0.005359, valid_icir -0.065274, valid_ric 0.005900, valid_ricir 0.095754, test_loss 0.078985, ic -0.013510, icir -0.115507, ric 0.000153, ricir 0.001834, prec@10 0.479835, prec@30 0.490261 
Epoch 2, train_loss 0.032940, train_ic 0.006125, train_icir 0.073052, train_ric -0.008026, train_ricir -0.098753, valid_loss 0.0217323588 , valid_ic -0.003539, valid_icir -0.049679, valid_ric -0.009031, valid_ricir -0.162674, test_loss 0.047988, ic -0.012026, icir -0.112272, ric -0.006866, ricir -0.086269, prec@10 0.498765, prec@30 0.512620 
Epoch 3, train_loss 0.018334, train_ic 0.006739, train_icir 0.096237, train_ric -0.005606, train_ricir -0.065822, valid_loss 0.0153526493 , valid_ic -0.004048, valid_icir -0.065652, valid_ric -0.009035, valid_ricir -0.186446, test_loss 0.035114, ic -0.012387, icir -0.125337, ric -0.004609, ricir -0.071764, prec@10 0.614403, prec@30 0.590672 
Epoch 4, train_loss 0.012148, train_ic 0.007243, train_icir 0.093912, train_ric 0.028307, train_ricir 0.221549, valid_loss 0.0106175188 , valid_ic -0.005433, valid_icir -0.083798, valid_ric 0.011759, valid_ricir 0.109676, test_loss 0.026722, ic -0.014428, icir -0.144730, ric 0.004717, ricir 0.034665, prec@10 0.633745, prec@30 0.589575 
Epoch 5, train_loss 0.008896, train_ic 0.006045, train_icir 0.069067, train_ric 0.036003, train_ricir 0.262209, valid_loss 0.0095127151 , valid_ic -0.008003, valid_icir -0.115846, valid_ric 0.016463, valid_ricir 0.152537, test_loss 0.023229, ic -0.017107, icir -0.169476, ric 0.005951, ricir 0.041719, prec@10 0.641564, prec@30 0.591770 
Epoch 6, train_loss 0.006885, train_ic 0.005142, train_icir 0.095573, train_ric -0.002940, train_ricir -0.033051, valid_loss 0.0075688230 , valid_ic -0.002737, valid_icir -0.055279, valid_ric 0.003829, valid_ricir 0.062962, test_loss 0.018996, ic -0.009972, icir -0.122717, ric 0.002901, ricir 0.046705, prec@10 0.527984, prec@30 0.526200 
Epoch 7, train_loss 0.005573, train_ic 0.009756, train_icir 0.170110, train_ric 0.019736, train_ricir 0.170653, valid_loss 0.0057107445 , valid_ic -0.002845, valid_icir -0.056294, valid_ric 0.001703, valid_ricir 0.023420, test_loss 0.015645, ic -0.009391, icir -0.115789, ric 0.009725, ricir 0.113163, prec@10 0.513992, prec@30 0.529767 
Epoch 8, train_loss 0.004718, train_ic 0.011860, train_icir 0.192666, train_ric 0.014364, train_ricir 0.105910, valid_loss 0.0048371573 , valid_ic -0.002648, valid_icir -0.051782, valid_ric -0.013013, valid_ricir -0.135351, test_loss 0.013571, ic -0.008684, icir -0.109106, ric 0.000148, ricir 0.001154, prec@10 0.546502, prec@30 0.548834 
Epoch 9, train_loss 0.004039, train_ic 0.006922, train_icir 0.101753, train_ric 0.039749, train_ricir 0.298245, valid_loss 0.0045300732 , valid_ic -0.002224, valid_icir -0.041891, valid_ric 0.030791, valid_ricir 0.293280, test_loss 0.012305, ic -0.009942, icir -0.125824, ric 0.019809, ricir 0.157309, prec@10 0.452263, prec@30 0.493964 
Epoch 10, train_loss 0.003624, train_ic 0.003147, train_icir 0.068075, train_ric 0.017017, train_ricir 0.167433, valid_loss 0.0037932528 , valid_ic -0.002627, valid_icir -0.063944, valid_ric 0.031227, valid_ricir 0.505844, test_loss 0.010807, ic -0.008994, icir -0.132478, ric 0.014984, ricir 0.188019, prec@10 0.504938, prec@30 0.521536 
Epoch 11, train_loss 0.003256, train_ic 0.007039, train_icir 0.132773, train_ric -0.019951, train_ricir -0.155039, valid_loss 0.0035857700 , valid_ic -0.001110, valid_icir -0.030590, valid_ric -0.015185, valid_ricir -0.174060, test_loss 0.010008, ic -0.004846, icir -0.080971, ric -0.006353, ricir -0.068912, prec@10 0.539506, prec@30 0.522634 
Epoch 12, train_loss 0.002998, train_ic 0.016973, train_icir 0.227257, train_ric 0.029447, train_ricir 0.206729, valid_loss 0.0035402815 , valid_ic -0.000317, valid_icir -0.006034, valid_ric 0.002762, valid_ricir 0.025354, test_loss 0.009399, ic -0.007576, icir -0.100570, ric 0.010018, ricir 0.073009, prec@10 0.512346, prec@30 0.519890 
Epoch 13, train_loss 0.002866, train_ic -0.002388, train_icir -0.041588, train_ric -0.021452, train_ricir -0.170702, valid_loss 0.0037606957 , valid_ic -0.004253, valid_icir -0.123476, valid_ric -0.005319, valid_ricir -0.059683, test_loss 0.009236, ic -0.006851, icir -0.121878, ric -0.008344, ricir -0.088550, prec@10 0.516461, prec@30 0.505213 
Epoch 14, train_loss 0.002678, train_ic -0.001311, train_icir -0.018182, train_ric 0.007626, train_ricir 0.056142, valid_loss 0.0032614422 , valid_ic -0.000529, valid_icir -0.014469, valid_ric 0.013995, valid_ricir 0.148812, test_loss 0.008516, ic -0.003508, icir -0.067344, ric 0.008741, ricir 0.070767, prec@10 0.502881, prec@30 0.514266 
Epoch 15, train_loss 0.002499, train_ic 0.007591, train_icir 0.112550, train_ric 0.018485, train_ricir 0.138646, valid_loss 0.0029451954 , valid_ic -0.001701, valid_icir -0.046844, valid_ric 0.007350, valid_ricir 0.090220, test_loss 0.007784, ic -0.004589, icir -0.083405, ric 0.011971, ricir 0.118222, prec@10 0.501646, prec@30 0.495473 
Epoch 16, train_loss 0.002446, train_ic 0.001240, train_icir 0.017628, train_ric 0.043746, train_ricir 0.315419, valid_loss 0.0032603878 , valid_ic -0.005149, valid_icir -0.128373, valid_ric 0.037190, valid_ricir 0.381075, test_loss 0.007796, ic -0.009242, icir -0.149823, ric 0.021179, ricir 0.184860, prec@10 0.422222, prec@30 0.468999 
Epoch 17, train_loss 0.002344, train_ic 0.008459, train_icir 0.164415, train_ric 0.025770, train_ricir 0.248868, valid_loss 0.0029815374 , valid_ic -0.001668, valid_icir -0.048860, valid_ric 0.011608, valid_ricir 0.201568, test_loss 0.007346, ic -0.004733, icir -0.088477, ric 0.014692, ricir 0.231855, prec@10 0.520576, prec@30 0.523594 
Epoch 18, train_loss 0.002245, train_ic 0.007996, train_icir 0.121332, train_ric -0.017735, train_ricir -0.129213, valid_loss 0.0024313145 , valid_ic -0.003302, valid_icir -0.083872, valid_ric -0.022190, valid_ricir -0.242753, test_loss 0.006539, ic -0.007146, icir -0.119121, ric -0.011712, ricir -0.097581, prec@10 0.555144, prec@30 0.523182 
Epoch 19, train_loss 0.002161, train_ic 0.015703, train_icir 0.174952, train_ric 0.021374, train_ricir 0.140897, valid_loss 0.0025528617 , valid_ic -0.004343, valid_icir -0.083582, valid_ric 0.001010, valid_ricir 0.008804, test_loss 0.006515, ic -0.009480, icir -0.135780, ric 0.001077, ricir 0.006734, prec@10 0.606584, prec@30 0.580933 
Epoch 20, train_loss 0.002133, train_ic 0.019946, train_icir 0.253992, train_ric -0.017015, train_ricir -0.112566, valid_loss 0.0022574482 , valid_ic -0.002091, valid_icir -0.051922, valid_ric -0.030209, valid_ricir -0.316037, test_loss 0.006026, ic -0.005097, icir -0.085386, ric -0.010972, ricir -0.084183, prec@10 0.568724, prec@30 0.534431 
Epoch 21, train_loss 0.002073, train_ic 0.007799, train_icir 0.123175, train_ric 0.030647, train_ricir 0.234739, valid_loss 0.0024844990 , valid_ic -0.005001, valid_icir -0.149178, valid_ric 0.020420, valid_ricir 0.231064, test_loss 0.006110, ic -0.007254, icir -0.137707, ric 0.014205, ricir 0.141938, prec@10 0.473251, prec@30 0.486283 
Epoch 22, train_loss 0.002044, train_ic 0.005933, train_icir 0.132613, train_ric -0.005433, train_ricir -0.057742, valid_loss 0.0021042378 , valid_ic -0.005396, valid_icir -0.174175, valid_ric -0.006760, valid_ricir -0.137774, test_loss 0.005591, ic -0.008066, icir -0.157571, ric -0.005708, ricir -0.110199, prec@10 0.526337, prec@30 0.568724 
Epoch 23, train_loss 0.001932, train_ic 0.024591, train_icir 0.374674, train_ric 0.005214, train_ricir 0.040851, valid_loss 0.0021057263 , valid_ic -0.003564, valid_icir -0.100590, valid_ric -0.026087, valid_ricir -0.344918, test_loss 0.005491, ic -0.005230, icir -0.099976, ric -0.007785, ricir -0.088713, prec@10 0.485597, prec@30 0.512346 
Epoch 24, train_loss 0.001918, train_ic 0.004606, train_icir 0.055019, train_ric 0.017974, train_ricir 0.130260, valid_loss 0.0020987683 , valid_ic -0.008920, valid_icir -0.188797, valid_ric 0.001072, valid_ricir 0.010439, test_loss 0.005415, ic -0.012965, icir -0.203557, ric -0.006219, ricir -0.045075, prec@10 0.560494, prec@30 0.584636 
Epoch 25, train_loss 0.001871, train_ic 0.008187, train_icir 0.153066, train_ric 0.006541, train_ricir 0.060994, valid_loss 0.0021053865 , valid_ic -0.004613, valid_icir -0.149406, valid_ric -0.007967, valid_ricir -0.120267, test_loss 0.005373, ic -0.005347, icir -0.111281, ric -0.002196, ricir -0.036476, prec@10 0.541152, prec@30 0.519479 
Epoch 26, train_loss 0.001875, train_ic 0.010492, train_icir 0.157066, train_ric 0.021813, train_ricir 0.181428, valid_loss 0.0019481231 , valid_ic -0.002827, valid_icir -0.075652, valid_ric 0.011063, valid_ricir 0.130075, test_loss 0.005081, ic -0.007620, icir -0.141745, ric 0.003912, ricir 0.037422, prec@10 0.517695, prec@30 0.495748 
Epoch 27, train_loss 0.001901, train_ic 0.028062, train_icir 0.294016, train_ric 0.007119, train_ricir 0.050227, valid_loss 0.0021030931 , valid_ic -0.000707, valid_icir -0.014197, valid_ric -0.009914, valid_ricir -0.100397, test_loss 0.005184, ic -0.004862, icir -0.083520, ric -0.002190, ricir -0.017667, prec@10 0.568313, prec@30 0.579561 
Epoch 28, train_loss 0.001815, train_ic 0.018003, train_icir 0.220363, train_ric 0.009507, train_ricir 0.072242, valid_loss 0.0022020377 , valid_ic -0.004187, valid_icir -0.099792, valid_ric -0.010044, valid_ricir -0.103290, test_loss 0.005192, ic -0.008232, icir -0.143247, ric -0.007776, ricir -0.056507, prec@10 0.495473, prec@30 0.527298 
Epoch 29, train_loss 0.001833, train_ic 0.009071, train_icir 0.106123, train_ric 0.026151, train_ricir 0.202861, valid_loss 0.0035131984 , valid_ic -0.009198, valid_icir -0.182277, valid_ric 0.006569, valid_ricir 0.067321, test_loss 0.006460, ic -0.013893, icir -0.208307, ric -0.001352, ricir -0.010056, prec@10 0.540329, prec@30 0.576818 
Epoch 30, train_loss 0.001776, train_ic 0.027771, train_icir 0.340385, train_ric 0.017965, train_ricir 0.130628, valid_loss 0.0022602758 , valid_ic -0.003802, valid_icir -0.090999, valid_ric -0.018686, valid_ricir -0.193427, test_loss 0.005103, ic -0.005686, icir -0.104630, ric -0.004436, ricir -0.034641, prec@10 0.497119, prec@30 0.508230 
Epoch 31, train_loss 0.001745, train_ic 0.018422, train_icir 0.211433, train_ric -0.033924, train_ricir -0.251902, valid_loss 0.0023519735 , valid_ic -0.000481, valid_icir -0.012432, valid_ric -0.035584, valid_ricir -0.392004, test_loss 0.005097, ic -0.000143, icir -0.003214, ric -0.019455, ricir -0.201028, prec@10 0.581481, prec@30 0.533333 
Epoch 32, train_loss 0.001708, train_ic -0.000357, train_icir -0.003996, train_ric 0.028240, train_ricir 0.196477, valid_loss 0.0023059106 , valid_ic -0.008055, valid_icir -0.233581, valid_ric 0.018343, valid_ricir 0.197766, test_loss 0.005017, ic -0.009068, icir -0.191905, ric 0.009071, ricir 0.080550, prec@10 0.446502, prec@30 0.466255 
Epoch 33, train_loss 0.001709, train_ic 0.009702, train_icir 0.123928, train_ric 0.002025, train_ricir 0.015387, valid_loss 0.0019264616 , valid_ic 0.003409, valid_icir 0.102589, valid_ric 0.003664, valid_ricir 0.037870, test_loss 0.004700, ic 0.000741, icir 0.018585, ric 0.006897, ricir 0.053610, prec@10 0.517695, prec@30 0.515501 
Epoch 34, train_loss 0.001657, train_ic 0.017763, train_icir 0.273835, train_ric 0.026151, train_ricir 0.250238, valid_loss 0.0018898710 , valid_ic 0.001441, valid_icir 0.042422, valid_ric 0.003297, valid_ricir 0.054224, test_loss 0.004658, ic -0.002175, icir -0.043043, ric 0.008958, ricir 0.123738, prec@10 0.540741, prec@30 0.523594 
Epoch 35, train_loss 0.001683, train_ic 0.017776, train_icir 0.216321, train_ric 0.038937, train_ricir 0.289271, valid_loss 0.0021692684 , valid_ic -0.007229, valid_icir -0.154101, valid_ric 0.009139, valid_ricir 0.089716, test_loss 0.004789, ic -0.012319, icir -0.202873, ric 0.005540, ricir 0.041014, prec@10 0.599588, prec@30 0.588477 
Epoch 36, train_loss 0.001675, train_ic 0.007627, train_icir 0.105338, train_ric 0.031652, train_ricir 0.266715, valid_loss 0.0017672627 , valid_ic -0.009802, valid_icir -0.265436, valid_ric 0.011567, valid_ricir 0.141075, test_loss 0.004328, ic -0.011962, icir -0.234931, ric 0.002251, ricir 0.023849, prec@10 0.465432, prec@30 0.526337 
Epoch 37, train_loss 0.001645, train_ic 0.023143, train_icir 0.259606, train_ric -0.000307, train_ricir -0.002283, valid_loss 0.0021366436 , valid_ic -0.005360, valid_icir -0.118777, valid_ric -0.018954, valid_ricir -0.198220, test_loss 0.004658, ic -0.008444, icir -0.144985, ric -0.009868, ricir -0.074308, prec@10 0.616461, prec@30 0.597394 
Epoch 38, train_loss 0.001601, train_ic 0.005102, train_icir 0.054522, train_ric -0.008529, train_ricir -0.060869, valid_loss 0.0044616205 , valid_ic 0.004674, valid_icir 0.100048, valid_ric -0.001980, valid_ricir -0.018593, test_loss 0.006990, ic 0.004938, icir 0.108416, ric 0.003529, ricir 0.024345, prec@10 0.532922, prec@30 0.521674 
Epoch 39, train_loss 0.001621, train_ic 0.015447, train_icir 0.230692, train_ric 0.038170, train_ricir 0.327533, valid_loss 0.0016422791 , valid_ic -0.000355, valid_icir -0.012248, valid_ric 0.027780, valid_ricir 0.382416, test_loss 0.004066, ic -0.004669, icir -0.108864, ric 0.020597, ricir 0.198588, prec@10 0.503292, prec@30 0.518381 
Epoch 40, train_loss 0.001591, train_ic 0.027330, train_icir 0.351641, train_ric 0.001564, train_ricir 0.012555, valid_loss 0.0020698521 , valid_ic 0.004428, valid_icir 0.149370, valid_ric -0.007871, valid_ricir -0.104969, test_loss 0.004391, ic -0.000917, icir -0.022958, ric 0.001260, ricir 0.014294, prec@10 0.649794, prec@30 0.599863 
Epoch 41, train_loss 0.001613, train_ic 0.019443, train_icir 0.248722, train_ric 0.010813, train_ricir 0.086586, valid_loss 0.0019388514 , valid_ic -0.005699, valid_icir -0.147501, valid_ric -0.012638, valid_ricir -0.144149, test_loss 0.004266, ic -0.008947, icir -0.183989, ric -0.008944, ricir -0.080722, prec@10 0.608230, prec@30 0.589575 
Epoch 42, train_loss 0.001591, train_ic 0.016921, train_icir 0.220616, train_ric 0.034597, train_ricir 0.291511, valid_loss 0.0016233264 , valid_ic 0.001395, valid_icir 0.043319, valid_ric 0.025149, valid_ricir 0.325574, test_loss 0.003952, ic -0.004551, icir -0.107929, ric 0.017218, ricir 0.181240, prec@10 0.498765, prec@30 0.500137 
Epoch 43, train_loss 0.001551, train_ic 0.022024, train_icir 0.253701, train_ric 0.058095, train_ricir 0.417664, valid_loss 0.0017187117 , valid_ic -0.001595, valid_icir -0.040069, valid_ric 0.029074, valid_ricir 0.290967, test_loss 0.003994, ic -0.006997, icir -0.134499, ric 0.018691, ricir 0.167479, prec@10 0.439918, prec@30 0.480658 
Epoch 44, train_loss 0.001560, train_ic 0.031860, train_icir 0.319509, train_ric 0.023621, train_ricir 0.163479, valid_loss 0.0023854271 , valid_ic 0.001232, valid_icir 0.025839, valid_ric -0.001530, valid_ricir -0.014788, test_loss 0.004575, ic -0.004927, icir -0.085106, ric 0.003208, ricir 0.023325, prec@10 0.541975, prec@30 0.521399 
Epoch 45, train_loss 0.001594, train_ic 0.034935, train_icir 0.487937, train_ric 0.036657, train_ricir 0.308470, valid_loss 0.0015388787 , valid_ic 0.001496, valid_icir 0.043226, valid_ric 0.004309, valid_ricir 0.059004, test_loss 0.003747, ic -0.002973, icir -0.062775, ric 0.011923, ricir 0.136951, prec@10 0.497119, prec@30 0.515364 
Epoch 46, train_loss 0.001523, train_ic 0.029176, train_icir 0.316096, train_ric -0.008222, train_ricir -0.058619, valid_loss 0.0015603098 , valid_ic -0.002224, valid_icir -0.058330, valid_ric -0.027738, valid_ricir -0.329743, test_loss 0.003768, ic -0.004311, icir -0.081992, ric -0.011694, ricir -0.104164, prec@10 0.543210, prec@30 0.545542 
Epoch 47, train_loss 0.001538, train_ic 0.035269, train_icir 0.438745, train_ric 0.021750, train_ricir 0.159929, valid_loss 0.0017136902 , valid_ic 0.003191, valid_icir 0.088275, valid_ric -0.006693, valid_ricir -0.082010, test_loss 0.003863, ic -0.002058, icir -0.046226, ric 0.009370, ricir 0.100399, prec@10 0.521399, prec@30 0.520988 
Epoch 48, train_loss 0.001542, train_ic 0.012841, train_icir 0.150280, train_ric 0.022581, train_ricir 0.174988, valid_loss 0.0023224538 , valid_ic 0.000696, valid_icir 0.021700, valid_ric 0.021845, valid_ricir 0.224870, test_loss 0.004395, ic -0.003986, icir -0.102343, ric 0.014573, ricir 0.115169, prec@10 0.515226, prec@30 0.505898 
Epoch 49, train_loss 0.001533, train_ic 0.020454, train_icir 0.355238, train_ric 0.028898, train_ricir 0.294525, valid_loss 0.0014759269 , valid_ic -0.001889, valid_icir -0.061835, valid_ric 0.006430, valid_ricir 0.109381, test_loss 0.003591, ic -0.005460, icir -0.127031, ric 0.005445, ricir 0.076103, prec@10 0.526749, prec@30 0.516187 
Epoch 50, train_loss 0.001509, train_ic 0.031064, train_icir 0.388863, train_ric 0.020124, train_ricir 0.158581, valid_loss 0.0015561309 , valid_ic -0.001505, valid_icir -0.040933, valid_ric -0.002723, valid_ricir -0.030368, test_loss 0.003629, ic -0.005503, icir -0.123843, ric 0.004462, ricir 0.039553, prec@10 0.480247, prec@30 0.503567 
Epoch 51, train_loss 0.001479, train_ic 0.032614, train_icir 0.334052, train_ric 0.025254, train_ricir 0.185874, valid_loss 0.0017525511 , valid_ic 0.001862, valid_icir 0.035183, valid_ric -0.000478, valid_ricir -0.004484, test_loss 0.003810, ic -0.004881, icir -0.084738, ric 0.001981, ricir 0.014590, prec@10 0.507819, prec@30 0.511111 
Epoch 52, train_loss 0.001461, train_ic 0.025159, train_icir 0.299740, train_ric 0.054365, train_ricir 0.383636, valid_loss 0.0014887342 , valid_ic 0.001402, valid_icir 0.042398, valid_ric 0.036497, valid_ricir 0.388559, test_loss 0.003506, ic -0.004212, icir -0.097572, ric 0.028259, ricir 0.249192, prec@10 0.486008, prec@30 0.504115 
Epoch 53, train_loss 0.001539, train_ic 0.025264, train_icir 0.296206, train_ric -0.003792, train_ricir -0.031102, valid_loss 0.0015291930 , valid_ic -0.001263, valid_icir -0.031564, valid_ric -0.021431, valid_ricir -0.295941, test_loss 0.003598, ic -0.002751, icir -0.053044, ric -0.009334, ricir -0.097175, prec@10 0.568724, prec@30 0.524966 
Epoch 54, train_loss 0.001442, train_ic 0.020771, train_icir 0.300102, train_ric 0.002295, train_ricir 0.022186, valid_loss 0.0015273612 , valid_ic -0.000043, valid_icir -0.001579, valid_ric -0.004623, valid_ricir -0.083048, test_loss 0.003500, ic -0.004869, icir -0.130747, ric -0.003725, ricir -0.062669, prec@10 0.511523, prec@30 0.518930 
Epoch 55, train_loss 0.001490, train_ic 0.033823, train_icir 0.426844, train_ric -0.001693, train_ricir -0.013847, valid_loss 0.0014601766 , valid_ic 0.004502, valid_icir 0.133367, valid_ric -0.015794, valid_ricir -0.232522, test_loss 0.003450, ic 0.001164, icir 0.025821, ric -0.002009, ricir -0.025384, prec@10 0.576132, prec@30 0.544582 
Epoch 56, train_loss 0.001455, train_ic 0.030507, train_icir 0.410363, train_ric 0.021500, train_ricir 0.192133, valid_loss 0.0014847690 , valid_ic -0.003127, valid_icir -0.080574, valid_ric -0.006327, valid_ricir -0.082190, test_loss 0.003486, ic -0.007699, icir -0.180252, ric 0.000348, ricir 0.004083, prec@10 0.637449, prec@30 0.593553 
Epoch 57, train_loss 0.001445, train_ic 0.006315, train_icir 0.081785, train_ric 0.033241, train_ricir 0.252525, valid_loss 0.0014608245 , valid_ic -0.006416, valid_icir -0.187729, valid_ric 0.023234, valid_ricir 0.288426, test_loss 0.003423, ic -0.012337, icir -0.278053, ric 0.005580, ricir 0.057649, prec@10 0.614403, prec@30 0.593690 
Epoch 58, train_loss 0.001455, train_ic 0.011317, train_icir 0.168902, train_ric 0.030326, train_ricir 0.311194, valid_loss 0.0014581208 , valid_ic -0.006167, valid_icir -0.194733, valid_ric 0.020653, valid_ricir 0.322594, test_loss 0.003357, ic -0.010590, icir -0.258443, ric 0.009028, ricir 0.134372, prec@10 0.509877, prec@30 0.530864 
Epoch 59, train_loss 0.001416, train_ic 0.022695, train_icir 0.294139, train_ric 0.030111, train_ricir 0.272372, valid_loss 0.0014714088 , valid_ic -0.002476, valid_icir -0.062158, valid_ric 0.005440, valid_ricir 0.065113, test_loss 0.003352, ic -0.007983, icir -0.152659, ric 0.000126, ricir 0.001082, prec@10 0.501235, prec@30 0.493827 
Epoch 60, train_loss 0.001464, train_ic 0.010807, train_icir 0.143590, train_ric -0.005784, train_ricir -0.051815, valid_loss 0.0013899725 , valid_ic -0.003459, valid_icir -0.104547, valid_ric -0.011339, valid_ricir -0.182113, test_loss 0.003277, ic -0.006036, icir -0.137518, ric -0.010417, ricir -0.132130, prec@10 0.551029, prec@30 0.513855 
Epoch 61, train_loss 0.001441, train_ic 0.041127, train_icir 0.483665, train_ric 0.007259, train_ricir 0.056336, valid_loss 0.0018870734 , valid_ic 0.008810, valid_icir 0.256454, valid_ric -0.013698, valid_ricir -0.178705, test_loss 0.003716, ic 0.004992, icir 0.130031, ric 0.002553, ricir 0.026986, prec@10 0.574897, prec@30 0.556516 
Epoch 62, train_loss 0.001426, train_ic 0.031949, train_icir 0.335111, train_ric 0.011114, train_ricir 0.087998, valid_loss 0.0018605801 , valid_ic 0.001443, valid_icir 0.029735, valid_ric -0.009860, valid_ricir -0.105198, test_loss 0.003676, ic -0.004206, icir -0.082549, ric -0.003709, ricir -0.031211, prec@10 0.553498, prec@30 0.569822 
Epoch 63, train_loss 0.001444, train_ic 0.013306, train_icir 0.215161, train_ric 0.016588, train_ricir 0.175804, valid_loss 0.0013566472 , valid_ic -0.000762, valid_icir -0.031811, valid_ric 0.012513, valid_ricir 0.219463, test_loss 0.003186, ic -0.004088, icir -0.114251, ric 0.005733, ricir 0.085657, prec@10 0.534979, prec@30 0.520302 
Epoch 64, train_loss 0.001413, train_ic 0.028271, train_icir 0.251281, train_ric 0.008320, train_ricir 0.061760, valid_loss 0.0017847004 , valid_ic 0.000265, valid_icir 0.004021, valid_ric -0.007460, valid_ricir -0.075614, test_loss 0.003637, ic -0.007224, icir -0.099212, ric -0.007507, ricir -0.053673, prec@10 0.676955, prec@30 0.600274 
Epoch 65, train_loss 0.001409, train_ic 0.038762, train_icir 0.429770, train_ric 0.000444, train_ricir 0.003262, valid_loss 0.0016894562 , valid_ic 0.008858, valid_icir 0.289118, valid_ric -0.009760, valid_ricir -0.113938, test_loss 0.003452, ic 0.005415, icir 0.164311, ric 0.007373, ricir 0.069829, prec@10 0.539918, prec@30 0.540604 
Epoch 66, train_loss 0.001425, train_ic 0.035685, train_icir 0.450649, train_ric 0.042507, train_ricir 0.360609, valid_loss 0.0014065190 , valid_ic 0.004481, valid_icir 0.138315, valid_ric 0.013775, valid_ricir 0.200678, test_loss 0.003180, ic -0.000477, icir -0.011418, ric 0.016454, ricir 0.200248, prec@10 0.530864, prec@30 0.521262 
Epoch 67, train_loss 0.001439, train_ic 0.040091, train_icir 0.622786, train_ric 0.034232, train_ricir 0.334304, valid_loss 0.0013649003 , valid_ic 0.002176, valid_icir 0.074523, valid_ric -0.001782, valid_ricir -0.029512, test_loss 0.003118, ic -0.002617, icir -0.067907, ric 0.004627, ricir 0.064737, prec@10 0.555556, prec@30 0.531824 
Epoch 68, train_loss 0.001379, train_ic 0.024708, train_icir 0.277906, train_ric 0.042085, train_ricir 0.315065, valid_loss 0.0015501160 , valid_ic 0.008310, valid_icir 0.215588, valid_ric 0.021867, valid_ricir 0.248559, test_loss 0.003473, ic 0.004430, icir 0.107965, ric 0.019530, ricir 0.169787, prec@10 0.517284, prec@30 0.513443 
Epoch 69, train_loss 0.001428, train_ic 0.037285, train_icir 0.409266, train_ric 0.032221, train_ricir 0.263400, valid_loss 0.0013620788 , valid_ic 0.000947, valid_icir 0.020889, valid_ric -0.002880, valid_ricir -0.035569, test_loss 0.003099, ic -0.002083, icir -0.038869, ric 0.006861, ricir 0.064591, prec@10 0.541152, prec@30 0.530453 
Epoch 70, train_loss 0.001404, train_ic 0.032497, train_icir 0.369514, train_ric 0.057733, train_ricir 0.426414, valid_loss 0.0015316958 , valid_ic 0.004296, valid_icir 0.120181, valid_ric 0.028430, valid_ricir 0.321430, test_loss 0.003226, ic -0.002825, icir -0.064022, ric 0.026455, ricir 0.250717, prec@10 0.489300, prec@30 0.506036 
Epoch 71, train_loss 0.001370, train_ic 0.030779, train_icir 0.310571, train_ric 0.033373, train_ricir 0.256845, valid_loss 0.0013786823 , valid_ic -0.000867, valid_icir -0.016153, valid_ric 0.003162, valid_ricir 0.032231, test_loss 0.003109, ic -0.007720, icir -0.126287, ric 0.002636, ricir 0.019787, prec@10 0.618930, prec@30 0.593553 
Epoch 72, train_loss 0.001390, train_ic 0.021669, train_icir 0.241992, train_ric 0.035279, train_ricir 0.290300, valid_loss 0.0013199356 , valid_ic -0.001274, valid_icir -0.026959, valid_ric 0.008475, valid_ricir 0.090538, test_loss 0.003012, ic -0.007174, icir -0.142223, ric 0.008434, ricir 0.075421, prec@10 0.584774, prec@30 0.581619 
Epoch 73, train_loss 0.001379, train_ic 0.023778, train_icir 0.271709, train_ric 0.041529, train_ricir 0.342712, valid_loss 0.0013056978 , valid_ic -0.000408, valid_icir -0.009814, valid_ric 0.015790, valid_ricir 0.168561, test_loss 0.003014, ic -0.007947, icir -0.152177, ric 0.005676, ricir 0.048075, prec@10 0.481893, prec@30 0.506859 
Epoch 74, train_loss 0.001389, train_ic 0.023242, train_icir 0.239753, train_ric 0.046094, train_ricir 0.355143, valid_loss 0.0014948593 , valid_ic -0.003893, valid_icir -0.074570, valid_ric 0.018960, valid_ricir 0.183051, test_loss 0.003156, ic -0.011040, icir -0.208866, ric 0.009426, ricir 0.078800, prec@10 0.553086, prec@30 0.566529 
Epoch 75, train_loss 0.001398, train_ic 0.032355, train_icir 0.495385, train_ric 0.024749, train_ricir 0.261271, valid_loss 0.0012812742 , valid_ic -0.000784, valid_icir -0.023352, valid_ric 0.000377, valid_ricir 0.007182, test_loss 0.002927, ic -0.005745, icir -0.131721, ric -0.001491, ricir -0.022446, prec@10 0.557202, prec@30 0.586145 
Epoch 76, train_loss 0.001375, train_ic 0.024382, train_icir 0.290681, train_ric 0.039137, train_ricir 0.312770, valid_loss 0.0014292555 , valid_ic 0.001287, valid_icir 0.033857, valid_ric 0.024334, valid_ricir 0.281401, test_loss 0.003070, ic -0.006307, icir -0.144874, ric 0.018103, ricir 0.196826, prec@10 0.600000, prec@30 0.579698 
Epoch 77, train_loss 0.001390, train_ic 0.024083, train_icir 0.283809, train_ric 0.040936, train_ricir 0.346725, valid_loss 0.0015890177 , valid_ic 0.001834, valid_icir 0.070454, valid_ric 0.023537, valid_ricir 0.318862, test_loss 0.003161, ic -0.003707, icir -0.109696, ric 0.017551, ricir 0.159979, prec@10 0.522634, prec@30 0.527298 
Epoch 78, train_loss 0.001411, train_ic 0.014960, train_icir 0.177623, train_ric 0.042649, train_ricir 0.347477, valid_loss 0.0013664621 , valid_ic 0.002402, valid_icir 0.079268, valid_ric 0.033825, valid_ricir 0.410807, test_loss 0.003015, ic -0.002977, icir -0.076363, ric 0.021234, ricir 0.198458, prec@10 0.530041, prec@30 0.512483 
Epoch 79, train_loss 0.001366, train_ic 0.031631, train_icir 0.491351, train_ric 0.031166, train_ricir 0.333210, valid_loss 0.0015832083 , valid_ic 0.003107, valid_icir 0.114456, valid_ric 0.003927, valid_ricir 0.070774, test_loss 0.003159, ic -0.002119, icir -0.066394, ric 0.005450, ricir 0.102329, prec@10 0.530041, prec@30 0.538134 
Epoch 80, train_loss 0.001350, train_ic 0.029832, train_icir 0.272515, train_ric 0.015480, train_ricir 0.105738, valid_loss 0.0013724538 , valid_ic 0.000731, valid_icir 0.013755, valid_ric -0.007023, valid_ricir -0.065305, test_loss 0.002993, ic -0.005489, icir -0.097569, ric -0.003933, ricir -0.026302, prec@10 0.654733, prec@30 0.604801 
Epoch 81, train_loss 0.001345, train_ic 0.017499, train_icir 0.265666, train_ric 0.029942, train_ricir 0.301617, valid_loss 0.0014492433 , valid_ic 0.003227, valid_icir 0.132612, valid_ric 0.027245, valid_ricir 0.414492, test_loss 0.003047, ic -0.002297, icir -0.066058, ric 0.014500, ricir 0.166835, prec@10 0.536214, prec@30 0.530590 
Epoch 82, train_loss 0.001357, train_ic 0.024949, train_icir 0.269787, train_ric -0.008452, train_ricir -0.065969, valid_loss 0.0012835519 , valid_ic 0.004248, valid_icir 0.109457, valid_ric -0.017347, valid_ricir -0.230203, test_loss 0.002919, ic 0.002372, icir 0.054963, ric -0.008159, ricir -0.093942, prec@10 0.546502, prec@30 0.512071 
Epoch 83, train_loss 0.001332, train_ic 0.017636, train_icir 0.270033, train_ric 0.005439, train_ricir 0.057043, valid_loss 0.0012493380 , valid_ic -0.002318, valid_icir -0.081471, valid_ric 0.002512, valid_ricir 0.050826, test_loss 0.002818, ic -0.007084, icir -0.200492, ric -0.000934, ricir -0.015816, prec@10 0.598765, prec@30 0.592044 
Epoch 84, train_loss 0.001347, train_ic 0.030717, train_icir 0.350825, train_ric -0.007803, train_ricir -0.067580, valid_loss 0.0012758554 , valid_ic 0.005879, valid_icir 0.167555, valid_ric -0.017071, valid_ricir -0.249721, test_loss 0.002832, ic 0.002128, icir 0.054463, ric -0.005663, ricir -0.075458, prec@10 0.560905, prec@30 0.533882 
Epoch 85, train_loss 0.001367, train_ic 0.019835, train_icir 0.218726, train_ric 0.032571, train_ricir 0.280389, valid_loss 0.0015704066 , valid_ic -0.004745, valid_icir -0.091594, valid_ric 0.009326, valid_ricir 0.102534, test_loss 0.003150, ic -0.011924, icir -0.224092, ric 0.001047, ricir 0.009570, prec@10 0.625926, prec@30 0.589986 
Epoch 86, train_loss 0.001315, train_ic 0.024123, train_icir 0.353926, train_ric 0.032326, train_ricir 0.303436, valid_loss 0.0013860109 , valid_ic 0.000506, valid_icir 0.017290, valid_ric 0.012831, valid_ricir 0.199266, test_loss 0.002926, ic -0.003680, icir -0.097842, ric 0.002474, ricir 0.035559, prec@10 0.541152, prec@30 0.525652 
Epoch 87, train_loss 0.001344, train_ic 0.032191, train_icir 0.308242, train_ric 0.019398, train_ricir 0.140499, valid_loss 0.0012563278 , valid_ic 0.000319, valid_icir 0.006137, valid_ric -0.003240, valid_ricir -0.031590, test_loss 0.002803, ic -0.007234, icir -0.131098, ric -0.004494, ricir -0.032310, prec@10 0.660082, prec@30 0.605761 
Epoch 88, train_loss 0.001336, train_ic 0.028742, train_icir 0.255837, train_ric 0.022274, train_ricir 0.158690, valid_loss 0.0014746073 , valid_ic -0.001331, valid_icir -0.019959, valid_ric 0.002022, valid_ricir 0.019175, test_loss 0.003048, ic -0.009360, icir -0.141014, ric 0.001213, ricir 0.008798, prec@10 0.630864, prec@30 0.591495 
Epoch 89, train_loss 0.001317, train_ic 0.039778, train_icir 0.565347, train_ric 0.028884, train_ricir 0.314589, valid_loss 0.0014637692 , valid_ic 0.004242, valid_icir 0.155263, valid_ric 0.000851, valid_ricir 0.016972, test_loss 0.002920, ic -0.000452, icir -0.014479, ric 0.006488, ricir 0.118544, prec@10 0.526749, prec@30 0.525652 
Epoch 90, train_loss 0.001334, train_ic 0.031631, train_icir 0.387143, train_ric 0.014181, train_ricir 0.137089, valid_loss 0.0012507370 , valid_ic 0.005079, valid_icir 0.141866, valid_ric 0.002813, valid_ricir 0.040122, test_loss 0.002728, ic -0.001857, icir -0.051485, ric 0.002948, ricir 0.037530, prec@10 0.569136, prec@30 0.542524 
Epoch 91, train_loss 0.001351, train_ic 0.018770, train_icir 0.217638, train_ric 0.044103, train_ricir 0.358331, valid_loss 0.0012261356 , valid_ic -0.003360, valid_icir -0.084835, valid_ric 0.022579, valid_ricir 0.264185, test_loss 0.002706, ic -0.009812, icir -0.228096, ric 0.007515, ricir 0.080075, prec@10 0.557202, prec@30 0.577366 
Epoch 92, train_loss 0.001328, train_ic 0.018884, train_icir 0.206116, train_ric 0.043677, train_ricir 0.350210, valid_loss 0.0012367764 , valid_ic -0.001337, valid_icir -0.030380, valid_ric 0.018196, valid_ricir 0.210255, test_loss 0.002720, ic -0.008139, icir -0.174746, ric 0.011244, ricir 0.114444, prec@10 0.629630, prec@30 0.592867 
Epoch 93, train_loss 0.001378, train_ic 0.025682, train_icir 0.376174, train_ric 0.023071, train_ricir 0.245166, valid_loss 0.0013916587 , valid_ic 0.003645, valid_icir 0.133569, valid_ric 0.007327, valid_ricir 0.128153, test_loss 0.002903, ic -0.000835, icir -0.023723, ric 0.004154, ricir 0.063537, prec@10 0.541152, prec@30 0.525103 
Epoch 94, train_loss 0.001337, train_ic 0.017896, train_icir 0.190268, train_ric 0.050144, train_ricir 0.412719, valid_loss 0.0014457753 , valid_ic -0.005306, valid_icir -0.130827, valid_ric 0.024504, valid_ricir 0.298518, test_loss 0.002880, ic -0.010670, icir -0.234664, ric 0.009952, ricir 0.105103, prec@10 0.587243, prec@30 0.573937 
Epoch 95, train_loss 0.001308, train_ic 0.023172, train_icir 0.250834, train_ric 0.003172, train_ricir 0.026577, valid_loss 0.0015912902 , valid_ic 0.012213, valid_icir 0.242253, valid_ric 0.000827, valid_ricir 0.009370, test_loss 0.003330, ic 0.011101, icir 0.240404, ric 0.005787, ricir 0.055463, prec@10 0.549383, prec@30 0.530453 
Epoch 96, train_loss 0.001319, train_ic 0.024547, train_icir 0.262301, train_ric -0.011848, train_ricir -0.098528, valid_loss 0.0011928954 , valid_ic 0.001965, valid_icir 0.048652, valid_ric -0.019925, valid_ricir -0.234336, test_loss 0.002642, ic 0.000244, icir 0.006131, ric -0.013103, ricir -0.147602, prec@10 0.564609, prec@30 0.525789 
Epoch 97, train_loss 0.001319, train_ic 0.031039, train_icir 0.281132, train_ric 0.019113, train_ricir 0.135348, valid_loss 0.0014429594 , valid_ic -0.002487, valid_icir -0.041538, valid_ric -0.007737, valid_ricir -0.075086, test_loss 0.002908, ic -0.008380, icir -0.140633, ric -0.005022, ricir -0.035794, prec@10 0.639095, prec@30 0.597119 
Epoch 98, train_loss 0.001326, train_ic 0.040042, train_icir 0.485029, train_ric 0.033875, train_ricir 0.333519, valid_loss 0.0017520694 , valid_ic 0.004031, valid_icir 0.103007, valid_ric 0.005016, valid_ricir 0.080443, test_loss 0.003176, ic -0.003600, icir -0.077143, ric 0.006420, ricir 0.079165, prec@10 0.587654, prec@30 0.593141 
Epoch 99, train_loss 0.001345, train_ic 0.022590, train_icir 0.324897, train_ric 0.011673, train_ricir 0.123526, valid_loss 0.0011661122 , valid_ic -0.002217, valid_icir -0.072467, valid_ric 0.000627, valid_ricir 0.011965, test_loss 0.002578, ic -0.006533, icir -0.180935, ric -0.001037, ricir -0.016279, prec@10 0.581893, prec@30 0.577366 
Epoch 100, train_loss 0.001325, train_ic 0.034676, train_icir 0.329210, train_ric 0.044030, train_ricir 0.335600, valid_loss 0.0013687924 , valid_ic 0.002684, valid_icir 0.046613, valid_ric 0.013175, valid_ricir 0.126428, test_loss 0.002765, ic -0.006376, icir -0.114753, ric 0.008477, ricir 0.069139, prec@10 0.582716, prec@30 0.577778 
Epoch 101, train_loss 0.001282, train_ic 0.032288, train_icir 0.357800, train_ric 0.022526, train_ricir 0.197273, valid_loss 0.0012354911 , valid_ic -0.002022, valid_icir -0.043931, valid_ric -0.006057, valid_ricir -0.072753, test_loss 0.002637, ic -0.006371, icir -0.129388, ric -0.005266, ricir -0.047022, prec@10 0.590535, prec@30 0.584362 
Epoch 102, train_loss 0.001303, train_ic 0.019133, train_icir 0.175913, train_ric 0.027350, train_ricir 0.201617, valid_loss 0.0015122450 , valid_ic -0.001134, valid_icir -0.019562, valid_ric 0.006947, valid_ricir 0.069197, test_loss 0.002976, ic -0.010019, icir -0.169304, ric 0.000944, ricir 0.007212, prec@10 0.571193, prec@30 0.585871 
Epoch 103, train_loss 0.001291, train_ic 0.010090, train_icir 0.125763, train_ric 0.010944, train_ricir 0.103668, valid_loss 0.0011934676 , valid_ic -0.002128, valid_icir -0.071601, valid_ric 0.006816, valid_ricir 0.118362, test_loss 0.002594, ic -0.007379, icir -0.198299, ric -0.004350, ricir -0.059700, prec@10 0.526337, prec@30 0.510974 
Epoch 104, train_loss 0.001265, train_ic 0.026033, train_icir 0.303611, train_ric 0.048642, train_ricir 0.427026, valid_loss 0.0011676863 , valid_ic 0.002048, valid_icir 0.050232, valid_ric 0.019109, valid_ricir 0.244834, test_loss 0.002564, ic -0.005071, icir -0.105040, ric 0.010086, ricir 0.117371, prec@10 0.514403, prec@30 0.497531 
Epoch 105, train_loss 0.001301, train_ic 0.047156, train_icir 0.517451, train_ric 0.033317, train_ricir 0.279653, valid_loss 0.0011312947 , valid_ic 0.003930, valid_icir 0.089918, valid_ric -0.004871, valid_ricir -0.054073, test_loss 0.002477, ic -0.000560, icir -0.013077, ric 0.004950, ricir 0.047024, prec@10 0.545679, prec@30 0.537449 
Epoch 106, train_loss 0.001292, train_ic 0.046831, train_icir 0.601739, train_ric 0.031486, train_ricir 0.309433, valid_loss 0.0011145895 , valid_ic 0.007052, valid_icir 0.223050, valid_ric 0.002811, valid_ricir 0.053545, test_loss 0.002454, ic -0.000626, icir -0.015903, ric 0.006365, ricir 0.097615, prec@10 0.572016, prec@30 0.549108 
Epoch 107, train_loss 0.001338, train_ic 0.034664, train_icir 0.375119, train_ric 0.046854, train_ricir 0.368850, valid_loss 0.0011132401 , valid_ic -0.000188, valid_icir -0.004525, valid_ric 0.013257, valid_ricir 0.136561, test_loss 0.002468, ic -0.007123, icir -0.144298, ric 0.007097, ricir 0.055819, prec@10 0.565432, prec@30 0.582167 
Epoch 108, train_loss 0.001280, train_ic 0.038523, train_icir 0.468401, train_ric 0.038168, train_ricir 0.353198, valid_loss 0.0012573985 , valid_ic 0.001534, valid_icir 0.036208, valid_ric 0.004409, valid_ricir 0.055781, test_loss 0.002629, ic -0.006441, icir -0.149401, ric 0.003045, ricir 0.033543, prec@10 0.644856, prec@30 0.593278 
Epoch 109, train_loss 0.001310, train_ic 0.035869, train_icir 0.344064, train_ric 0.052736, train_ricir 0.408268, valid_loss 0.0013390117 , valid_ic 0.000896, valid_icir 0.015770, valid_ric 0.020557, valid_ricir 0.197545, test_loss 0.002682, ic -0.008130, icir -0.143862, ric 0.010105, ricir 0.081228, prec@10 0.490535, prec@30 0.524829 
Epoch 110, train_loss 0.001288, train_ic 0.032502, train_icir 0.295711, train_ric 0.032455, train_ricir 0.241379, valid_loss 0.0012501124 , valid_ic 0.003257, valid_icir 0.051418, valid_ric 0.009115, valid_ricir 0.087189, test_loss 0.002581, ic -0.006721, icir -0.108139, ric 0.005755, ricir 0.043092, prec@10 0.589300, prec@30 0.586420 
Epoch 111, train_loss 0.001271, train_ic 0.044806, train_icir 0.642178, train_ric 0.026157, train_ricir 0.282184, valid_loss 0.0010713520 , valid_ic 0.006064, valid_icir 0.203016, valid_ric 0.007128, valid_ricir 0.128721, test_loss 0.002373, ic -0.001811, icir -0.048340, ric 0.008929, ricir 0.138861, prec@10 0.565432, prec@30 0.540466 
Epoch 112, train_loss 0.001321, train_ic 0.026074, train_icir 0.317526, train_ric -0.002755, train_ricir -0.026129, valid_loss 0.0012518913 , valid_ic 0.009465, valid_icir 0.219106, valid_ric -0.011661, valid_ricir -0.156697, test_loss 0.002599, ic 0.006143, icir 0.150269, ric -0.003237, ricir -0.038821, prec@10 0.573663, prec@30 0.538272 
Epoch 113, train_loss 0.001262, train_ic 0.035875, train_icir 0.508321, train_ric 0.025237, train_ricir 0.270867, valid_loss 0.0014279838 , valid_ic 0.007247, valid_icir 0.287746, valid_ric 0.013631, valid_ricir 0.257274, test_loss 0.002750, ic 0.001088, icir 0.032465, ric 0.014374, ricir 0.212179, prec@10 0.532099, prec@30 0.531687 
Epoch 114, train_loss 0.001277, train_ic 0.047052, train_icir 0.582104, train_ric 0.038214, train_ricir 0.330271, valid_loss 0.0010718555 , valid_ic 0.007588, valid_icir 0.266184, valid_ric 0.015732, valid_ricir 0.242119, test_loss 0.002349, ic 0.000157, icir 0.004627, ric 0.018755, ricir 0.223616, prec@10 0.562551, prec@30 0.547599 
Epoch 115, train_loss 0.001283, train_ic 0.020841, train_icir 0.182777, train_ric 0.027899, train_ricir 0.204646, valid_loss 0.0012995347 , valid_ic -0.000930, valid_icir -0.014865, valid_ric 0.007759, valid_ricir 0.078020, test_loss 0.002637, ic -0.010156, icir -0.148502, ric 0.000124, ricir 0.000903, prec@10 0.634979, prec@30 0.605213 
Epoch 116, train_loss 0.001270, train_ic 0.028558, train_icir 0.291640, train_ric 0.048411, train_ricir 0.393595, valid_loss 0.0013126517 , valid_ic 0.008955, valid_icir 0.218493, valid_ric 0.021515, valid_ricir 0.304876, test_loss 0.002717, ic 0.004967, icir 0.120133, ric 0.017012, ricir 0.201160, prec@10 0.498765, prec@30 0.497805 
Epoch 117, train_loss 0.001273, train_ic 0.041761, train_icir 0.488895, train_ric 0.009927, train_ricir 0.086166, valid_loss 0.0010839249 , valid_ic 0.014288, valid_icir 0.458827, valid_ric 0.006736, valid_ricir 0.092413, test_loss 0.002359, ic 0.006823, icir 0.227106, ric 0.013255, ricir 0.149851, prec@10 0.555144, prec@30 0.545542 
Epoch 118, train_loss 0.001292, train_ic 0.033572, train_icir 0.414831, train_ric 0.046661, train_ricir 0.433023, valid_loss 0.0013501259 , valid_ic 0.001161, valid_icir 0.030710, valid_ric 0.016227, valid_ricir 0.228936, test_loss 0.002606, ic -0.004808, icir -0.107833, ric 0.013756, ricir 0.177383, prec@10 0.508642, prec@30 0.512894 
Epoch 119, train_loss 0.001291, train_ic 0.019267, train_icir 0.231674, train_ric 0.034766, train_ricir 0.315573, valid_loss 0.0013363581 , valid_ic 0.000221, valid_icir 0.005904, valid_ric 0.020254, valid_ricir 0.256455, test_loss 0.002610, ic -0.007953, icir -0.191524, ric 0.008805, ricir 0.094470, prec@10 0.555967, prec@30 0.568313 
Epoch 120, train_loss 0.001253, train_ic 0.030282, train_icir 0.327059, train_ric 0.024760, train_ricir 0.195063, valid_loss 0.0011776287 , valid_ic -0.004324, valid_icir -0.103148, valid_ric 0.000947, valid_ricir 0.011395, test_loss 0.002467, ic -0.009736, icir -0.214557, ric -0.002266, ricir -0.020181, prec@10 0.612346, prec@30 0.593964 
Epoch 121, train_loss 0.001262, train_ic 0.037020, train_icir 0.408590, train_ric 0.024491, train_ricir 0.208981, valid_loss 0.0012931411 , valid_ic 0.009607, valid_icir 0.271412, valid_ric 0.004828, valid_ricir 0.078100, test_loss 0.002543, ic 0.001886, icir 0.043292, ric 0.008658, ricir 0.107173, prec@10 0.578189, prec@30 0.552401 
Epoch 122, train_loss 0.001276, train_ic 0.032754, train_icir 0.333917, train_ric 0.045565, train_ricir 0.367340, valid_loss 0.0014131141 , valid_ic -0.004641, valid_icir -0.080298, valid_ric 0.007871, valid_ricir 0.081189, test_loss 0.002789, ic -0.012206, icir -0.221561, ric 0.003377, ricir 0.029445, prec@10 0.642387, prec@30 0.592730 
Epoch 123, train_loss 0.001269, train_ic 0.022214, train_icir 0.214073, train_ric 0.053013, train_ricir 0.405120, valid_loss 0.0014183454 , valid_ic -0.004901, valid_icir -0.086404, valid_ric 0.025917, valid_ricir 0.256498, test_loss 0.002686, ic -0.012958, icir -0.216141, ric 0.011752, ricir 0.095473, prec@10 0.610700, prec@30 0.590809 
Epoch 124, train_loss 0.001257, train_ic 0.049581, train_icir 0.613501, train_ric 0.032933, train_ricir 0.312613, valid_loss 0.0010530157 , valid_ic 0.005149, valid_icir 0.160759, valid_ric -0.002280, valid_ricir -0.042112, test_loss 0.002271, ic -0.000689, icir -0.019612, ric 0.003186, ricir 0.051293, prec@10 0.556790, prec@30 0.533333 
Epoch 125, train_loss 0.001245, train_ic 0.040923, train_icir 0.438815, train_ric 0.035433, train_ricir 0.291727, valid_loss 0.0012089545 , valid_ic 0.002180, valid_icir 0.044058, valid_ric 0.001183, valid_ricir 0.014446, test_loss 0.002504, ic -0.005220, icir -0.122721, ric 0.006976, ricir 0.072253, prec@10 0.587654, prec@30 0.588752 
Epoch 126, train_loss 0.001261, train_ic 0.042856, train_icir 0.403265, train_ric 0.033699, train_ricir 0.252658, valid_loss 0.0011120236 , valid_ic 0.006359, valid_icir 0.116344, valid_ric 0.009998, valid_ricir 0.099803, test_loss 0.002365, ic -0.005560, icir -0.099302, ric 0.008068, ricir 0.060260, prec@10 0.613169, prec@30 0.587380 
Epoch 127, train_loss 0.001276, train_ic 0.042849, train_icir 0.432744, train_ric 0.028465, train_ricir 0.225708, valid_loss 0.0012642605 , valid_ic 0.010540, valid_icir 0.250168, valid_ric 0.002552, valid_ricir 0.030904, test_loss 0.002505, ic 0.002270, icir 0.055408, ric 0.006716, ricir 0.066135, prec@10 0.559671, prec@30 0.543621 
Epoch 128, train_loss 0.001265, train_ic 0.047989, train_icir 0.537492, train_ric 0.011508, train_ricir 0.102664, valid_loss 0.0010469533 , valid_ic 0.010234, valid_icir 0.239610, valid_ric -0.014920, valid_ricir -0.194093, test_loss 0.002231, ic 0.002373, icir 0.060871, ric -0.003208, ricir -0.037703, prec@10 0.585597, prec@30 0.566667 
Epoch 129, train_loss 0.001247, train_ic 0.049031, train_icir 0.664768, train_ric 0.041591, train_ricir 0.450288, valid_loss 0.0011549990 , valid_ic 0.011110, valid_icir 0.400063, valid_ric 0.020348, valid_ricir 0.410578, test_loss 0.002348, ic 0.001316, icir 0.040115, ric 0.015515, ricir 0.255532, prec@10 0.565432, prec@30 0.542524 
Epoch 130, train_loss 0.001249, train_ic 0.050822, train_icir 0.544858, train_ric 0.040301, train_ricir 0.340178, valid_loss 0.0013755096 , valid_ic 0.006495, valid_icir 0.155085, valid_ric -0.001960, valid_ricir -0.025472, test_loss 0.002544, ic 0.000162, icir 0.003792, ric 0.002660, ricir 0.028809, prec@10 0.569136, prec@30 0.530590 
Epoch 131, train_loss 0.001208, train_ic 0.055925, train_icir 0.636452, train_ric 0.047093, train_ricir 0.406631, valid_loss 0.0013723746 , valid_ic 0.008790, valid_icir 0.267584, valid_ric 0.012103, valid_ricir 0.176374, test_loss 0.002493, ic 0.000127, icir 0.003922, ric 0.013891, ricir 0.181239, prec@10 0.578601, prec@30 0.584911 
Epoch 132, train_loss 0.001261, train_ic 0.033166, train_icir 0.306822, train_ric 0.034284, train_ricir 0.269222, valid_loss 0.0013316939 , valid_ic -0.000382, valid_icir -0.006198, valid_ric 0.003427, valid_ricir 0.035558, test_loss 0.002571, ic -0.008535, icir -0.132722, ric 0.003254, ricir 0.024916, prec@10 0.632099, prec@30 0.590123 
Epoch 133, train_loss 0.001255, train_ic 0.045121, train_icir 0.437796, train_ric 0.036825, train_ricir 0.287587, valid_loss 0.0012204542 , valid_ic 0.001422, valid_icir 0.026674, valid_ric -0.000504, valid_ricir -0.005226, test_loss 0.002385, ic -0.003771, icir -0.071989, ric 0.003766, ricir 0.030357, prec@10 0.663786, prec@30 0.603429 
Epoch 134, train_loss 0.001296, train_ic 0.047346, train_icir 0.561843, train_ric -0.004180, train_ricir -0.035887, valid_loss 0.0010952663 , valid_ic 0.009671, valid_icir 0.293032, valid_ric -0.016216, valid_ricir -0.243637, test_loss 0.002278, ic 0.001472, icir 0.050506, ric -0.001649, ricir -0.024490, prec@10 0.565021, prec@30 0.577641 
Epoch 135, train_loss 0.001244, train_ic 0.048117, train_icir 0.497949, train_ric 0.044966, train_ricir 0.349200, valid_loss 0.0011267125 , valid_ic 0.014317, valid_icir 0.373589, valid_ric 0.025621, valid_ricir 0.325233, test_loss 0.002266, ic 0.004341, icir 0.113758, ric 0.025567, ricir 0.270565, prec@10 0.518519, prec@30 0.531139 
Epoch 136, train_loss 0.001225, train_ic 0.029317, train_icir 0.281397, train_ric 0.033856, train_ricir 0.260278, valid_loss 0.0016566235 , valid_ic -0.002168, valid_icir -0.037129, valid_ric 0.006621, valid_ricir 0.069712, test_loss 0.002879, ic -0.011696, icir -0.207845, ric -0.000673, ricir -0.005566, prec@10 0.648971, prec@30 0.595062 
Epoch 137, train_loss 0.001244, train_ic 0.035446, train_icir 0.307765, train_ric 0.033864, train_ricir 0.250805, valid_loss 0.0012630148 , valid_ic 0.007147, valid_icir 0.105768, valid_ric 0.013999, valid_ricir 0.136453, test_loss 0.002419, ic -0.004971, icir -0.076461, ric 0.011726, ricir 0.088448, prec@10 0.597119, prec@30 0.580521 
Epoch 138, train_loss 0.001255, train_ic 0.047848, train_icir 0.500320, train_ric 0.010712, train_ricir 0.088557, valid_loss 0.0011001856 , valid_ic 0.016715, valid_icir 0.412781, valid_ric -0.002520, valid_ricir -0.034983, test_loss 0.002281, ic 0.009993, icir 0.260091, ric 0.006734, ricir 0.073941, prec@10 0.577366, prec@30 0.553361 
Epoch 139, train_loss 0.001257, train_ic 0.026173, train_icir 0.281728, train_ric 0.053384, train_ricir 0.444883, valid_loss 0.0010663538 , valid_ic 0.000553, valid_icir 0.013912, valid_ric 0.020666, valid_ricir 0.255136, test_loss 0.002232, ic -0.008106, icir -0.194765, ric 0.007076, ricir 0.078441, prec@10 0.567490, prec@30 0.572702 
Epoch 140, train_loss 0.001234, train_ic 0.028155, train_icir 0.234859, train_ric 0.022287, train_ricir 0.158442, valid_loss 0.0012861538 , valid_ic -0.004486, valid_icir -0.065057, valid_ric -0.004946, valid_ricir -0.047974, test_loss 0.002497, ic -0.011260, icir -0.157246, ric -0.006954, ricir -0.048164, prec@10 0.645267, prec@30 0.593553 
Epoch 141, train_loss 0.001246, train_ic 0.039561, train_icir 0.488123, train_ric 0.036165, train_ricir 0.334931, valid_loss 0.0010859370 , valid_ic 0.007354, valid_icir 0.232594, valid_ric 0.004281, valid_ricir 0.064991, test_loss 0.002223, ic 0.001681, icir 0.050946, ric 0.009804, ricir 0.139969, prec@10 0.550206, prec@30 0.530590 
Epoch 142, train_loss 0.001226, train_ic 0.057915, train_icir 0.568001, train_ric 0.013390, train_ricir 0.106366, valid_loss 0.0010941889 , valid_ic 0.009831, valid_icir 0.186315, valid_ric -0.022044, valid_ricir -0.251954, test_loss 0.002217, ic 0.002095, icir 0.041787, ric -0.009958, ricir -0.085844, prec@10 0.605350, prec@30 0.580658 
Epoch 143, train_loss 0.001237, train_ic 0.038561, train_icir 0.375078, train_ric -0.008798, train_ricir -0.068735, valid_loss 0.0011014289 , valid_ic 0.013105, valid_icir 0.287444, valid_ric -0.015779, valid_ricir -0.190336, test_loss 0.002221, ic 0.008356, icir 0.212734, ric -0.003802, ricir -0.043909, prec@10 0.588889, prec@30 0.553498 
Epoch 144, train_loss 0.001230, train_ic 0.051553, train_icir 0.472352, train_ric 0.036071, train_ricir 0.272443, valid_loss 0.0011412262 , valid_ic 0.008957, valid_icir 0.162702, valid_ric 0.002655, valid_ricir 0.027337, test_loss 0.002255, ic 0.000016, icir 0.000302, ric 0.007679, ricir 0.063889, prec@10 0.566255, prec@30 0.583402 
Epoch 145, train_loss 0.001262, train_ic 0.038405, train_icir 0.505034, train_ric 0.053603, train_ricir 0.546659, valid_loss 0.0011257786 , valid_ic 0.004770, valid_icir 0.180059, valid_ric 0.027142, valid_ricir 0.456240, test_loss 0.002207, ic -0.003523, icir -0.108177, ric 0.015626, ricir 0.224060, prec@10 0.530453, prec@30 0.523731 
Epoch 146, train_loss 0.001259, train_ic 0.037043, train_icir 0.451261, train_ric 0.022612, train_ricir 0.221944, valid_loss 0.0011674655 , valid_ic 0.004355, valid_icir 0.152974, valid_ric 0.005133, valid_ricir 0.090950, test_loss 0.002244, ic -0.003482, icir -0.121002, ric -0.001408, ricir -0.021002, prec@10 0.570370, prec@30 0.549383 
Epoch 147, train_loss 0.001228, train_ic 0.048500, train_icir 0.469152, train_ric 0.045016, train_ricir 0.364602, valid_loss 0.0013521353 , valid_ic 0.007051, valid_icir 0.115880, valid_ric 0.008483, valid_ricir 0.088870, test_loss 0.002448, ic -0.003236, icir -0.060346, ric 0.008644, ricir 0.077772, prec@10 0.600412, prec@30 0.590123 
Epoch 148, train_loss 0.001244, train_ic 0.036034, train_icir 0.380653, train_ric 0.047870, train_ricir 0.399970, valid_loss 0.0013401583 , valid_ic 0.000035, valid_icir 0.000803, valid_ric 0.013434, valid_ricir 0.157976, test_loss 0.002420, ic -0.006574, icir -0.145227, ric 0.008423, ricir 0.083141, prec@10 0.597942, prec@30 0.588752 
Early stopping -----
Epoch 149, train_loss 0.001205, train_ic 0.034576, train_icir 0.341438, train_ric 0.030502, train_ricir 0.241261, valid_loss 0.0013006806 , valid_ic -0.002718, valid_icir -0.053936, valid_ric 0.003588, valid_ricir 0.040002, test_loss 0.002449, ic -0.009815, icir -0.195886, ric 0.001149, ricir 0.009901, prec@10 0.641152, prec@30 0.594376 
Epoch 150, train_loss 0.001224, train_ic 0.036699, train_icir 0.361703, train_ric 0.043370, train_ricir 0.343430, valid_loss 0.0010766003 , valid_ic 0.001215, valid_icir 0.023182, valid_ric 0.011467, valid_ricir 0.120390, test_loss 0.002197, ic -0.007456, icir -0.139480, ric 0.004628, ricir 0.038691, prec@10 0.608642, prec@30 0.583539 
Epoch 151, train_loss 0.001251, train_ic 0.053846, train_icir 0.640211, train_ric 0.010126, train_ricir 0.096573, valid_loss 0.0010506283 , valid_ic 0.011929, valid_icir 0.332420, valid_ric -0.014799, valid_ricir -0.241315, test_loss 0.002122, ic 0.003811, icir 0.105167, ric -0.003901, ricir -0.062214, prec@10 0.581481, prec@30 0.563923 
Epoch 152, train_loss 0.001236, train_ic 0.053032, train_icir 0.456166, train_ric 0.025395, train_ricir 0.181905, valid_loss 0.0011118779 , valid_ic 0.009687, valid_icir 0.156039, valid_ric -0.002412, valid_ricir -0.023740, test_loss 0.002185, ic -0.000506, icir -0.009104, ric 0.002632, ricir 0.020045, prec@10 0.641975, prec@30 0.606722 
Epoch 153, train_loss 0.001220, train_ic 0.056865, train_icir 0.604999, train_ric 0.022546, train_ricir 0.182297, valid_loss 0.0011084336 , valid_ic 0.012929, valid_icir 0.357789, valid_ric -0.005146, valid_ricir -0.070105, test_loss 0.002149, ic 0.004683, icir 0.132988, ric 0.000799, ricir 0.008366, prec@10 0.577778, prec@30 0.548560 
Epoch 154, train_loss 0.001206, train_ic 0.018266, train_icir 0.194028, train_ric 0.045702, train_ricir 0.399052, valid_loss 0.0010408903 , valid_ic 0.000464, valid_icir 0.010924, valid_ric 0.024600, valid_ricir 0.316352, test_loss 0.002119, ic -0.008833, icir -0.180729, ric 0.007795, ricir 0.084777, prec@10 0.481893, prec@30 0.476680 
Epoch 155, train_loss 0.001228, train_ic 0.049966, train_icir 0.628688, train_ric 0.048870, train_ricir 0.477397, valid_loss 0.0010812579 , valid_ic 0.010723, valid_icir 0.401619, valid_ric 0.021177, valid_ricir 0.399313, test_loss 0.002127, ic 0.003315, icir 0.107406, ric 0.021144, ricir 0.274134, prec@10 0.540329, prec@30 0.535940 
Epoch 156, train_loss 0.001192, train_ic 0.054387, train_icir 0.614694, train_ric 0.052548, train_ricir 0.467246, valid_loss 0.0010081946 , valid_ic 0.013267, valid_icir 0.388312, valid_ric 0.015678, valid_ricir 0.248587, test_loss 0.002089, ic 0.005134, icir 0.157153, ric 0.015534, ricir 0.188165, prec@10 0.541564, prec@30 0.533059 
Epoch 157, train_loss 0.001251, train_ic 0.036330, train_icir 0.322285, train_ric 0.051850, train_ricir 0.392851, valid_loss 0.0015531092 , valid_ic 0.001386, valid_icir 0.021166, valid_ric 0.016176, valid_ricir 0.158158, test_loss 0.002597, ic -0.008689, icir -0.140544, ric 0.009962, ricir 0.083322, prec@10 0.596296, prec@30 0.580796 
Epoch 158, train_loss 0.001217, train_ic 0.041721, train_icir 0.394865, train_ric 0.042962, train_ricir 0.336153, valid_loss 0.0013360186 , valid_ic 0.002643, valid_icir 0.042520, valid_ric 0.010066, valid_ricir 0.103523, test_loss 0.002412, ic -0.008944, icir -0.156999, ric 0.007256, ricir 0.062063, prec@10 0.635802, prec@30 0.593827 
Epoch 159, train_loss 0.001227, train_ic 0.053960, train_icir 0.502242, train_ric 0.048395, train_ricir 0.377237, valid_loss 0.0010603209 , valid_ic 0.015267, valid_icir 0.272409, valid_ric 0.012564, valid_ricir 0.132083, test_loss 0.002085, ic 0.003611, icir 0.068911, ric 0.017003, ricir 0.150824, prec@10 0.545267, prec@30 0.539232 
Epoch 160, train_loss 0.001212, train_ic 0.050964, train_icir 0.576447, train_ric 0.042131, train_ricir 0.368459, valid_loss 0.0012156973 , valid_ic 0.015140, valid_icir 0.452309, valid_ric 0.015056, valid_ricir 0.222753, test_loss 0.002267, ic 0.004153, icir 0.121765, ric 0.019574, ricir 0.260976, prec@10 0.532099, prec@30 0.530453 
Epoch 161, train_loss 0.001207, train_ic 0.043152, train_icir 0.349820, train_ric 0.025724, train_ricir 0.175359, valid_loss 0.0014590834 , valid_ic 0.002081, valid_icir 0.030495, valid_ric -0.002882, valid_ricir -0.027134, test_loss 0.002569, ic -0.006457, icir -0.096594, ric 0.000283, ricir 0.001948, prec@10 0.653086, prec@30 0.599177 
Epoch 162, train_loss 0.001210, train_ic 0.046368, train_icir 0.539739, train_ric 0.052081, train_ricir 0.481414, valid_loss 0.0009864119 , valid_ic 0.010552, valid_icir 0.289566, valid_ric 0.024687, valid_ricir 0.322066, test_loss 0.001994, ic -0.000182, icir -0.005005, ric 0.018666, ricir 0.234296, prec@10 0.548148, prec@30 0.528395 
Epoch 163, train_loss 0.001240, train_ic 0.035950, train_icir 0.329243, train_ric 0.042858, train_ricir 0.329989, valid_loss 0.0012136730 , valid_ic 0.003667, valid_icir 0.057687, valid_ric 0.012180, valid_ricir 0.124487, test_loss 0.002307, ic -0.008441, icir -0.137576, ric 0.006892, ricir 0.057335, prec@10 0.545679, prec@30 0.569136 
Epoch 164, train_loss 0.001249, train_ic 0.053948, train_icir 0.520482, train_ric 0.037980, train_ricir 0.309403, valid_loss 0.0010174528 , valid_ic 0.011816, valid_icir 0.226900, valid_ric 0.001592, valid_ricir 0.017568, test_loss 0.002032, ic 0.001289, icir 0.027310, ric 0.005586, ricir 0.049910, prec@10 0.574074, prec@30 0.566667 
Epoch 165, train_loss 0.001199, train_ic 0.044824, train_icir 0.448090, train_ric 0.064779, train_ricir 0.503845, valid_loss 0.0010722459 , valid_ic 0.012805, valid_icir 0.335985, valid_ric 0.036523, valid_ricir 0.422137, test_loss 0.002061, ic 0.000866, icir 0.023124, ric 0.023920, ricir 0.237418, prec@10 0.520576, prec@30 0.521262 
Epoch 166, train_loss 0.001216, train_ic 0.044471, train_icir 0.432494, train_ric 0.050826, train_ricir 0.414995, valid_loss 0.0010331307 , valid_ic 0.002922, valid_icir 0.055004, valid_ric 0.010484, valid_ricir 0.114370, test_loss 0.002032, ic -0.005599, icir -0.113790, ric 0.007484, ricir 0.068415, prec@10 0.519342, prec@30 0.559534 
Epoch 167, train_loss 0.001209, train_ic 0.053628, train_icir 0.625230, train_ric 0.028353, train_ricir 0.285577, valid_loss 0.0011026769 , valid_ic 0.017915, valid_icir 0.486480, valid_ric 0.002897, valid_ricir 0.061872, test_loss 0.002133, ic 0.011413, icir 0.319528, ric 0.013690, ricir 0.257672, prec@10 0.547325, prec@30 0.547051 
Epoch 168, train_loss 0.001217, train_ic 0.059291, train_icir 0.631756, train_ric 0.044286, train_ricir 0.393935, valid_loss 0.0010163989 , valid_ic 0.012726, valid_icir 0.275154, valid_ric 0.011759, valid_ricir 0.150459, test_loss 0.002022, ic 0.001003, icir 0.022582, ric 0.016425, ricir 0.186609, prec@10 0.636214, prec@30 0.594787 
Epoch 169, train_loss 0.001197, train_ic 0.041986, train_icir 0.411006, train_ric 0.037750, train_ricir 0.299989, valid_loss 0.0010197812 , valid_ic 0.005034, valid_icir 0.098979, valid_ric 0.003399, valid_ricir 0.037072, test_loss 0.002008, ic -0.001790, icir -0.039954, ric 0.005253, ricir 0.047548, prec@10 0.577778, prec@30 0.553224 
Epoch 170, train_loss 0.001198, train_ic 0.035223, train_icir 0.343870, train_ric 0.064572, train_ricir 0.511806, valid_loss 0.0009922661 , valid_ic 0.004791, valid_icir 0.105517, valid_ric 0.035363, valid_ricir 0.378975, test_loss 0.001964, ic -0.004974, icir -0.107822, ric 0.021952, ricir 0.225125, prec@10 0.469136, prec@30 0.486557 
Epoch 171, train_loss 0.001186, train_ic 0.047822, train_icir 0.434906, train_ric 0.033362, train_ricir 0.253475, valid_loss 0.0011475137 , valid_ic 0.003719, valid_icir 0.064725, valid_ric 0.002126, valid_ricir 0.023283, test_loss 0.002200, ic -0.003813, icir -0.069174, ric 0.008919, ricir 0.074657, prec@10 0.648148, prec@30 0.596433 
Epoch 172, train_loss 0.001206, train_ic 0.039365, train_icir 0.413540, train_ric 0.038702, train_ricir 0.343119, valid_loss 0.0010231243 , valid_ic 0.008477, valid_icir 0.192814, valid_ric 0.010908, valid_ricir 0.129843, test_loss 0.002005, ic -0.002501, icir -0.056320, ric 0.007864, ricir 0.075261, prec@10 0.559259, prec@30 0.543210 
Epoch 173, train_loss 0.001210, train_ic 0.047958, train_icir 0.539584, train_ric 0.027755, train_ricir 0.266101, valid_loss 0.0010374770 , valid_ic 0.008162, valid_icir 0.189855, valid_ric -0.001490, valid_ricir -0.021937, test_loss 0.002016, ic 0.001318, icir 0.038615, ric 0.002435, ricir 0.033067, prec@10 0.577778, prec@30 0.558848 
Epoch 174, train_loss 0.001193, train_ic 0.028925, train_icir 0.318670, train_ric 0.031778, train_ricir 0.298489, valid_loss 0.0014469861 , valid_ic 0.004470, valid_icir 0.134245, valid_ric 0.012114, valid_ricir 0.200240, test_loss 0.002379, ic -0.000510, icir -0.016438, ric 0.006331, ricir 0.079709, prec@10 0.536214, prec@30 0.515364 
Epoch 175, train_loss 0.001224, train_ic 0.045188, train_icir 0.516361, train_ric 0.050845, train_ricir 0.489417, valid_loss 0.0014018138 , valid_ic 0.010827, valid_icir 0.321003, valid_ric 0.028409, valid_ricir 0.409126, test_loss 0.002325, ic -0.000444, icir -0.012996, ric 0.019046, ricir 0.242174, prec@10 0.531276, prec@30 0.518930 
Epoch 176, train_loss 0.001224, train_ic 0.044427, train_icir 0.480222, train_ric 0.042797, train_ricir 0.380095, valid_loss 0.0010979545 , valid_ic 0.009119, valid_icir 0.188395, valid_ric 0.016448, valid_ricir 0.187992, test_loss 0.002054, ic -0.002676, icir -0.060007, ric 0.012641, ricir 0.125192, prec@10 0.601235, prec@30 0.586557 
Epoch 177, train_loss 0.001206, train_ic 0.038618, train_icir 0.442267, train_ric 0.041616, train_ricir 0.362214, valid_loss 0.0010211352 , valid_ic 0.008836, valid_icir 0.287147, valid_ric 0.023452, valid_ricir 0.296264, test_loss 0.001973, ic 0.002201, icir 0.074299, ric 0.016407, ricir 0.155655, prec@10 0.520988, prec@30 0.525789 
Epoch 178, train_loss 0.001187, train_ic 0.046377, train_icir 0.543952, train_ric 0.053540, train_ricir 0.513984, valid_loss 0.0010522304 , valid_ic 0.008458, valid_icir 0.275538, valid_ric 0.019501, valid_ricir 0.341382, test_loss 0.002009, ic 0.000326, icir 0.009359, ric 0.011811, ricir 0.183193, prec@10 0.530041, prec@30 0.518656 
Epoch 179, train_loss 0.001209, train_ic 0.035541, train_icir 0.362302, train_ric 0.039903, train_ricir 0.336053, valid_loss 0.0011134303 , valid_ic -0.001604, valid_icir -0.030877, valid_ric 0.008596, valid_ricir 0.106969, test_loss 0.002102, ic -0.010014, icir -0.207344, ric 0.003596, ricir 0.037321, prec@10 0.634568, prec@30 0.594102 
Epoch 180, train_loss 0.001198, train_ic 0.050308, train_icir 0.480042, train_ric 0.051437, train_ricir 0.405814, valid_loss 0.0010835174 , valid_ic 0.009506, valid_icir 0.197250, valid_ric 0.013529, valid_ricir 0.148281, test_loss 0.002032, ic -0.000972, icir -0.022253, ric 0.010684, ricir 0.099489, prec@10 0.529218, prec@30 0.519067 
Epoch 181, train_loss 0.001185, train_ic 0.054619, train_icir 0.585899, train_ric 0.036882, train_ricir 0.328583, valid_loss 0.0010173457 , valid_ic 0.015776, valid_icir 0.393034, valid_ric 0.009257, valid_ricir 0.126074, test_loss 0.001960, ic 0.004243, icir 0.114833, ric 0.011566, ricir 0.140316, prec@10 0.579012, prec@30 0.550206 
Epoch 182, train_loss 0.001179, train_ic 0.048457, train_icir 0.539411, train_ric 0.019466, train_ricir 0.177261, valid_loss 0.0014173644 , valid_ic 0.010756, valid_icir 0.286210, valid_ric -0.008717, valid_ricir -0.145739, test_loss 0.002364, ic 0.004638, icir 0.138171, ric -0.001476, ricir -0.020848, prec@10 0.547325, prec@30 0.537586 
Epoch 183, train_loss 0.001196, train_ic 0.050032, train_icir 0.459092, train_ric 0.048204, train_ricir 0.384760, valid_loss 0.0010487486 , valid_ic 0.007647, valid_icir 0.137878, valid_ric 0.010790, valid_ricir 0.116092, test_loss 0.002028, ic -0.004262, icir -0.075776, ric 0.009366, ricir 0.076623, prec@10 0.655967, prec@30 0.601372 
Epoch 184, train_loss 0.001182, train_ic 0.048332, train_icir 0.494030, train_ric 0.061829, train_ricir 0.537579, valid_loss 0.0009953731 , valid_ic 0.007881, valid_icir 0.172720, valid_ric 0.027746, valid_ricir 0.346310, test_loss 0.001949, ic -0.005471, icir -0.121666, ric 0.015621, ricir 0.170390, prec@10 0.628807, prec@30 0.591084 
Epoch 185, train_loss 0.001202, train_ic 0.039159, train_icir 0.345499, train_ric 0.034772, train_ricir 0.266368, valid_loss 0.0011185564 , valid_ic -0.000721, valid_icir -0.010873, valid_ric 0.000265, valid_ricir 0.002725, test_loss 0.002079, ic -0.008752, icir -0.135673, ric -0.003468, ricir -0.026961, prec@10 0.637860, prec@30 0.595610 
Epoch 186, train_loss 0.001396, train_ic 0.044387, train_icir 0.510323, train_ric 0.059809, train_ricir 0.570214, valid_loss 0.0009703029 , valid_ic 0.013060, valid_icir 0.335911, valid_ric 0.031420, valid_ricir 0.424868, test_loss 0.001897, ic 0.000198, icir 0.004819, ric 0.022211, ricir 0.273774, prec@10 0.539095, prec@30 0.531962 
Epoch 187, train_loss 0.001183, train_ic 0.049815, train_icir 0.418186, train_ric 0.020738, train_ricir 0.146891, valid_loss 0.0011435665 , valid_ic 0.011850, valid_icir 0.201602, valid_ric -0.010639, valid_ricir -0.109284, test_loss 0.002126, ic 0.003743, icir 0.065391, ric -0.002628, ricir -0.019639, prec@10 0.588889, prec@30 0.545953 
Epoch 188, train_loss 0.001191, train_ic 0.047116, train_icir 0.587333, train_ric 0.036043, train_ricir 0.365137, valid_loss 0.0009732412 , valid_ic 0.008409, valid_icir 0.273414, valid_ric 0.002076, valid_ricir 0.040935, test_loss 0.001895, ic 0.004788, icir 0.179774, ric 0.010619, ricir 0.181945, prec@10 0.542387, prec@30 0.539232 
Epoch 189, train_loss 0.001200, train_ic 0.041257, train_icir 0.429635, train_ric 0.037006, train_ricir 0.294958, valid_loss 0.0011150412 , valid_ic 0.009044, valid_icir 0.252203, valid_ric 0.010439, valid_ricir 0.135490, test_loss 0.002017, ic 0.002364, icir 0.071430, ric 0.005674, ricir 0.056072, prec@10 0.543210, prec@30 0.526337 
Epoch 190, train_loss 0.001184, train_ic 0.056961, train_icir 0.660827, train_ric 0.034161, train_ricir 0.339178, valid_loss 0.0010791962 , valid_ic 0.014186, valid_icir 0.401980, valid_ric -0.000987, valid_ricir -0.018667, test_loss 0.001983, ic 0.007690, icir 0.230452, ric 0.008055, ricir 0.134368, prec@10 0.552263, prec@30 0.538683 
Epoch 191, train_loss 0.001191, train_ic 0.056239, train_icir 0.650285, train_ric 0.060723, train_ricir 0.588575, valid_loss 0.0011319668 , valid_ic 0.012185, valid_icir 0.357614, valid_ric 0.026108, valid_ricir 0.389222, test_loss 0.002002, ic 0.000245, icir 0.007322, ric 0.017563, ricir 0.240322, prec@10 0.553498, prec@30 0.533882 
Epoch 192, train_loss 0.001174, train_ic 0.056452, train_icir 0.599057, train_ric 0.022901, train_ricir 0.203169, valid_loss 0.0009665282 , valid_ic 0.013081, valid_icir 0.363985, valid_ric -0.005284, valid_ricir -0.076546, test_loss 0.001852, ic 0.007350, icir 0.232575, ric 0.002746, ricir 0.032973, prec@10 0.573663, prec@30 0.542798 
Epoch 193, train_loss 0.001184, train_ic 0.048682, train_icir 0.467333, train_ric 0.044766, train_ricir 0.372243, valid_loss 0.0010951753 , valid_ic -0.000003, valid_icir -0.000048, valid_ric 0.004045, valid_ricir 0.045245, test_loss 0.002071, ic -0.007862, icir -0.138088, ric 0.002832, ricir 0.025831, prec@10 0.634568, prec@30 0.592730 
Epoch 194, train_loss 0.001207, train_ic 0.041562, train_icir 0.432477, train_ric 0.025889, train_ricir 0.215837, valid_loss 0.0011963313 , valid_ic 0.012006, valid_icir 0.333888, valid_ric 0.009863, valid_ricir 0.118398, test_loss 0.002065, ic 0.006842, icir 0.214949, ric 0.012186, ricir 0.106860, prec@10 0.540741, prec@30 0.531962 
Epoch 195, train_loss 0.001177, train_ic 0.035340, train_icir 0.321984, train_ric 0.044241, train_ricir 0.339815, valid_loss 0.0010686833 , valid_ic 0.000718, valid_icir 0.011383, valid_ric 0.011980, valid_ricir 0.117864, test_loss 0.002036, ic -0.010159, icir -0.159522, ric 0.004772, ricir 0.036252, prec@10 0.644033, prec@30 0.597531 
Epoch 196, train_loss 0.001190, train_ic 0.047993, train_icir 0.449531, train_ric 0.045646, train_ricir 0.369446, valid_loss 0.0011273536 , valid_ic 0.006319, valid_icir 0.114778, valid_ric 0.014571, valid_ricir 0.164188, test_loss 0.002008, ic -0.004164, icir -0.078391, ric 0.010317, ricir 0.096286, prec@10 0.516461, prec@30 0.514129 
Epoch 197, train_loss 0.001183, train_ic 0.056507, train_icir 0.633214, train_ric 0.025324, train_ricir 0.251542, valid_loss 0.0009566980 , valid_ic 0.018922, valid_icir 0.610840, valid_ric 0.013037, valid_ricir 0.252912, test_loss 0.001843, ic 0.006117, icir 0.189121, ric 0.011948, ricir 0.203235, prec@10 0.576543, prec@30 0.547599 
Epoch 198, train_loss 0.001194, train_ic 0.045271, train_icir 0.449088, train_ric 0.037193, train_ricir 0.312097, valid_loss 0.0011665977 , valid_ic 0.004183, valid_icir 0.080154, valid_ric -0.001811, valid_ricir -0.021730, test_loss 0.002048, ic -0.000860, icir -0.019605, ric -0.001195, ricir -0.012416, prec@10 0.542387, prec@30 0.523868 
Epoch 199, train_loss 0.001180, train_ic 0.054411, train_icir 0.502995, train_ric 0.027806, train_ricir 0.215933, valid_loss 0.0010325217 , valid_ic 0.006189, valid_icir 0.113245, valid_ric -0.008819, valid_ricir -0.099070, test_loss 0.001929, ic -0.000129, icir -0.002713, ric -0.001529, ricir -0.013626, prec@10 0.640741, prec@30 0.611385 
Epoch 200, train_loss 0.001172, train_ic 0.053420, train_icir 0.450783, train_ric 0.033887, train_ricir 0.246441, valid_loss 0.0012074591 , valid_ic 0.006590, valid_icir 0.097897, valid_ric -0.002477, valid_ricir -0.024276, test_loss 0.002121, ic -0.003196, icir -0.052150, ric -0.001014, ricir -0.007708, prec@10 0.640741, prec@30 0.603704 
Best valid loss: 0
Best valid loss epoch: 197
Model saved to:  ../saved_models/GRU/GRU-CSI-2026-04-06-12-20-37
------- Test -----
{'IC': np.float64(-0.0031959633107342495), 'ICIR': np.float64(-0.05214957861504805), 'RIC': np.float64(-0.0010141207043566963), 'RICIR': np.float64(-0.007707506414459774), 'Prec@10': np.float64(0.6407407407407407), 'Prec@30': np.float64(0.6037037037037036), 'MAE': np.float32(0.032427393), 'MAPE': np.float32(337.63785), 'RMSE': np.float32(0.053878468), 'ACC': np.float64(0.28724701292367716)}
