Dataset:  CSI
Radom seed: 1234
GPU: 7
Learning rate: 0.001
Loss: MaskedMSELoss

---------- LSTM ----------
{
    "epochs": 200,
    "lookback_length": 16,
    "steps": 1,
    "lr": 0.0001,
    "clip_grad": 3.0,
    "data_args": {
        "dataset": "CSI",
        "batch_size": 1,
        "shuffle_train": true,
        "n_jobs": 20,
        "valid_year": 2019,
        "test_year": 2020,
        "window": 16,
        "steps": 1
    },
    "early_stop": 20,
    "runner": "csi",
    "loss": "mse",
    "model_args": {
        "d_feat": 1,
        "hidden_size": 64,
        "num_layers": 2,
        "dropout": 0.1
    }
}
Epoch 1, train_loss 0.133229, train_ic 0.004152, train_icir 0.040864, train_ric 0.018905, train_ricir 0.152978, valid_loss 0.0390436152 , valid_ic -0.009084, valid_icir -0.108908, valid_ric 0.009242, valid_ricir 0.096698, test_loss 0.074540, ic -0.018244, icir -0.154022, ric -0.005337, ricir -0.041070, prec@10 0.437037, prec@30 0.450754 
Epoch 2, train_loss 0.030642, train_ic 0.004935, train_icir 0.054689, train_ric 0.025210, train_ricir 0.203516, valid_loss 0.0203537375 , valid_ic -0.008484, valid_icir -0.113296, valid_ric 0.006185, valid_ricir 0.066841, test_loss 0.045260, ic -0.017256, icir -0.155974, ric -0.001616, ricir -0.012845, prec@10 0.458848, prec@30 0.453086 
Epoch 3, train_loss 0.017074, train_ic 0.007244, train_icir 0.087653, train_ric 0.009426, train_ricir 0.069420, valid_loss 0.0133361625 , valid_ic -0.007478, valid_icir -0.107853, valid_ric -0.011155, valid_ricir -0.103073, test_loss 0.032406, ic -0.015761, icir -0.150256, ric -0.009112, ricir -0.060396, prec@10 0.539506, prec@30 0.546228 
Epoch 4, train_loss 0.011139, train_ic 0.004143, train_icir 0.058186, train_ric 0.015873, train_ricir 0.160852, valid_loss 0.0097448678 , valid_ic -0.007919, valid_icir -0.130927, valid_ric 0.002028, valid_ricir 0.026755, test_loss 0.024942, ic -0.015400, icir -0.161554, ric -0.005000, ricir -0.047866, prec@10 0.520576, prec@30 0.531413 
Epoch 5, train_loss 0.008020, train_ic 0.010571, train_icir 0.155381, train_ric 0.007456, train_ricir 0.057860, valid_loss 0.0074489972 , valid_ic -0.004497, valid_icir -0.077545, valid_ric -0.019149, valid_ricir -0.225180, test_loss 0.019889, ic -0.011445, icir -0.126983, ric -0.004074, ricir -0.035878, prec@10 0.556790, prec@30 0.535117 
Epoch 6, train_loss 0.006063, train_ic 0.005904, train_icir 0.099338, train_ric 0.005768, train_ricir 0.058925, valid_loss 0.0060785972 , valid_ic -0.005433, valid_icir -0.107562, valid_ric -0.006738, valid_ricir -0.114916, test_loss 0.016442, ic -0.011708, icir -0.143642, ric -0.001404, ricir -0.020137, prec@10 0.542387, prec@30 0.531550 
Epoch 7, train_loss 0.004702, train_ic 0.016426, train_icir 0.233759, train_ric 0.006748, train_ricir 0.049742, valid_loss 0.0050597671 , valid_ic -0.003054, valid_icir -0.055154, valid_ric -0.019453, valid_ricir -0.194468, test_loss 0.013731, ic -0.008664, icir -0.107644, ric -0.006355, ricir -0.049395, prec@10 0.572840, prec@30 0.544582 
Epoch 8, train_loss 0.003836, train_ic 0.010031, train_icir 0.140076, train_ric 0.029676, train_ricir 0.223681, valid_loss 0.0044517734 , valid_ic -0.005339, valid_icir -0.100024, valid_ric 0.006008, valid_ricir 0.056680, test_loss 0.011820, ic -0.012281, icir -0.159969, ric 0.005178, ricir 0.040312, prec@10 0.617695, prec@30 0.590123 
Epoch 9, train_loss 0.003262, train_ic 0.008818, train_icir 0.144242, train_ric 0.011165, train_ricir 0.085941, valid_loss 0.0034466960 , valid_ic -0.001869, valid_icir -0.047881, valid_ric -0.000348, valid_ricir -0.004304, test_loss 0.009659, ic -0.006840, icir -0.109724, ric 0.007322, ricir 0.071555, prec@10 0.536626, prec@30 0.537586 
Epoch 10, train_loss 0.002842, train_ic 0.009915, train_icir 0.142308, train_ric 0.027512, train_ricir 0.210815, valid_loss 0.0038858430 , valid_ic -0.005225, valid_icir -0.103977, valid_ric 0.004594, valid_ricir 0.044472, test_loss 0.009237, ic -0.011431, icir -0.159917, ric 0.004495, ricir 0.033945, prec@10 0.624280, prec@30 0.589300 
Epoch 11, train_loss 0.002490, train_ic 0.011102, train_icir 0.202624, train_ric 0.019062, train_ricir 0.165839, valid_loss 0.0027364259 , valid_ic -0.005208, valid_icir -0.122595, valid_ric -0.002618, valid_ricir -0.031520, test_loss 0.007381, ic -0.009986, icir -0.156279, ric 0.002835, ricir 0.026158, prec@10 0.606996, prec@30 0.586420 
Epoch 12, train_loss 0.002264, train_ic 0.006741, train_icir 0.120032, train_ric 0.016939, train_ricir 0.173259, valid_loss 0.0023673744 , valid_ic -0.006834, valid_icir -0.176228, valid_ric 0.000282, valid_ricir 0.004081, test_loss 0.006445, ic -0.010397, icir -0.174981, ric -0.002674, ricir -0.028376, prec@10 0.543210, prec@30 0.548148 
Epoch 13, train_loss 0.002067, train_ic 0.017151, train_icir 0.202524, train_ric 0.010489, train_ricir 0.092076, valid_loss 0.0027161402 , valid_ic -0.003163, valid_icir -0.056432, valid_ric -0.002075, valid_ricir -0.024240, test_loss 0.006442, ic -0.009602, icir -0.146308, ric -0.000854, ricir -0.008168, prec@10 0.643621, prec@30 0.593964 
Epoch 14, train_loss 0.001929, train_ic 0.003036, train_icir 0.048594, train_ric -0.009544, train_ricir -0.099520, valid_loss 0.0021159094 , valid_ic -0.001758, valid_icir -0.052939, valid_ric -0.006038, valid_ricir -0.082599, test_loss 0.005402, ic -0.004592, icir -0.092475, ric -0.003664, ricir -0.040533, prec@10 0.543621, prec@30 0.524829 
Epoch 15, train_loss 0.001859, train_ic 0.014283, train_icir 0.223395, train_ric -0.028008, train_ricir -0.233782, valid_loss 0.0021243552 , valid_ic -0.003068, valid_icir -0.093339, valid_ric -0.027248, valid_ricir -0.366300, test_loss 0.005113, ic -0.006099, icir -0.134269, ric -0.011589, ricir -0.159338, prec@10 0.553498, prec@30 0.581481 
Epoch 16, train_loss 0.001756, train_ic 0.022684, train_icir 0.380909, train_ric 0.002171, train_ricir 0.020294, valid_loss 0.0019378703 , valid_ic 0.000890, valid_icir 0.029136, valid_ric -0.012473, valid_ricir -0.212793, test_loss 0.004796, ic -0.001923, icir -0.048554, ric 0.000976, ricir 0.015712, prec@10 0.512346, prec@30 0.524966 
Epoch 17, train_loss 0.001676, train_ic 0.018500, train_icir 0.277722, train_ric 0.015127, train_ricir 0.124194, valid_loss 0.0023352240 , valid_ic -0.000804, valid_icir -0.024346, valid_ric 0.003002, valid_ricir 0.042650, test_loss 0.005019, ic -0.005857, icir -0.129866, ric 0.010323, ricir 0.114708, prec@10 0.593416, prec@30 0.572702 
Epoch 18, train_loss 0.001637, train_ic 0.010307, train_icir 0.176164, train_ric 0.000728, train_ricir 0.008076, valid_loss 0.0020054147 , valid_ic -0.004757, valid_icir -0.161386, valid_ric -0.003951, valid_ricir -0.066132, test_loss 0.004429, ic -0.007558, icir -0.189345, ric -0.004000, ricir -0.060553, prec@10 0.490535, prec@30 0.509191 
Epoch 19, train_loss 0.001622, train_ic 0.003822, train_icir 0.058036, train_ric -0.013097, train_ricir -0.111020, valid_loss 0.0017628531 , valid_ic -0.001585, valid_icir -0.058390, valid_ric -0.005689, valid_ricir -0.060002, test_loss 0.004075, ic -0.003437, icir -0.095717, ric -0.004791, ricir -0.037444, prec@10 0.525103, prec@30 0.529218 
Epoch 20, train_loss 0.001582, train_ic 0.011582, train_icir 0.109078, train_ric 0.025632, train_ricir 0.184899, valid_loss 0.0027340069 , valid_ic -0.010184, valid_icir -0.140126, valid_ric 0.002922, valid_ricir 0.026715, test_loss 0.005429, ic -0.018558, icir -0.227825, ric -0.000822, ricir -0.005537, prec@10 0.638683, prec@30 0.592455 
Epoch 21, train_loss 0.001523, train_ic 0.000280, train_icir 0.004109, train_ric 0.018361, train_ricir 0.165862, valid_loss 0.0023869955 , valid_ic -0.005604, valid_icir -0.191428, valid_ric 0.018480, valid_ricir 0.252985, test_loss 0.004430, ic -0.009378, icir -0.241138, ric 0.010201, ricir 0.099092, prec@10 0.523457, prec@30 0.545816 
Epoch 22, train_loss 0.001453, train_ic 0.007389, train_icir 0.168672, train_ric -0.002590, train_ricir -0.033503, valid_loss 0.0014375305 , valid_ic -0.004050, valid_icir -0.144540, valid_ric -0.000648, valid_ricir -0.017219, test_loss 0.003469, ic -0.008384, icir -0.204381, ric -0.005389, ricir -0.138415, prec@10 0.571605, prec@30 0.585322 
Epoch 23, train_loss 0.001490, train_ic 0.022778, train_icir 0.313391, train_ric 0.004051, train_ricir 0.033512, valid_loss 0.0016731661 , valid_ic -0.000034, valid_icir -0.001219, valid_ric -0.010913, valid_ricir -0.139840, test_loss 0.003588, ic -0.001904, icir -0.051834, ric 0.000407, ricir 0.004305, prec@10 0.521399, prec@30 0.519067 
Epoch 24, train_loss 0.001459, train_ic 0.005619, train_icir 0.086131, train_ric 0.006414, train_ricir 0.061474, valid_loss 0.0016930093 , valid_ic -0.003606, valid_icir -0.130723, valid_ric 0.001647, valid_ricir 0.023211, test_loss 0.003602, ic -0.004498, icir -0.123194, ric 0.001069, ricir 0.013723, prec@10 0.520576, prec@30 0.518519 
Epoch 25, train_loss 0.001455, train_ic 0.013641, train_icir 0.151234, train_ric 0.004787, train_ricir 0.038298, valid_loss 0.0018456332 , valid_ic 0.004380, valid_icir 0.122634, valid_ric 0.002269, valid_ricir 0.024200, test_loss 0.003574, ic 0.001985, icir 0.058077, ric 0.008766, ricir 0.066063, prec@10 0.519342, prec@30 0.519479 
Epoch 26, train_loss 0.001441, train_ic 0.009513, train_icir 0.140351, train_ric 0.006685, train_ricir 0.075904, valid_loss 0.0014214191 , valid_ic -0.005307, valid_icir -0.135219, valid_ric 0.000307, valid_ricir 0.005069, test_loss 0.003224, ic -0.010056, icir -0.227745, ric -0.006413, ricir -0.084095, prec@10 0.627984, prec@30 0.594787 
Epoch 27, train_loss 0.001409, train_ic 0.012700, train_icir 0.197129, train_ric 0.005805, train_ricir 0.060934, valid_loss 0.0013790845 , valid_ic -0.002703, valid_icir -0.073610, valid_ric -0.005274, valid_ricir -0.088847, test_loss 0.003093, ic -0.007585, icir -0.155086, ric -0.010356, ricir -0.122785, prec@10 0.532922, prec@30 0.504115 
Epoch 28, train_loss 0.001426, train_ic 0.030227, train_icir 0.425054, train_ric -0.005718, train_ricir -0.052232, valid_loss 0.0015515299 , valid_ic 0.006886, valid_icir 0.234741, valid_ric -0.014695, valid_ricir -0.233615, test_loss 0.003205, ic 0.002181, icir 0.061581, ric -0.003656, ricir -0.050160, prec@10 0.585597, prec@30 0.564746 
Epoch 29, train_loss 0.001396, train_ic 0.038700, train_icir 0.447825, train_ric 0.016754, train_ricir 0.126662, valid_loss 0.0012321913 , valid_ic 0.004201, valid_icir 0.106562, valid_ric -0.009060, valid_ricir -0.105302, test_loss 0.002838, ic -0.001921, icir -0.043958, ric 0.002468, ricir 0.022475, prec@10 0.548560, prec@30 0.537311 
Epoch 30, train_loss 0.001358, train_ic 0.026875, train_icir 0.366851, train_ric -0.010403, train_ricir -0.090757, valid_loss 0.0013567786 , valid_ic 0.007173, valid_icir 0.241917, valid_ric -0.010905, valid_ricir -0.138488, test_loss 0.002909, ic 0.002006, icir 0.058093, ric -0.000547, ricir -0.005496, prec@10 0.562551, prec@30 0.550754 
Epoch 31, train_loss 0.001354, train_ic 0.031598, train_icir 0.379051, train_ric 0.021127, train_ricir 0.162008, valid_loss 0.0012552287 , valid_ic 0.007789, valid_icir 0.241336, valid_ric 0.002977, valid_ricir 0.035079, test_loss 0.002788, ic 0.003053, icir 0.087070, ric 0.014297, ricir 0.121184, prec@10 0.543210, prec@30 0.536214 
Epoch 32, train_loss 0.001394, train_ic 0.017295, train_icir 0.235829, train_ric 0.025781, train_ricir 0.233237, valid_loss 0.0013948254 , valid_ic 0.001705, valid_icir 0.062212, valid_ric 0.012516, valid_ricir 0.169039, test_loss 0.002879, ic -0.001561, icir -0.046534, ric 0.012147, ricir 0.119379, prec@10 0.540741, prec@30 0.529218 
Epoch 33, train_loss 0.001329, train_ic 0.023465, train_icir 0.330911, train_ric 0.009312, train_ricir 0.089678, valid_loss 0.0012258452 , valid_ic 0.000125, valid_icir 0.004200, valid_ric -0.006084, valid_ricir -0.081924, test_loss 0.002699, ic -0.002491, icir -0.069535, ric -0.001738, ricir -0.020956, prec@10 0.548560, prec@30 0.522771 
Epoch 34, train_loss 0.001372, train_ic 0.034846, train_icir 0.547831, train_ric 0.017464, train_ricir 0.191190, valid_loss 0.0011521818 , valid_ic 0.004901, valid_icir 0.152060, valid_ric -0.006371, valid_ricir -0.116976, test_loss 0.002585, ic -0.000828, icir -0.021545, ric 0.003386, ricir 0.052318, prec@10 0.579012, prec@30 0.549246 
Epoch 35, train_loss 0.001332, train_ic 0.039686, train_icir 0.445724, train_ric 0.015778, train_ricir 0.122744, valid_loss 0.0013713565 , valid_ic 0.004699, valid_icir 0.105967, valid_ric -0.009741, valid_ricir -0.110731, test_loss 0.002817, ic -0.003988, icir -0.083601, ric 0.000431, ricir 0.003833, prec@10 0.639095, prec@30 0.606173 
Epoch 36, train_loss 0.001335, train_ic 0.017291, train_icir 0.288887, train_ric 0.026917, train_ricir 0.330560, valid_loss 0.0012388055 , valid_ic 0.001347, valid_icir 0.046323, valid_ric 0.012165, valid_ricir 0.239709, test_loss 0.002621, ic -0.004274, icir -0.110303, ric 0.010874, ricir 0.173429, prec@10 0.521811, prec@30 0.518793 
Epoch 37, train_loss 0.001323, train_ic 0.011711, train_icir 0.156624, train_ric 0.039977, train_ricir 0.365832, valid_loss 0.0012068605 , valid_ic -0.005878, valid_icir -0.157509, valid_ric 0.021167, valid_ricir 0.260083, test_loss 0.002587, ic -0.010663, icir -0.244721, ric 0.008797, ricir 0.093404, prec@10 0.608642, prec@30 0.574486 
Epoch 38, train_loss 0.001308, train_ic 0.023442, train_icir 0.305180, train_ric 0.011252, train_ricir 0.101130, valid_loss 0.0013143265 , valid_ic 0.003145, valid_icir 0.102936, valid_ric 0.004666, valid_ricir 0.082745, test_loss 0.002661, ic -0.004194, icir -0.117099, ric 0.007188, ricir 0.118391, prec@10 0.562140, prec@30 0.574211 
Epoch 39, train_loss 0.001324, train_ic 0.034929, train_icir 0.404064, train_ric 0.032581, train_ricir 0.278282, valid_loss 0.0012433330 , valid_ic -0.000209, valid_icir -0.004840, valid_ric -0.000529, valid_ricir -0.006814, test_loss 0.002616, ic -0.005211, icir -0.127965, ric 0.008034, ricir 0.088190, prec@10 0.631687, prec@30 0.592318 
Epoch 40, train_loss 0.001308, train_ic 0.032115, train_icir 0.388144, train_ric 0.018817, train_ricir 0.186474, valid_loss 0.0014958622 , valid_ic 0.002212, valid_icir 0.053154, valid_ric -0.003905, valid_ricir -0.055613, test_loss 0.002753, ic -0.003137, icir -0.076506, ric 0.000905, ricir 0.009889, prec@10 0.537449, prec@30 0.535391 
Epoch 41, train_loss 0.001305, train_ic 0.023119, train_icir 0.331575, train_ric 0.004322, train_ricir 0.045286, valid_loss 0.0012200672 , valid_ic 0.010242, valid_icir 0.368556, valid_ric 0.004753, valid_ricir 0.081268, test_loss 0.002478, ic 0.003014, icir 0.099035, ric 0.006241, ricir 0.075710, prec@10 0.554321, prec@30 0.549931 
Epoch 42, train_loss 0.001280, train_ic 0.006840, train_icir 0.108646, train_ric 0.005578, train_ricir 0.064806, valid_loss 0.0013273812 , valid_ic -0.000973, valid_icir -0.044491, valid_ric 0.012215, valid_ricir 0.281901, test_loss 0.002547, ic -0.006462, icir -0.226218, ric 0.002472, ricir 0.044695, prec@10 0.535802, prec@30 0.554595 
Epoch 43, train_loss 0.001301, train_ic 0.027183, train_icir 0.275625, train_ric 0.015345, train_ricir 0.117278, valid_loss 0.0010990826 , valid_ic 0.001183, valid_icir 0.023736, valid_ric -0.003897, valid_ricir -0.040044, test_loss 0.002338, ic -0.006252, icir -0.130666, ric -0.005520, ricir -0.043254, prec@10 0.537449, prec@30 0.512483 
Epoch 44, train_loss 0.001287, train_ic 0.034940, train_icir 0.406791, train_ric 0.023203, train_ricir 0.205921, valid_loss 0.0010612792 , valid_ic 0.003171, valid_icir 0.078272, valid_ric -0.003017, valid_ricir -0.039676, test_loss 0.002273, ic -0.003824, icir -0.094336, ric 0.000967, ricir 0.009171, prec@10 0.519342, prec@30 0.535528 
Epoch 45, train_loss 0.001310, train_ic 0.029965, train_icir 0.375277, train_ric 0.042822, train_ricir 0.407994, valid_loss 0.0012175583 , valid_ic 0.000939, valid_icir 0.023064, valid_ric 0.017568, valid_ricir 0.208532, test_loss 0.002413, ic -0.006908, icir -0.157324, ric 0.009192, ricir 0.091632, prec@10 0.559259, prec@30 0.561454 
Epoch 46, train_loss 0.001243, train_ic 0.029334, train_icir 0.362436, train_ric -0.011359, train_ricir -0.108074, valid_loss 0.0016879401 , valid_ic 0.006682, valid_icir 0.217301, valid_ric -0.011310, valid_ricir -0.175489, test_loss 0.002815, ic 0.000705, icir 0.022726, ric -0.005355, ricir -0.070535, prec@10 0.511523, prec@30 0.536214 
Epoch 47, train_loss 0.001268, train_ic 0.059046, train_icir 0.583654, train_ric 0.014582, train_ricir 0.109508, valid_loss 0.0012744665 , valid_ic 0.015860, valid_icir 0.341449, valid_ric -0.019784, valid_ricir -0.256144, test_loss 0.002392, ic 0.010039, icir 0.245910, ric 0.001675, ricir 0.019131, prec@10 0.565844, prec@30 0.568999 
Epoch 48, train_loss 0.001262, train_ic 0.037847, train_icir 0.485577, train_ric 0.038245, train_ricir 0.355353, valid_loss 0.0012109672 , valid_ic 0.014258, valid_icir 0.384426, valid_ric 0.006480, valid_ricir 0.105990, test_loss 0.002423, ic 0.008660, icir 0.228872, ric 0.014565, ricir 0.194314, prec@10 0.558025, prec@30 0.540878 
Epoch 49, train_loss 0.001268, train_ic 0.048691, train_icir 0.572397, train_ric 0.006072, train_ricir 0.052220, valid_loss 0.0011144022 , valid_ic 0.013317, valid_icir 0.344959, valid_ric -0.013236, valid_ricir -0.178619, test_loss 0.002233, ic 0.007505, icir 0.210090, ric 0.001213, ricir 0.012567, prec@10 0.575309, prec@30 0.554733 
Epoch 50, train_loss 0.001312, train_ic 0.034342, train_icir 0.359560, train_ric 0.009930, train_ricir 0.078547, valid_loss 0.0010686705 , valid_ic 0.010002, valid_icir 0.267035, valid_ric -0.000019, valid_ricir -0.000211, test_loss 0.002183, ic 0.003614, icir 0.106044, ric 0.005406, ricir 0.043092, prec@10 0.555556, prec@30 0.547462 
Epoch 51, train_loss 0.001251, train_ic 0.020805, train_icir 0.254294, train_ric 0.042217, train_ricir 0.420676, valid_loss 0.0010900993 , valid_ic 0.001178, valid_icir 0.030548, valid_ric 0.021364, valid_ricir 0.299542, test_loss 0.002192, ic -0.006661, icir -0.154406, ric 0.012026, ricir 0.144156, prec@10 0.498765, prec@30 0.490535 
Epoch 52, train_loss 0.001255, train_ic 0.018383, train_icir 0.208435, train_ric 0.033709, train_ricir 0.293491, valid_loss 0.0010277529 , valid_ic -0.003181, valid_icir -0.066840, valid_ric 0.012529, valid_ricir 0.139042, test_loss 0.002123, ic -0.010014, icir -0.199815, ric -0.001045, ricir -0.009281, prec@10 0.524280, prec@30 0.493690 
Epoch 53, train_loss 0.001263, train_ic 0.034318, train_icir 0.434840, train_ric 0.011263, train_ricir 0.121512, valid_loss 0.0016291053 , valid_ic 0.008753, valid_icir 0.259026, valid_ric 0.000749, valid_ricir 0.013801, test_loss 0.002633, ic -0.000160, icir -0.005892, ric 0.003380, ricir 0.060358, prec@10 0.534568, prec@30 0.543896 
Epoch 54, train_loss 0.001248, train_ic 0.027220, train_icir 0.282134, train_ric -0.007057, train_ricir -0.057257, valid_loss 0.0013122580 , valid_ic 0.008370, valid_icir 0.225206, valid_ric -0.006901, valid_ricir -0.077118, test_loss 0.002330, ic 0.002681, icir 0.081233, ric -0.002915, ricir -0.026079, prec@10 0.560494, prec@30 0.555418 
Epoch 55, train_loss 0.001239, train_ic 0.033647, train_icir 0.322605, train_ric 0.032130, train_ricir 0.249414, valid_loss 0.0010502434 , valid_ic 0.002752, valid_icir 0.049372, valid_ric 0.000337, valid_ricir 0.003516, test_loss 0.002090, ic -0.004397, icir -0.080978, ric -0.000045, ricir -0.000348, prec@10 0.553909, prec@30 0.513992 
Epoch 56, train_loss 0.001216, train_ic 0.041552, train_icir 0.467255, train_ric 0.012678, train_ricir 0.113876, valid_loss 0.0010750108 , valid_ic 0.004740, valid_icir 0.111889, valid_ric -0.006389, valid_ricir -0.086864, test_loss 0.002114, ic -0.004164, icir -0.103646, ric -0.000898, ricir -0.009731, prec@10 0.642387, prec@30 0.593964 
Epoch 57, train_loss 0.001253, train_ic 0.032664, train_icir 0.401835, train_ric 0.037653, train_ricir 0.372809, valid_loss 0.0010828216 , valid_ic 0.002422, valid_icir 0.060648, valid_ric 0.019886, valid_ricir 0.298821, test_loss 0.002145, ic -0.007708, icir -0.190588, ric 0.010446, ricir 0.131404, prec@10 0.615638, prec@30 0.589575 
Epoch 58, train_loss 0.001221, train_ic 0.040375, train_icir 0.373767, train_ric 0.008280, train_ricir 0.061829, valid_loss 0.0011431947 , valid_ic 0.020562, valid_icir 0.417705, valid_ric -0.000531, valid_ricir -0.005908, test_loss 0.002170, ic 0.015390, icir 0.361213, ric 0.009962, ricir 0.082497, prec@10 0.548971, prec@30 0.549520 
Epoch 59, train_loss 0.001269, train_ic 0.031215, train_icir 0.336678, train_ric 0.045051, train_ricir 0.392696, valid_loss 0.0012772228 , valid_ic 0.001904, valid_icir 0.047723, valid_ric 0.024276, valid_ricir 0.296086, test_loss 0.002298, ic -0.005533, icir -0.134144, ric 0.014303, ricir 0.161969, prec@10 0.554733, prec@30 0.551166 
Epoch 60, train_loss 0.001238, train_ic 0.036175, train_icir 0.432883, train_ric 0.028788, train_ricir 0.252490, valid_loss 0.0009894769 , valid_ic 0.007658, valid_icir 0.262345, valid_ric 0.013589, valid_ricir 0.161746, test_loss 0.001967, ic 0.001360, icir 0.043658, ric 0.011320, ricir 0.099569, prec@10 0.520988, prec@30 0.528807 
Epoch 61, train_loss 0.001225, train_ic 0.038177, train_icir 0.521479, train_ric 0.037360, train_ricir 0.381427, valid_loss 0.0009843670 , valid_ic 0.012299, valid_icir 0.462147, valid_ric 0.018992, valid_ricir 0.321571, test_loss 0.001956, ic 0.003377, icir 0.111705, ric 0.016782, ricir 0.216885, prec@10 0.556379, prec@30 0.546639 
Epoch 62, train_loss 0.001215, train_ic 0.044852, train_icir 0.617284, train_ric 0.022095, train_ricir 0.259822, valid_loss 0.0009929114 , valid_ic 0.005747, valid_icir 0.172117, valid_ric 0.001746, valid_ricir 0.038920, test_loss 0.001958, ic -0.001412, icir -0.038682, ric -0.001287, ricir -0.025950, prec@10 0.555556, prec@30 0.531824 
Epoch 63, train_loss 0.001229, train_ic 0.029583, train_icir 0.401803, train_ric 0.011363, train_ricir 0.129942, valid_loss 0.0010249045 , valid_ic 0.005680, valid_icir 0.211194, valid_ric 0.010449, valid_ricir 0.234536, test_loss 0.001966, ic -0.002782, icir -0.090254, ric -0.001477, ricir -0.030352, prec@10 0.555967, prec@30 0.543621 
Epoch 64, train_loss 0.001215, train_ic 0.037021, train_icir 0.505595, train_ric 0.054384, train_ricir 0.568201, valid_loss 0.0010561544 , valid_ic 0.003981, valid_icir 0.118478, valid_ric 0.030166, valid_ricir 0.394465, test_loss 0.001987, ic -0.004956, icir -0.134161, ric 0.016096, ricir 0.194294, prec@10 0.539506, prec@30 0.562826 
Epoch 65, train_loss 0.001232, train_ic 0.045399, train_icir 0.412166, train_ric 0.018215, train_ricir 0.135245, valid_loss 0.0010862525 , valid_ic 0.006589, valid_icir 0.120557, valid_ric -0.010088, valid_ricir -0.109540, test_loss 0.002090, ic -0.002712, icir -0.044575, ric -0.002896, ricir -0.021450, prec@10 0.564609, prec@30 0.548834 
Epoch 66, train_loss 0.001235, train_ic 0.055144, train_icir 0.567281, train_ric 0.002551, train_ricir 0.020659, valid_loss 0.0009972277 , valid_ic 0.020055, valid_icir 0.463683, valid_ric -0.013758, valid_ricir -0.185469, test_loss 0.001904, ic 0.011105, icir 0.288801, ric 0.000771, ricir 0.009068, prec@10 0.586008, prec@30 0.571056 
Epoch 67, train_loss 0.001214, train_ic 0.042422, train_icir 0.402818, train_ric 0.042583, train_ricir 0.337564, valid_loss 0.0013597683 , valid_ic 0.001157, valid_icir 0.018196, valid_ric 0.005352, valid_ricir 0.055925, test_loss 0.002377, ic -0.008480, icir -0.134571, ric 0.004984, ricir 0.041225, prec@10 0.633333, prec@30 0.595473 
Epoch 68, train_loss 0.001231, train_ic 0.053928, train_icir 0.593974, train_ric 0.026297, train_ricir 0.242341, valid_loss 0.0010352550 , valid_ic 0.014080, valid_icir 0.329141, valid_ric 0.000924, valid_ricir 0.014858, test_loss 0.001949, ic 0.002772, icir 0.066012, ric 0.007724, ricir 0.104171, prec@10 0.550617, prec@30 0.564609 
Epoch 69, train_loss 0.001202, train_ic 0.043310, train_icir 0.413082, train_ric 0.011315, train_ricir 0.087715, valid_loss 0.0010693856 , valid_ic 0.019445, valid_icir 0.439098, valid_ric 0.001516, valid_ricir 0.016933, test_loss 0.001946, ic 0.014854, icir 0.383982, ric 0.011340, ricir 0.095949, prec@10 0.560494, prec@30 0.547599 
Epoch 70, train_loss 0.001194, train_ic 0.048737, train_icir 0.690204, train_ric 0.015304, train_ricir 0.216353, valid_loss 0.0009416002 , valid_ic 0.011560, valid_icir 0.299204, valid_ric -0.002305, valid_ricir -0.059863, test_loss 0.001817, ic 0.001945, icir 0.052422, ric -0.003437, ricir -0.072904, prec@10 0.574486, prec@30 0.543073 
Epoch 71, train_loss 0.001222, train_ic 0.054402, train_icir 0.668077, train_ric 0.041941, train_ricir 0.422983, valid_loss 0.0011843478 , valid_ic 0.004846, valid_icir 0.134439, valid_ric 0.005194, valid_ricir 0.078025, test_loss 0.002062, ic -0.001521, icir -0.041702, ric 0.005456, ricir 0.079422, prec@10 0.543621, prec@30 0.552401 
Epoch 72, train_loss 0.001194, train_ic 0.037715, train_icir 0.463583, train_ric 0.015183, train_ricir 0.143887, valid_loss 0.0011936464 , valid_ic 0.008235, valid_icir 0.294103, valid_ric 0.007462, valid_ricir 0.093368, test_loss 0.002070, ic 0.001315, icir 0.043704, ric 0.002812, ricir 0.028329, prec@10 0.548148, prec@30 0.547599 
Epoch 73, train_loss 0.001212, train_ic 0.051534, train_icir 0.580225, train_ric 0.003475, train_ricir 0.034825, valid_loss 0.0009689720 , valid_ic 0.016717, valid_icir 0.422430, valid_ric -0.009202, valid_ricir -0.182420, test_loss 0.001826, ic 0.008250, icir 0.223694, ric -0.003418, ricir -0.051617, prec@10 0.585185, prec@30 0.556516 
Epoch 74, train_loss 0.001199, train_ic 0.056003, train_icir 0.599650, train_ric 0.014040, train_ricir 0.127937, valid_loss 0.0009737054 , valid_ic 0.007570, valid_icir 0.160637, valid_ric -0.019083, valid_ricir -0.325618, test_loss 0.001831, ic 0.003104, icir 0.065110, ric -0.009282, ricir -0.109505, prec@10 0.575309, prec@30 0.548422 
Epoch 75, train_loss 0.001189, train_ic 0.044935, train_icir 0.565661, train_ric 0.007580, train_ricir 0.088761, valid_loss 0.0009370690 , valid_ic 0.009904, valid_icir 0.297237, valid_ric -0.005487, valid_ricir -0.134010, test_loss 0.001769, ic 0.003405, icir 0.102830, ric -0.002922, ricir -0.061138, prec@10 0.588066, prec@30 0.551303 
Epoch 76, train_loss 0.001186, train_ic 0.025908, train_icir 0.363756, train_ric 0.009690, train_ricir 0.109533, valid_loss 0.0009762255 , valid_ic 0.003455, valid_icir 0.108661, valid_ric 0.004614, valid_ricir 0.098466, test_loss 0.001826, ic -0.004654, icir -0.127551, ric -0.006633, ricir -0.123859, prec@10 0.560082, prec@30 0.566804 
Epoch 77, train_loss 0.001187, train_ic 0.038204, train_icir 0.471172, train_ric 0.012130, train_ricir 0.131792, valid_loss 0.0009674120 , valid_ic 0.004548, valid_icir 0.156382, valid_ric 0.003077, valid_ricir 0.065788, test_loss 0.001795, ic -0.001018, icir -0.034222, ric 0.000396, ricir 0.007152, prec@10 0.563374, prec@30 0.564060 
Epoch 78, train_loss 0.001189, train_ic 0.059360, train_icir 0.627423, train_ric 0.025539, train_ricir 0.223011, valid_loss 0.0011321795 , valid_ic 0.015552, valid_icir 0.403900, valid_ric -0.005033, valid_ricir -0.082907, test_loss 0.001935, ic 0.007096, icir 0.188247, ric 0.005714, ricir 0.076051, prec@10 0.568724, prec@30 0.563237 
Epoch 79, train_loss 0.001211, train_ic 0.044952, train_icir 0.514467, train_ric 0.016628, train_ricir 0.161455, valid_loss 0.0009705004 , valid_ic 0.007787, valid_icir 0.249652, valid_ric 0.000429, valid_ricir 0.006805, test_loss 0.001753, ic 0.003256, icir 0.114645, ric 0.005522, ricir 0.068775, prec@10 0.548148, prec@30 0.539781 
Epoch 80, train_loss 0.001182, train_ic 0.039412, train_icir 0.465804, train_ric 0.012875, train_ricir 0.142048, valid_loss 0.0010471484 , valid_ic 0.007043, valid_icir 0.209323, valid_ric 0.001948, valid_ricir 0.047855, test_loss 0.001834, ic -0.001374, icir -0.044742, ric 0.000356, ricir 0.008056, prec@10 0.619753, prec@30 0.596982 
Epoch 81, train_loss 0.001187, train_ic 0.027049, train_icir 0.264629, train_ric -0.006153, train_ricir -0.051817, valid_loss 0.0013814328 , valid_ic 0.013235, valid_icir 0.258860, valid_ric -0.005272, valid_ricir -0.059559, test_loss 0.002160, ic 0.010674, icir 0.240588, ric -0.001545, ricir -0.014124, prec@10 0.558025, prec@30 0.550343 
Epoch 82, train_loss 0.001186, train_ic 0.056498, train_icir 0.650863, train_ric 0.035317, train_ricir 0.350045, valid_loss 0.0009349666 , valid_ic 0.014863, valid_icir 0.428717, valid_ric 0.007425, valid_ricir 0.120012, test_loss 0.001718, ic 0.009430, icir 0.294991, ric 0.012061, ricir 0.136388, prec@10 0.579424, prec@30 0.560631 
Epoch 83, train_loss 0.001202, train_ic 0.044122, train_icir 0.479210, train_ric 0.039399, train_ricir 0.373634, valid_loss 0.0009944350 , valid_ic 0.012832, valid_icir 0.322380, valid_ric 0.010959, valid_ricir 0.178993, test_loss 0.001774, ic 0.004125, icir 0.096215, ric 0.011105, ricir 0.146727, prec@10 0.576543, prec@30 0.549794 
Epoch 84, train_loss 0.001189, train_ic 0.054413, train_icir 0.542218, train_ric 0.037450, train_ricir 0.313859, valid_loss 0.0010243276 , valid_ic 0.015333, valid_icir 0.354355, valid_ric 0.004983, valid_ricir 0.066936, test_loss 0.001780, ic 0.007029, icir 0.157444, ric 0.011664, ricir 0.127225, prec@10 0.581893, prec@30 0.561317 
Epoch 85, train_loss 0.001198, train_ic 0.054382, train_icir 0.591840, train_ric 0.011965, train_ricir 0.108927, valid_loss 0.0009651392 , valid_ic 0.011756, valid_icir 0.287107, valid_ric -0.008767, valid_ricir -0.132747, test_loss 0.001748, ic 0.001609, icir 0.042279, ric -0.000882, ricir -0.011267, prec@10 0.580658, prec@30 0.600960 
Epoch 86, train_loss 0.001186, train_ic 0.048301, train_icir 0.548182, train_ric 0.019241, train_ricir 0.179185, valid_loss 0.0009570531 , valid_ic 0.012878, valid_icir 0.404017, valid_ric 0.005167, valid_ricir 0.071017, test_loss 0.001692, ic 0.006794, icir 0.231715, ric 0.008008, ricir 0.075771, prec@10 0.569959, prec@30 0.554870 
Epoch 87, train_loss 0.001186, train_ic 0.044482, train_icir 0.407763, train_ric -0.002177, train_ricir -0.017025, valid_loss 0.0010466856 , valid_ic 0.018243, valid_icir 0.357233, valid_ric -0.009179, valid_ricir -0.104017, test_loss 0.001766, ic 0.013886, icir 0.306672, ric 0.000041, ricir 0.000356, prec@10 0.562963, prec@30 0.562963 
Epoch 88, train_loss 0.001174, train_ic 0.037088, train_icir 0.474515, train_ric 0.022452, train_ricir 0.247210, valid_loss 0.0009151687 , valid_ic 0.009827, valid_icir 0.343633, valid_ric 0.011741, valid_ricir 0.178347, test_loss 0.001646, ic 0.004247, icir 0.144544, ric 0.006511, ricir 0.074694, prec@10 0.552263, prec@30 0.529630 
Epoch 89, train_loss 0.001180, train_ic 0.038766, train_icir 0.464743, train_ric 0.010018, train_ricir 0.111931, valid_loss 0.0009970493 , valid_ic 0.006703, valid_icir 0.171677, valid_ric -0.002561, valid_ricir -0.047758, test_loss 0.001734, ic -0.000959, icir -0.024325, ric -0.007076, ricir -0.100520, prec@10 0.560082, prec@30 0.540192 
Epoch 90, train_loss 0.001175, train_ic 0.047675, train_icir 0.550307, train_ric 0.013741, train_ricir 0.134897, valid_loss 0.0009510678 , valid_ic 0.018772, valid_icir 0.530701, valid_ric 0.000735, valid_ricir 0.012525, test_loss 0.001676, ic 0.010954, icir 0.300926, ric 0.006983, ricir 0.097317, prec@10 0.586420, prec@30 0.568313 
Epoch 91, train_loss 0.001197, train_ic 0.042208, train_icir 0.607535, train_ric 0.040436, train_ricir 0.488791, valid_loss 0.0009381814 , valid_ic 0.006101, valid_icir 0.181001, valid_ric 0.016118, valid_ricir 0.264339, test_loss 0.001671, ic -0.002222, icir -0.061188, ric 0.007685, ricir 0.111052, prec@10 0.553086, prec@30 0.530453 
Epoch 92, train_loss 0.001176, train_ic 0.053526, train_icir 0.542178, train_ric 0.049870, train_ricir 0.427639, valid_loss 0.0009238572 , valid_ic 0.008836, valid_icir 0.201518, valid_ric 0.010508, valid_ricir 0.125007, test_loss 0.001633, ic 0.000161, icir 0.003704, ric 0.009265, ricir 0.087682, prec@10 0.545267, prec@30 0.527298 
Epoch 93, train_loss 0.001181, train_ic 0.051474, train_icir 0.618358, train_ric 0.035076, train_ricir 0.375680, valid_loss 0.0009786590 , valid_ic 0.005996, valid_icir 0.164320, valid_ric 0.007879, valid_ricir 0.136754, test_loss 0.001717, ic -0.001522, icir -0.042928, ric 0.006440, ricir 0.088560, prec@10 0.579012, prec@30 0.583128 
Epoch 94, train_loss 0.001178, train_ic 0.034219, train_icir 0.351449, train_ric 0.047674, train_ricir 0.431666, valid_loss 0.0009803265 , valid_ic 0.006424, valid_icir 0.115844, valid_ric 0.023383, valid_ricir 0.257037, test_loss 0.001708, ic -0.005894, icir -0.104486, ric 0.011894, ricir 0.105583, prec@10 0.526337, prec@30 0.516187 
Epoch 95, train_loss 0.001167, train_ic 0.048993, train_icir 0.612055, train_ric 0.045212, train_ricir 0.494587, valid_loss 0.0009055582 , valid_ic 0.007977, valid_icir 0.243353, valid_ric 0.021734, valid_ricir 0.333317, test_loss 0.001600, ic 0.000099, icir 0.002700, ric 0.013009, ricir 0.183363, prec@10 0.543621, prec@30 0.530453 
Epoch 96, train_loss 0.001179, train_ic 0.042626, train_icir 0.437725, train_ric 0.005124, train_ricir 0.044317, valid_loss 0.0009519044 , valid_ic 0.020080, valid_icir 0.482073, valid_ric 0.000446, valid_ricir 0.005979, test_loss 0.001656, ic 0.013455, icir 0.352808, ric 0.005484, ricir 0.056861, prec@10 0.563786, prec@30 0.543621 
Epoch 97, train_loss 0.001169, train_ic 0.048507, train_icir 0.522858, train_ric 0.048163, train_ricir 0.455999, valid_loss 0.0009513930 , valid_ic 0.005062, valid_icir 0.107616, valid_ric 0.012278, valid_ricir 0.163068, test_loss 0.001669, ic -0.003764, icir -0.076374, ric 0.008367, ricir 0.089858, prec@10 0.581481, prec@30 0.570233 
Epoch 98, train_loss 0.001157, train_ic 0.045011, train_icir 0.428529, train_ric 0.043628, train_ricir 0.370020, valid_loss 0.0009810171 , valid_ic 0.004090, valid_icir 0.066708, valid_ric 0.006189, valid_ricir 0.068600, test_loss 0.001703, ic -0.005559, icir -0.088402, ric 0.002888, ricir 0.023845, prec@10 0.607407, prec@30 0.605075 
Epoch 99, train_loss 0.001157, train_ic 0.051373, train_icir 0.484008, train_ric 0.024025, train_ricir 0.188050, valid_loss 0.0009367051 , valid_ic 0.008403, valid_icir 0.155551, valid_ric -0.010056, valid_ricir -0.110475, test_loss 0.001640, ic -0.000212, icir -0.003918, ric -0.003885, ricir -0.030464, prec@10 0.590947, prec@30 0.553909 
Epoch 100, train_loss 0.001165, train_ic 0.041095, train_icir 0.452334, train_ric 0.034770, train_ricir 0.343636, valid_loss 0.0009591696 , valid_ic 0.007642, valid_icir 0.181867, valid_ric 0.012095, valid_ricir 0.173424, test_loss 0.001641, ic -0.002482, icir -0.054668, ric 0.006882, ricir 0.075380, prec@10 0.547737, prec@30 0.583539 
Epoch 101, train_loss 0.001159, train_ic 0.052840, train_icir 0.575145, train_ric -0.006586, train_ricir -0.064097, valid_loss 0.0009675566 , valid_ic 0.017560, valid_icir 0.412133, valid_ric -0.016737, valid_ricir -0.281401, test_loss 0.001622, ic 0.011350, icir 0.296942, ric -0.004412, ricir -0.063140, prec@10 0.595885, prec@30 0.561866 
Epoch 102, train_loss 0.001153, train_ic 0.056708, train_icir 0.587509, train_ric 0.033868, train_ricir 0.305311, valid_loss 0.0009673134 , valid_ic 0.011331, valid_icir 0.244190, valid_ric 0.001184, valid_ricir 0.017038, test_loss 0.001626, ic 0.003447, icir 0.085037, ric 0.006878, ricir 0.090092, prec@10 0.584362, prec@30 0.591084 
Epoch 103, train_loss 0.001164, train_ic 0.049564, train_icir 0.501773, train_ric 0.016964, train_ricir 0.155156, valid_loss 0.0011524810 , valid_ic 0.015181, valid_icir 0.325215, valid_ric -0.004259, valid_ricir -0.064621, test_loss 0.001788, ic 0.004795, icir 0.104231, ric 0.001749, ricir 0.019611, prec@10 0.586008, prec@30 0.552949 
Epoch 104, train_loss 0.001151, train_ic 0.045915, train_icir 0.405319, train_ric 0.000148, train_ricir 0.001102, valid_loss 0.0009637878 , valid_ic 0.012670, valid_icir 0.231650, valid_ric -0.010199, valid_ricir -0.104766, test_loss 0.001638, ic 0.012140, icir 0.258356, ric -0.000077, ricir -0.000628, prec@10 0.571605, prec@30 0.548834 
Epoch 105, train_loss 0.001159, train_ic 0.051841, train_icir 0.713079, train_ric 0.038124, train_ricir 0.454985, valid_loss 0.0009930816 , valid_ic 0.016295, valid_icir 0.581484, valid_ric 0.020177, valid_ricir 0.355384, test_loss 0.001642, ic 0.007176, icir 0.255074, ric 0.014458, ricir 0.199376, prec@10 0.561317, prec@30 0.543073 
Epoch 106, train_loss 0.001153, train_ic 0.045541, train_icir 0.566785, train_ric 0.028806, train_ricir 0.306078, valid_loss 0.0010890835 , valid_ic 0.014253, valid_icir 0.450635, valid_ric 0.010937, valid_ricir 0.170951, test_loss 0.001730, ic 0.007077, icir 0.215006, ric 0.011121, ricir 0.135909, prec@10 0.573251, prec@30 0.558573 
Epoch 107, train_loss 0.001161, train_ic 0.062343, train_icir 0.725791, train_ric 0.028448, train_ricir 0.287118, valid_loss 0.0009084719 , valid_ic 0.019822, valid_icir 0.561972, valid_ric 0.001087, valid_ricir 0.019770, test_loss 0.001540, ic 0.014637, icir 0.469438, ric 0.012564, ricir 0.163753, prec@10 0.575720, prec@30 0.563100 
Epoch 108, train_loss 0.001171, train_ic 0.040227, train_icir 0.482522, train_ric 0.028438, train_ricir 0.278934, valid_loss 0.0009186666 , valid_ic 0.009052, valid_icir 0.253735, valid_ric 0.013127, valid_ricir 0.186060, test_loss 0.001557, ic 0.005040, icir 0.148879, ric 0.006084, ricir 0.070751, prec@10 0.553086, prec@30 0.522497 
Epoch 109, train_loss 0.001153, train_ic 0.062751, train_icir 0.712274, train_ric 0.027080, train_ricir 0.262886, valid_loss 0.0009994836 , valid_ic 0.016587, valid_icir 0.378896, valid_ric -0.009209, valid_ricir -0.160785, test_loss 0.001633, ic 0.011685, icir 0.291855, ric 0.004485, ricir 0.068357, prec@10 0.548148, prec@30 0.560082 
Epoch 110, train_loss 0.001144, train_ic 0.027820, train_icir 0.306597, train_ric 0.004965, train_ricir 0.043853, valid_loss 0.0009079188 , valid_ic 0.007102, valid_icir 0.196465, valid_ric 0.000758, valid_ricir 0.009292, test_loss 0.001539, ic 0.002506, icir 0.074154, ric -0.002436, ricir -0.024528, prec@10 0.542387, prec@30 0.531139 
Epoch 111, train_loss 0.001139, train_ic 0.049458, train_icir 0.549402, train_ric 0.025035, train_ricir 0.252104, valid_loss 0.0008991683 , valid_ic 0.010631, valid_icir 0.285699, valid_ric 0.005315, valid_ricir 0.093210, test_loss 0.001528, ic 0.001755, icir 0.042404, ric 0.003313, ricir 0.042898, prec@10 0.577366, prec@30 0.533059 
Epoch 112, train_loss 0.001152, train_ic 0.068252, train_icir 0.768775, train_ric 0.038102, train_ricir 0.386287, valid_loss 0.0008993799 , valid_ic 0.017442, valid_icir 0.503348, valid_ric 0.006826, valid_ricir 0.140422, test_loss 0.001530, ic 0.008340, icir 0.252560, ric 0.010985, ricir 0.188385, prec@10 0.567078, prec@30 0.551852 
Epoch 113, train_loss 0.001163, train_ic 0.055991, train_icir 0.632590, train_ric 0.037821, train_ricir 0.387793, valid_loss 0.0009933869 , valid_ic 0.009923, valid_icir 0.248474, valid_ric 0.011752, valid_ricir 0.189257, test_loss 0.001647, ic -0.001065, icir -0.027009, ric 0.009322, ricir 0.111724, prec@10 0.565021, prec@30 0.574897 
Epoch 114, train_loss 0.001162, train_ic 0.050578, train_icir 0.642594, train_ric 0.013170, train_ricir 0.154609, valid_loss 0.0010501681 , valid_ic 0.014998, valid_icir 0.404013, valid_ric -0.006378, valid_ricir -0.156984, test_loss 0.001661, ic 0.009904, icir 0.278281, ric -0.001431, ricir -0.028348, prec@10 0.589712, prec@30 0.567627 
Epoch 115, train_loss 0.001154, train_ic 0.053128, train_icir 0.576248, train_ric 0.023097, train_ricir 0.214356, valid_loss 0.0009249340 , valid_ic 0.020055, valid_icir 0.509643, valid_ric 0.005924, valid_ricir 0.079920, test_loss 0.001536, ic 0.015393, icir 0.400676, ric 0.011957, ricir 0.109091, prec@10 0.577366, prec@30 0.551303 
Epoch 116, train_loss 0.001146, train_ic 0.049390, train_icir 0.596878, train_ric 0.018331, train_ricir 0.195527, valid_loss 0.0009790074 , valid_ic 0.015447, valid_icir 0.467696, valid_ric 0.004139, valid_ricir 0.069332, test_loss 0.001578, ic 0.007547, icir 0.217183, ric 0.005488, ricir 0.080053, prec@10 0.583951, prec@30 0.562277 
Epoch 117, train_loss 0.001152, train_ic 0.050860, train_icir 0.535973, train_ric 0.057414, train_ricir 0.533093, valid_loss 0.0009205202 , valid_ic 0.008639, valid_icir 0.174836, valid_ric 0.023938, valid_ricir 0.293742, test_loss 0.001534, ic -0.002345, icir -0.047068, ric 0.015236, ricir 0.157140, prec@10 0.542798, prec@30 0.512209 
Epoch 118, train_loss 0.001140, train_ic 0.046629, train_icir 0.530641, train_ric 0.023371, train_ricir 0.230881, valid_loss 0.0008864708 , valid_ic 0.006734, valid_icir 0.208917, valid_ric 0.001074, valid_ricir 0.018274, test_loss 0.001485, ic 0.001019, icir 0.029422, ric 0.001861, ricir 0.023517, prec@10 0.572840, prec@30 0.544170 
Epoch 119, train_loss 0.001149, train_ic 0.060536, train_icir 0.725758, train_ric 0.033170, train_ricir 0.340974, valid_loss 0.0010819112 , valid_ic 0.021598, valid_icir 0.661077, valid_ric 0.010306, valid_ricir 0.194857, test_loss 0.001662, ic 0.011462, icir 0.352471, ric 0.016170, ricir 0.245271, prec@10 0.557202, prec@30 0.552263 
Epoch 120, train_loss 0.001160, train_ic 0.051869, train_icir 0.701324, train_ric 0.042414, train_ricir 0.518731, valid_loss 0.0009101077 , valid_ic 0.014261, valid_icir 0.450330, valid_ric 0.019064, valid_ricir 0.388627, test_loss 0.001508, ic 0.005051, icir 0.146252, ric 0.011414, ricir 0.206029, prec@10 0.570782, prec@30 0.550206 
Epoch 121, train_loss 0.001139, train_ic 0.046556, train_icir 0.537213, train_ric 0.012331, train_ricir 0.129744, valid_loss 0.0009241565 , valid_ic 0.013440, valid_icir 0.351390, valid_ric -0.001001, valid_ricir -0.021271, test_loss 0.001523, ic 0.004133, icir 0.103979, ric 0.000757, ricir 0.012736, prec@10 0.567901, prec@30 0.549246 
Epoch 122, train_loss 0.001142, train_ic 0.072409, train_icir 0.785160, train_ric 0.043129, train_ricir 0.397647, valid_loss 0.0010224762 , valid_ic 0.016343, valid_icir 0.365103, valid_ric 0.002917, valid_ricir 0.041785, test_loss 0.001618, ic 0.008044, icir 0.196423, ric 0.011311, ricir 0.141227, prec@10 0.557613, prec@30 0.564335 
Epoch 123, train_loss 0.001138, train_ic 0.053445, train_icir 0.701433, train_ric 0.030177, train_ricir 0.366482, valid_loss 0.0009587854 , valid_ic 0.016204, valid_icir 0.460758, valid_ric 0.006730, valid_ricir 0.151364, test_loss 0.001542, ic 0.006344, icir 0.179303, ric 0.008783, ricir 0.173741, prec@10 0.559671, prec@30 0.554047 
Epoch 124, train_loss 0.001163, train_ic 0.066398, train_icir 0.656043, train_ric 0.032604, train_ricir 0.284002, valid_loss 0.0009264718 , valid_ic 0.014520, valid_icir 0.287356, valid_ric -0.004610, valid_ricir -0.057989, test_loss 0.001514, ic 0.005179, icir 0.105794, ric 0.001940, ricir 0.017919, prec@10 0.576543, prec@30 0.547462 
Epoch 125, train_loss 0.001139, train_ic 0.061321, train_icir 0.681482, train_ric 0.032298, train_ricir 0.317621, valid_loss 0.0010800254 , valid_ic 0.013657, valid_icir 0.375229, valid_ric 0.001315, valid_ricir 0.024836, test_loss 0.001645, ic 0.006339, icir 0.184100, ric 0.006874, ricir 0.102261, prec@10 0.574897, prec@30 0.555693 
Epoch 126, train_loss 0.001119, train_ic 0.053296, train_icir 0.629152, train_ric 0.027613, train_ricir 0.282565, valid_loss 0.0008904281 , valid_ic 0.015928, valid_icir 0.420480, valid_ric 0.009384, valid_ricir 0.130071, test_loss 0.001457, ic 0.009669, icir 0.281101, ric 0.006377, ricir 0.070576, prec@10 0.575309, prec@30 0.548560 
Epoch 127, train_loss 0.001127, train_ic 0.059697, train_icir 0.708636, train_ric 0.017725, train_ricir 0.201960, valid_loss 0.0008992277 , valid_ic 0.015031, valid_icir 0.383268, valid_ric -0.002140, valid_ricir -0.047802, test_loss 0.001492, ic 0.005439, icir 0.146159, ric 0.002178, ricir 0.037582, prec@10 0.580658, prec@30 0.568450 
Epoch 128, train_loss 0.001136, train_ic 0.060157, train_icir 0.661277, train_ric 0.013753, train_ricir 0.133116, valid_loss 0.0009309000 , valid_ic 0.014065, valid_icir 0.289916, valid_ric -0.017871, valid_ricir -0.302188, test_loss 0.001531, ic 0.005651, icir 0.113813, ric -0.005200, ricir -0.064918, prec@10 0.583539, prec@30 0.562826 
Epoch 129, train_loss 0.001128, train_ic 0.049436, train_icir 0.455536, train_ric 0.008681, train_ricir 0.067931, valid_loss 0.0011619525 , valid_ic 0.015143, valid_icir 0.306439, valid_ric -0.005593, valid_ricir -0.061723, test_loss 0.001704, ic 0.012462, icir 0.272067, ric 0.001090, ricir 0.009040, prec@10 0.566255, prec@30 0.547874 
Epoch 130, train_loss 0.001129, train_ic 0.063473, train_icir 0.771650, train_ric 0.032540, train_ricir 0.342285, valid_loss 0.0009030399 , valid_ic 0.016397, valid_icir 0.464624, valid_ric 0.004601, valid_ricir 0.079321, test_loss 0.001494, ic 0.008564, icir 0.251337, ric 0.010757, ricir 0.140781, prec@10 0.568313, prec@30 0.559259 
Epoch 131, train_loss 0.001126, train_ic 0.058670, train_icir 0.659852, train_ric 0.023677, train_ricir 0.221421, valid_loss 0.0009020163 , valid_ic 0.017309, valid_icir 0.500390, valid_ric 0.003916, valid_ricir 0.056472, test_loss 0.001450, ic 0.012344, icir 0.391458, ric 0.007515, ricir 0.085661, prec@10 0.587654, prec@30 0.555281 
Epoch 132, train_loss 0.001140, train_ic 0.065017, train_icir 0.681224, train_ric 0.011643, train_ricir 0.105962, valid_loss 0.0009560020 , valid_ic 0.018624, valid_icir 0.414068, valid_ric -0.015002, valid_ricir -0.267869, test_loss 0.001534, ic 0.014179, icir 0.343417, ric 0.001309, ricir 0.018723, prec@10 0.583539, prec@30 0.554047 
Epoch 133, train_loss 0.001119, train_ic 0.046658, train_icir 0.627261, train_ric 0.036949, train_ricir 0.469905, valid_loss 0.0010129995 , valid_ic 0.006943, valid_icir 0.215512, valid_ric 0.010960, valid_ricir 0.248347, test_loss 0.001566, ic 0.000545, icir 0.017387, ric 0.006292, ricir 0.140499, prec@10 0.566255, prec@30 0.535940 
Epoch 134, train_loss 0.001147, train_ic 0.045472, train_icir 0.561633, train_ric 0.028578, train_ricir 0.333527, valid_loss 0.0010015309 , valid_ic 0.005783, valid_icir 0.144316, valid_ric 0.010583, valid_ricir 0.237699, test_loss 0.001619, ic -0.004091, icir -0.097664, ric -0.000101, ricir -0.001808, prec@10 0.564609, prec@30 0.577092 
Epoch 135, train_loss 0.001135, train_ic 0.063526, train_icir 0.758021, train_ric 0.026879, train_ricir 0.289944, valid_loss 0.0012660206 , valid_ic 0.021282, valid_icir 0.565823, valid_ric 0.004975, valid_ricir 0.092954, test_loss 0.001777, ic 0.014426, icir 0.421748, ric 0.009378, ricir 0.123442, prec@10 0.593004, prec@30 0.565295 
Epoch 136, train_loss 0.001117, train_ic 0.056565, train_icir 0.659226, train_ric 0.037845, train_ricir 0.400635, valid_loss 0.0009113193 , valid_ic 0.010303, valid_icir 0.242514, valid_ric 0.002412, valid_ricir 0.041997, test_loss 0.001459, ic 0.002530, icir 0.058659, ric 0.003185, ricir 0.041263, prec@10 0.567490, prec@30 0.546228 
Epoch 137, train_loss 0.001129, train_ic 0.066551, train_icir 0.750960, train_ric 0.038037, train_ricir 0.375037, valid_loss 0.0009708987 , valid_ic 0.013988, valid_icir 0.346520, valid_ric 0.003651, valid_ricir 0.064809, test_loss 0.001506, ic 0.009133, icir 0.265416, ric 0.007589, ricir 0.117301, prec@10 0.556379, prec@30 0.549520 
Epoch 138, train_loss 0.001117, train_ic 0.046988, train_icir 0.442402, train_ric 0.017872, train_ricir 0.137935, valid_loss 0.0014947138 , valid_ic 0.021359, valid_icir 0.372697, valid_ric 0.003867, valid_ricir 0.038972, test_loss 0.002018, ic 0.020252, icir 0.379315, ric 0.006622, ricir 0.052196, prec@10 0.589300, prec@30 0.555556 
Early stopping -----
Epoch 139, train_loss 0.001128, train_ic 0.052411, train_icir 0.711494, train_ric 0.047247, train_ricir 0.558498, valid_loss 0.0011897504 , valid_ic 0.014346, valid_icir 0.418061, valid_ric 0.020488, valid_ricir 0.338589, test_loss 0.001707, ic 0.005768, icir 0.180375, ric 0.016560, ricir 0.273840, prec@10 0.569547, prec@30 0.538409 
Epoch 140, train_loss 0.001120, train_ic 0.046378, train_icir 0.386727, train_ric 0.044827, train_ricir 0.332556, valid_loss 0.0009546383 , valid_ic 0.007060, valid_icir 0.102729, valid_ric 0.009096, valid_ricir 0.090053, test_loss 0.001527, ic -0.004107, icir -0.056620, ric 0.006348, ricir 0.046766, prec@10 0.615638, prec@30 0.602195 
Epoch 141, train_loss 0.001140, train_ic 0.064716, train_icir 0.768228, train_ric 0.025594, train_ricir 0.269011, valid_loss 0.0009164334 , valid_ic 0.018708, valid_icir 0.405014, valid_ric -0.006604, valid_ricir -0.127265, test_loss 0.001486, ic 0.009692, icir 0.206085, ric 0.001763, ricir 0.024670, prec@10 0.578601, prec@30 0.565432 
Epoch 142, train_loss 0.001117, train_ic 0.056460, train_icir 0.640316, train_ric 0.021932, train_ricir 0.236005, valid_loss 0.0011168389 , valid_ic 0.016738, valid_icir 0.451619, valid_ric 0.004053, valid_ricir 0.082392, test_loss 0.001621, ic 0.007267, icir 0.198749, ric -0.000031, ricir -0.000480, prec@10 0.596708, prec@30 0.564060 
Epoch 143, train_loss 0.001132, train_ic 0.054633, train_icir 0.720906, train_ric 0.033995, train_ricir 0.412864, valid_loss 0.0009420722 , valid_ic 0.011990, valid_icir 0.380790, valid_ric 0.010520, valid_ricir 0.285827, test_loss 0.001469, ic 0.004231, icir 0.137313, ric 0.006926, ricir 0.158859, prec@10 0.570370, prec@30 0.542112 
Epoch 144, train_loss 0.001115, train_ic 0.056196, train_icir 0.558295, train_ric 0.014468, train_ricir 0.121069, valid_loss 0.0010911254 , valid_ic 0.020939, valid_icir 0.432975, valid_ric -0.002737, valid_ricir -0.032268, test_loss 0.001602, ic 0.016165, icir 0.369272, ric 0.005352, ricir 0.050776, prec@10 0.592181, prec@30 0.567078 
Epoch 145, train_loss 0.001114, train_ic 0.049582, train_icir 0.639714, train_ric 0.040720, train_ricir 0.447444, valid_loss 0.0009587832 , valid_ic 0.004489, valid_icir 0.110326, valid_ric 0.011196, valid_ricir 0.228068, test_loss 0.001536, ic -0.005123, icir -0.120529, ric 0.003221, ricir 0.054449, prec@10 0.645267, prec@30 0.600137 
Epoch 146, train_loss 0.001119, train_ic 0.060899, train_icir 0.664439, train_ric 0.054360, train_ricir 0.521167, valid_loss 0.0009011992 , valid_ic 0.016667, valid_icir 0.362948, valid_ric 0.017981, valid_ricir 0.240394, test_loss 0.001403, ic 0.005110, icir 0.131108, ric 0.015128, ricir 0.184358, prec@10 0.575720, prec@30 0.555556 
Epoch 147, train_loss 0.001130, train_ic 0.050045, train_icir 0.588555, train_ric 0.027452, train_ricir 0.278723, valid_loss 0.0009742565 , valid_ic 0.010553, valid_icir 0.323871, valid_ric 0.011948, valid_ricir 0.189419, test_loss 0.001509, ic 0.003860, icir 0.122421, ric 0.007015, ricir 0.080950, prec@10 0.568724, prec@30 0.550343 
Epoch 148, train_loss 0.001127, train_ic 0.055669, train_icir 0.607857, train_ric 0.023258, train_ricir 0.224820, valid_loss 0.0009817126 , valid_ic 0.024110, valid_icir 0.579375, valid_ric 0.004609, valid_ricir 0.071288, test_loss 0.001455, ic 0.020994, icir 0.518046, ric 0.013395, ricir 0.143194, prec@10 0.564609, prec@30 0.560219 
Epoch 149, train_loss 0.001099, train_ic 0.071808, train_icir 0.708805, train_ric 0.025483, train_ricir 0.211127, valid_loss 0.0009404812 , valid_ic 0.020748, valid_icir 0.404879, valid_ric -0.011419, valid_ricir -0.159655, test_loss 0.001448, ic 0.015031, icir 0.282120, ric 0.002160, ricir 0.022451, prec@10 0.581481, prec@30 0.568724 
Epoch 150, train_loss 0.001119, train_ic 0.059689, train_icir 0.601282, train_ric 0.046950, train_ricir 0.414879, valid_loss 0.0009316161 , valid_ic 0.014393, valid_icir 0.252167, valid_ric 0.011944, valid_ricir 0.141124, test_loss 0.001454, ic 0.003567, icir 0.070979, ric 0.012167, ricir 0.122246, prec@10 0.573251, prec@30 0.554870 
Epoch 151, train_loss 0.001116, train_ic 0.053610, train_icir 0.506168, train_ric 0.032129, train_ricir 0.277529, valid_loss 0.0009710291 , valid_ic 0.006683, valid_icir 0.108936, valid_ric -0.002059, valid_ricir -0.025255, test_loss 0.001539, ic -0.003200, icir -0.048672, ric -0.001282, ricir -0.011004, prec@10 0.591770, prec@30 0.606996 
Epoch 152, train_loss 0.001118, train_ic 0.054114, train_icir 0.706651, train_ric 0.036469, train_ricir 0.453611, valid_loss 0.0009638637 , valid_ic 0.015091, valid_icir 0.316968, valid_ric 0.002920, valid_ricir 0.067576, test_loss 0.001535, ic 0.003816, icir 0.069246, ric -0.000355, ricir -0.006747, prec@10 0.578601, prec@30 0.590398 
Epoch 153, train_loss 0.001110, train_ic 0.052998, train_icir 0.667590, train_ric 0.017234, train_ricir 0.196177, valid_loss 0.0010749889 , valid_ic 0.016596, valid_icir 0.513616, valid_ric 0.004451, valid_ricir 0.095839, test_loss 0.001552, ic 0.008108, icir 0.266494, ric 0.003691, ricir 0.065905, prec@10 0.577366, prec@30 0.558299 
Epoch 154, train_loss 0.001129, train_ic 0.061504, train_icir 0.776899, train_ric 0.046232, train_ricir 0.527084, valid_loss 0.0011473874 , valid_ic 0.018255, valid_icir 0.505826, valid_ric 0.015669, valid_ricir 0.288940, test_loss 0.001623, ic 0.010691, icir 0.292567, ric 0.016679, ricir 0.274126, prec@10 0.580658, prec@30 0.549794 
Epoch 155, train_loss 0.001111, train_ic 0.060621, train_icir 0.676438, train_ric 0.019743, train_ricir 0.206711, valid_loss 0.0010857824 , valid_ic 0.020520, valid_icir 0.541156, valid_ric 0.002560, valid_ricir 0.053745, test_loss 0.001550, ic 0.011304, icir 0.315042, ric 0.002930, ricir 0.050854, prec@10 0.602058, prec@30 0.563100 
Epoch 156, train_loss 0.001126, train_ic 0.066117, train_icir 0.719052, train_ric 0.023732, train_ricir 0.211207, valid_loss 0.0008814572 , valid_ic 0.018389, valid_icir 0.498875, valid_ric -0.000480, valid_ricir -0.006943, test_loss 0.001387, ic 0.012183, icir 0.346062, ric 0.006931, ricir 0.078517, prec@10 0.572016, prec@30 0.558848 
Epoch 157, train_loss 0.001115, train_ic 0.067233, train_icir 0.727256, train_ric 0.019410, train_ricir 0.182190, valid_loss 0.0009180547 , valid_ic 0.023503, valid_icir 0.636494, valid_ric -0.004683, valid_ricir -0.095751, test_loss 0.001383, ic 0.015550, icir 0.413225, ric 0.005461, ricir 0.090404, prec@10 0.562551, prec@30 0.564060 
Epoch 158, train_loss 0.001106, train_ic 0.057937, train_icir 0.711323, train_ric 0.036852, train_ricir 0.392086, valid_loss 0.0010983600 , valid_ic 0.016531, valid_icir 0.468658, valid_ric 0.013491, valid_ricir 0.223603, test_loss 0.001608, ic 0.007834, icir 0.226875, ric 0.012155, ricir 0.153703, prec@10 0.572428, prec@30 0.554733 
Epoch 159, train_loss 0.001103, train_ic 0.063000, train_icir 0.780050, train_ric 0.029527, train_ricir 0.345007, valid_loss 0.0009061158 , valid_ic 0.015906, valid_icir 0.381273, valid_ric 0.000442, valid_ricir 0.009860, test_loss 0.001417, ic 0.007814, icir 0.189127, ric 0.004042, ricir 0.075792, prec@10 0.595062, prec@30 0.565021 
Epoch 160, train_loss 0.001110, train_ic 0.062157, train_icir 0.722209, train_ric 0.040609, train_ricir 0.439273, valid_loss 0.0009170219 , valid_ic 0.011686, valid_icir 0.266660, valid_ric 0.004124, valid_ricir 0.070009, test_loss 0.001436, ic 0.001898, icir 0.042356, ric 0.005157, ricir 0.060817, prec@10 0.562140, prec@30 0.597257 
Epoch 161, train_loss 0.001126, train_ic 0.061077, train_icir 0.657026, train_ric 0.033769, train_ricir 0.306720, valid_loss 0.0008820793 , valid_ic 0.018911, valid_icir 0.449311, valid_ric 0.005250, valid_ricir 0.071399, test_loss 0.001350, ic 0.015397, icir 0.399236, ric 0.010152, ricir 0.105925, prec@10 0.569959, prec@30 0.548971 
Epoch 162, train_loss 0.001105, train_ic 0.066234, train_icir 0.771552, train_ric 0.033024, train_ricir 0.320014, valid_loss 0.0009047471 , valid_ic 0.015767, valid_icir 0.410353, valid_ric 0.003023, valid_ricir 0.045177, test_loss 0.001385, ic 0.009026, icir 0.252493, ric 0.007538, ricir 0.099737, prec@10 0.579424, prec@30 0.567627 
Epoch 163, train_loss 0.001089, train_ic 0.048906, train_icir 0.507215, train_ric 0.012350, train_ricir 0.108219, valid_loss 0.0008933200 , valid_ic 0.019141, valid_icir 0.434036, valid_ric 0.002820, valid_ricir 0.033447, test_loss 0.001362, ic 0.014764, icir 0.352514, ric 0.003739, ricir 0.035117, prec@10 0.579424, prec@30 0.556379 
Epoch 164, train_loss 0.001104, train_ic 0.067824, train_icir 0.735885, train_ric 0.049406, train_ricir 0.498297, valid_loss 0.0010510708 , valid_ic 0.011236, valid_icir 0.209064, valid_ric 0.008858, valid_ricir 0.120142, test_loss 0.001564, ic 0.001315, icir 0.025923, ric 0.009738, ricir 0.103526, prec@10 0.564198, prec@30 0.557339 
Epoch 165, train_loss 0.001096, train_ic 0.059215, train_icir 0.652980, train_ric 0.022295, train_ricir 0.198677, valid_loss 0.0011133034 , valid_ic 0.019971, valid_icir 0.492681, valid_ric -0.000049, valid_ricir -0.000654, test_loss 0.001557, ic 0.015392, icir 0.412926, ric 0.005019, ricir 0.054515, prec@10 0.593004, prec@30 0.558711 
Epoch 166, train_loss 0.001102, train_ic 0.071010, train_icir 0.765749, train_ric 0.038810, train_ricir 0.372138, valid_loss 0.0009027750 , valid_ic 0.012855, valid_icir 0.276640, valid_ric -0.001193, valid_ricir -0.019574, test_loss 0.001400, ic 0.005389, icir 0.120234, ric 0.006110, ricir 0.078934, prec@10 0.586420, prec@30 0.604801 
Epoch 167, train_loss 0.001124, train_ic 0.067320, train_icir 0.779625, train_ric 0.051510, train_ricir 0.536565, valid_loss 0.0010521109 , valid_ic 0.007146, valid_icir 0.168541, valid_ric 0.008989, valid_ricir 0.144269, test_loss 0.001540, ic -0.000520, icir -0.012499, ric 0.009040, ricir 0.117204, prec@10 0.542387, prec@30 0.538957 
Epoch 168, train_loss 0.001105, train_ic 0.060576, train_icir 0.770953, train_ric 0.041527, train_ricir 0.453407, valid_loss 0.0009055090 , valid_ic 0.021526, valid_icir 0.524564, valid_ric 0.006533, valid_ricir 0.121608, test_loss 0.001420, ic 0.012609, icir 0.292498, ric 0.010903, ricir 0.173087, prec@10 0.582305, prec@30 0.562003 
Epoch 169, train_loss 0.001097, train_ic 0.071117, train_icir 0.730402, train_ric 0.011336, train_ricir 0.097898, valid_loss 0.0008835873 , valid_ic 0.024195, valid_icir 0.540956, valid_ric -0.014102, valid_ricir -0.236803, test_loss 0.001335, ic 0.019850, icir 0.459899, ric -0.000989, ricir -0.014521, prec@10 0.597119, prec@30 0.570782 
Epoch 170, train_loss 0.001115, train_ic 0.071358, train_icir 0.769758, train_ric 0.017006, train_ricir 0.161281, valid_loss 0.0008716600 , valid_ic 0.020780, valid_icir 0.442222, valid_ric -0.013993, valid_ricir -0.236444, test_loss 0.001319, ic 0.014882, icir 0.349634, ric -0.002324, ricir -0.032816, prec@10 0.595473, prec@30 0.570233 
Epoch 171, train_loss 0.001095, train_ic 0.058709, train_icir 0.703002, train_ric 0.029239, train_ricir 0.328093, valid_loss 0.0008854533 , valid_ic 0.010785, valid_icir 0.289617, valid_ric 0.005796, valid_ricir 0.157077, test_loss 0.001364, ic 0.002699, icir 0.085571, ric 0.002267, ricir 0.050653, prec@10 0.589712, prec@30 0.586968 
Epoch 172, train_loss 0.001100, train_ic 0.070323, train_icir 0.746895, train_ric 0.034616, train_ricir 0.346936, valid_loss 0.0008661304 , valid_ic 0.021444, valid_icir 0.490622, valid_ric 0.004143, valid_ricir 0.072250, test_loss 0.001306, ic 0.012088, icir 0.323824, ric 0.006627, ricir 0.088960, prec@10 0.603292, prec@30 0.571468 
Epoch 173, train_loss 0.001103, train_ic 0.077032, train_icir 0.917701, train_ric 0.035103, train_ricir 0.388231, valid_loss 0.0008998911 , valid_ic 0.024447, valid_icir 0.639057, valid_ric 0.002526, valid_ricir 0.054016, test_loss 0.001336, ic 0.015856, icir 0.470688, ric 0.011662, ricir 0.187156, prec@10 0.598354, prec@30 0.562826 
Epoch 174, train_loss 0.001089, train_ic 0.067398, train_icir 0.665068, train_ric 0.021325, train_ricir 0.186210, valid_loss 0.0009120904 , valid_ic 0.016958, valid_icir 0.348765, valid_ric -0.009522, valid_ricir -0.141428, test_loss 0.001367, ic 0.008738, icir 0.174817, ric -0.002131, ricir -0.021720, prec@10 0.597119, prec@30 0.563100 
Epoch 175, train_loss 0.001108, train_ic 0.035264, train_icir 0.369036, train_ric 0.059631, train_ricir 0.532006, valid_loss 0.0009196372 , valid_ic 0.002918, valid_icir 0.053338, valid_ric 0.029641, valid_ricir 0.352745, test_loss 0.001415, ic -0.009987, icir -0.185799, ric 0.013940, ricir 0.143044, prec@10 0.555967, prec@30 0.583676 
Epoch 176, train_loss 0.001098, train_ic 0.065640, train_icir 0.779742, train_ric 0.031568, train_ricir 0.352714, valid_loss 0.0010372269 , valid_ic 0.019009, valid_icir 0.468796, valid_ric 0.002875, valid_ricir 0.070188, test_loss 0.001479, ic 0.010249, icir 0.267193, ric 0.004387, ricir 0.087874, prec@10 0.572840, prec@30 0.554184 
Epoch 177, train_loss 0.001102, train_ic 0.062162, train_icir 0.740247, train_ric 0.021927, train_ricir 0.240448, valid_loss 0.0008793708 , valid_ic 0.021129, valid_icir 0.510390, valid_ric 0.001907, valid_ricir 0.035332, test_loss 0.001342, ic 0.012573, icir 0.336934, ric 0.004689, ricir 0.071651, prec@10 0.576955, prec@30 0.560768 
Epoch 178, train_loss 0.001080, train_ic 0.055439, train_icir 0.684653, train_ric 0.032079, train_ricir 0.349524, valid_loss 0.0012412792 , valid_ic 0.015823, valid_icir 0.412486, valid_ric 0.004601, valid_ricir 0.085892, test_loss 0.001724, ic 0.008278, icir 0.223718, ric 0.008063, ricir 0.132522, prec@10 0.557202, prec@30 0.539369 
Epoch 179, train_loss 0.001111, train_ic 0.053236, train_icir 0.571410, train_ric 0.020254, train_ricir 0.184165, valid_loss 0.0009382435 , valid_ic 0.021382, valid_icir 0.490282, valid_ric 0.007291, valid_ricir 0.090779, test_loss 0.001356, ic 0.016642, icir 0.403297, ric 0.007743, ricir 0.073696, prec@10 0.588066, prec@30 0.569959 
Epoch 180, train_loss 0.001096, train_ic 0.057665, train_icir 0.599260, train_ric 0.022065, train_ricir 0.195737, valid_loss 0.0008865293 , valid_ic 0.026452, valid_icir 0.574099, valid_ric 0.005386, valid_ricir 0.066213, test_loss 0.001311, ic 0.022285, icir 0.473613, ric 0.014206, ricir 0.127415, prec@10 0.588889, prec@30 0.564060 
Epoch 181, train_loss 0.001097, train_ic 0.069146, train_icir 0.817831, train_ric 0.045012, train_ricir 0.487912, valid_loss 0.0008619123 , valid_ic 0.021164, valid_icir 0.600166, valid_ric 0.012359, valid_ricir 0.260255, test_loss 0.001289, ic 0.013618, icir 0.425960, ric 0.013178, ricir 0.264240, prec@10 0.576132, prec@30 0.551029 
Epoch 182, train_loss 0.001091, train_ic 0.063544, train_icir 0.704369, train_ric 0.026035, train_ricir 0.242408, valid_loss 0.0009340134 , valid_ic 0.025895, valid_icir 0.710934, valid_ric 0.007599, valid_ricir 0.112071, test_loss 0.001343, ic 0.022053, icir 0.584074, ric 0.018055, ricir 0.198397, prec@10 0.555556, prec@30 0.554870 
Epoch 183, train_loss 0.001092, train_ic 0.067798, train_icir 0.813990, train_ric 0.042281, train_ricir 0.442044, valid_loss 0.0008710089 , valid_ic 0.024171, valid_icir 0.683642, valid_ric 0.011620, valid_ricir 0.241914, test_loss 0.001309, ic 0.014073, icir 0.366221, ric 0.016920, ricir 0.291943, prec@10 0.573251, prec@30 0.559945 
Epoch 184, train_loss 0.001091, train_ic 0.047409, train_icir 0.532969, train_ric 0.044056, train_ricir 0.445595, valid_loss 0.0009055178 , valid_ic 0.012164, valid_icir 0.281069, valid_ric 0.014696, valid_ricir 0.221754, test_loss 0.001370, ic 0.003240, icir 0.069550, ric 0.008125, ricir 0.099320, prec@10 0.576955, prec@30 0.544993 
Epoch 185, train_loss 0.001101, train_ic 0.041949, train_icir 0.529216, train_ric 0.045913, train_ricir 0.513521, valid_loss 0.0009554917 , valid_ic 0.010186, valid_icir 0.232619, valid_ric 0.019019, valid_ricir 0.285165, test_loss 0.001408, ic -0.000424, icir -0.010431, ric 0.009549, ricir 0.121257, prec@10 0.558436, prec@30 0.548285 
Epoch 186, train_loss 0.001100, train_ic 0.061274, train_icir 0.730527, train_ric 0.034125, train_ricir 0.375549, valid_loss 0.0008595295 , valid_ic 0.016075, valid_icir 0.386994, valid_ric 0.002869, valid_ricir 0.058026, test_loss 0.001306, ic 0.006810, icir 0.155923, ric 0.003750, ricir 0.055367, prec@10 0.589300, prec@30 0.563512 
Epoch 187, train_loss 0.001104, train_ic 0.060312, train_icir 0.793724, train_ric 0.047169, train_ricir 0.567641, valid_loss 0.0008590287 , valid_ic 0.014587, valid_icir 0.438682, valid_ric 0.015399, valid_ricir 0.339960, test_loss 0.001290, ic 0.005231, icir 0.155548, ric 0.012441, ricir 0.242461, prec@10 0.573251, prec@30 0.551440 
Epoch 188, train_loss 0.001070, train_ic 0.060762, train_icir 0.613573, train_ric 0.031036, train_ricir 0.287595, valid_loss 0.0009676217 , valid_ic 0.012213, valid_icir 0.204298, valid_ric 0.001991, valid_ricir 0.026547, test_loss 0.001417, ic 0.002744, icir 0.048882, ric 0.002074, ricir 0.021281, prec@10 0.628807, prec@30 0.606173 
Epoch 189, train_loss 0.001099, train_ic 0.078775, train_icir 0.958338, train_ric 0.047541, train_ricir 0.536910, valid_loss 0.0009786767 , valid_ic 0.025519, valid_icir 0.686805, valid_ric 0.010931, valid_ricir 0.239992, test_loss 0.001401, ic 0.017402, icir 0.570119, ric 0.017288, ricir 0.339689, prec@10 0.595062, prec@30 0.566804 
Epoch 190, train_loss 0.001087, train_ic 0.068490, train_icir 0.816700, train_ric 0.041892, train_ricir 0.446329, valid_loss 0.0010237711 , valid_ic 0.017463, valid_icir 0.455207, valid_ric 0.002542, valid_ricir 0.047356, test_loss 0.001454, ic 0.008854, icir 0.249635, ric 0.008559, ricir 0.130075, prec@10 0.555556, prec@30 0.552263 
Epoch 191, train_loss 0.001082, train_ic 0.062715, train_icir 0.663597, train_ric 0.030305, train_ricir 0.296344, valid_loss 0.0011370980 , valid_ic 0.015559, valid_icir 0.333369, valid_ric 0.005973, valid_ricir 0.108761, test_loss 0.001599, ic 0.004818, icir 0.106957, ric 0.008970, ricir 0.132396, prec@10 0.608230, prec@30 0.607545 
Epoch 192, train_loss 0.001095, train_ic 0.069551, train_icir 0.783531, train_ric 0.023178, train_ricir 0.243831, valid_loss 0.0008697494 , valid_ic 0.025398, valid_icir 0.552437, valid_ric -0.004425, valid_ricir -0.103540, test_loss 0.001296, ic 0.021041, icir 0.513237, ric 0.003343, ricir 0.059486, prec@10 0.601235, prec@30 0.568999 
Epoch 193, train_loss 0.001081, train_ic 0.072205, train_icir 0.696540, train_ric 0.034322, train_ricir 0.288552, valid_loss 0.0012113700 , valid_ic 0.022662, valid_icir 0.381051, valid_ric -0.004305, valid_ricir -0.054074, test_loss 0.001709, ic 0.011287, icir 0.182614, ric 0.003645, ricir 0.033188, prec@10 0.588066, prec@30 0.570919 
Epoch 194, train_loss 0.001086, train_ic 0.073706, train_icir 0.850313, train_ric 0.035765, train_ricir 0.362891, valid_loss 0.0009182830 , valid_ic 0.030984, valid_icir 0.770692, valid_ric 0.007990, valid_ricir 0.162172, test_loss 0.001333, ic 0.022078, icir 0.581955, ric 0.013875, ricir 0.218972, prec@10 0.571193, prec@30 0.565432 
Epoch 195, train_loss 0.001081, train_ic 0.049165, train_icir 0.584166, train_ric 0.047226, train_ricir 0.533523, valid_loss 0.0008806458 , valid_ic 0.011748, valid_icir 0.262140, valid_ric 0.015832, valid_ricir 0.263868, test_loss 0.001319, ic 0.001122, icir 0.021869, ric 0.009672, ricir 0.124615, prec@10 0.562551, prec@30 0.536763 
Epoch 196, train_loss 0.001090, train_ic 0.070601, train_icir 0.803119, train_ric 0.032787, train_ricir 0.338680, valid_loss 0.0008990246 , valid_ic 0.021762, valid_icir 0.479797, valid_ric 0.001949, valid_ricir 0.037414, test_loss 0.001323, ic 0.012442, icir 0.306025, ric 0.008522, ricir 0.129961, prec@10 0.578601, prec@30 0.557476 
Epoch 197, train_loss 0.001055, train_ic 0.075009, train_icir 0.886402, train_ric 0.034504, train_ricir 0.385630, valid_loss 0.0008860822 , valid_ic 0.019433, valid_icir 0.441177, valid_ric 0.000938, valid_ricir 0.023209, test_loss 0.001353, ic 0.008461, icir 0.232534, ric 0.004663, ricir 0.105600, prec@10 0.586831, prec@30 0.570782 
Epoch 198, train_loss 0.001089, train_ic 0.071206, train_icir 0.875188, train_ric 0.046256, train_ricir 0.542960, valid_loss 0.0009661683 , valid_ic 0.020342, valid_icir 0.527768, valid_ric 0.014784, valid_ricir 0.316772, test_loss 0.001375, ic 0.010562, icir 0.335208, ric 0.011339, ricir 0.222864, prec@10 0.590123, prec@30 0.560905 
Epoch 199, train_loss 0.001079, train_ic 0.065205, train_icir 0.783482, train_ric 0.040076, train_ricir 0.430187, valid_loss 0.0009139054 , valid_ic 0.016467, valid_icir 0.418213, valid_ric 0.007297, valid_ricir 0.149198, test_loss 0.001345, ic 0.007399, icir 0.212263, ric 0.007219, ricir 0.142720, prec@10 0.577778, prec@30 0.554595 
Epoch 200, train_loss 0.001081, train_ic 0.062824, train_icir 0.763606, train_ric 0.036775, train_ricir 0.393473, valid_loss 0.0008644848 , valid_ic 0.020937, valid_icir 0.667065, valid_ric 0.009557, valid_ricir 0.215381, test_loss 0.001268, ic 0.012342, icir 0.406652, ric 0.014769, ricir 0.287803, prec@10 0.553909, prec@30 0.563374 
Best valid loss: 0
Best valid loss epoch: 187
Model saved to:  ../saved_models/LSTM/LSTM-CSI-2026-04-06-12-20-37
------- Test -----
{'IC': np.float64(0.012342362445020546), 'ICIR': np.float64(0.4066517226204332), 'RIC': np.float64(0.01476937954340605), 'RICIR': np.float64(0.28780311077006904), 'Prec@10': np.float64(0.553909465020576), 'Prec@30': np.float64(0.5633744855967078), 'MAE': np.float32(0.019191077), 'MAPE': np.float32(141.92012), 'RMSE': np.float32(0.034111924), 'ACC': np.float64(0.6437454279444038)}
