Dataset:  NASDAQ
Radom seed: 1234
GPU: 7
Learning rate: 1e-05
Loss: MaskedMSELoss

---------- Marketformer ----------
{
    "epochs": 200,
    "lookback_length": 16,
    "steps": 1,
    "lr": 0.0001,
    "clip_grad": 3.0,
    "data_args": {
        "dataset": "NASDAQ",
        "batch_size": 1,
        "shuffle_train": true,
        "n_jobs": 20
    },
    "early_stop": 30,
    "runner": "basic2",
    "loss": "mse",
    "model_args": {
        "d_feat": 5,
        "seq_len": 16,
        "pred_len": 1,
        "n_node": 1026,
        "d_emb": 8,
        "d_model": 64,
        "dff": 256,
        "nheads": 2,
        "num_layers": 2,
        "alpha": 1,
        "dropout": 0.1
    }
}
